running develop
running egg_info
creating src/yolo_detector.egg-info
writing src/yolo_detector.egg-info/PKG-INFO
writing dependency_links to src/yolo_detector.egg-info/dependency_links.txt
writing entry points to src/yolo_detector.egg-info/entry_points.txt
writing requirements to src/yolo_detector.egg-info/requires.txt
writing top-level names to src/yolo_detector.egg-info/top_level.txt
writing manifest file 'src/yolo_detector.egg-info/SOURCES.txt'
reading manifest file 'src/yolo_detector.egg-info/SOURCES.txt'
writing manifest file 'src/yolo_detector.egg-info/SOURCES.txt'
running build_ext
Creating /home/isarlab/ros2_humble/install/yolo_detector/lib/python3.10/site-packages/yolo-detector.egg-link (link to src)
Installing yolo_detector script to /home/isarlab/ros2_humble/install/yolo_detector/lib/yolo_detector

Installed /home/isarlab/ros2_humble/build/yolo_detector/src
running symlink_data
creating /home/isarlab/ros2_humble/install/yolo_detector/share/ament_index
creating /home/isarlab/ros2_humble/install/yolo_detector/share/ament_index/resource_index
creating /home/isarlab/ros2_humble/install/yolo_detector/share/ament_index/resource_index/packages
symbolically linking /home/isarlab/ros2_humble/build/yolo_detector/resource/yolo_detector -> /home/isarlab/ros2_humble/install/yolo_detector/share/ament_index/resource_index/packages
symbolically linking /home/isarlab/ros2_humble/build/yolo_detector/package.xml -> /home/isarlab/ros2_humble/install/yolo_detector/share/yolo_detector
creating /home/isarlab/ros2_humble/install/yolo_detector/share/yolo_detector/models
symbolically linking /home/isarlab/ros2_humble/build/yolo_detector/yolov8n.pt -> /home/isarlab/ros2_humble/install/yolo_detector/share/yolo_detector/models
creating /home/isarlab/ros2_humble/install/yolo_detector/share/yolo_detector/launch
symbolically linking /home/isarlab/ros2_humble/build/yolo_detector/launch/yolo_detector.launch.py -> /home/isarlab/ros2_humble/install/yolo_detector/share/yolo_detector/launch
