[2.455s] Invoking command in '/home/isarlab/ros2_humble/build/yolo_detector': PYTHONPATH=/home/isarlab/ros2_humble/build/yolo_detector/prefix_override:/usr/lib/python3/dist-packages/colcon_core/task/python/colcon_distutils_commands:/home/isarlab/ros2_humble/install/yolo_detector/lib/python3.10/site-packages:${PYTHONPATH} /usr/bin/python3 -W ignore:setup.py install is deprecated -W ignore:easy_install command is deprecated setup.py develop --editable --build-directory /home/isarlab/ros2_humble/build/yolo_detector/build --no-deps symlink_data
[2.864s] running develop
[3.084s] running egg_info
[3.084s] creating src/yolo_detector.egg-info
[3.084s] writing src/yolo_detector.egg-info/PKG-INFO
[3.085s] writing dependency_links to src/yolo_detector.egg-info/dependency_links.txt
[3.085s] writing entry points to src/yolo_detector.egg-info/entry_points.txt
[3.085s] writing requirements to src/yolo_detector.egg-info/requires.txt
[3.085s] writing top-level names to src/yolo_detector.egg-info/top_level.txt
[3.085s] writing manifest file 'src/yolo_detector.egg-info/SOURCES.txt'
[3.088s] reading manifest file 'src/yolo_detector.egg-info/SOURCES.txt'
[3.088s] writing manifest file 'src/yolo_detector.egg-info/SOURCES.txt'
[3.091s] running build_ext
[3.091s] Creating /home/isarlab/ros2_humble/install/yolo_detector/lib/python3.10/site-packages/yolo-detector.egg-link (link to src)
[3.092s] Installing yolo_detector script to /home/isarlab/ros2_humble/install/yolo_detector/lib/yolo_detector
[3.093s] 
[3.093s] Installed /home/isarlab/ros2_humble/build/yolo_detector/src
[3.093s] running symlink_data
[3.093s] creating /home/isarlab/ros2_humble/install/yolo_detector/share/ament_index
[3.094s] creating /home/isarlab/ros2_humble/install/yolo_detector/share/ament_index/resource_index
[3.094s] creating /home/isarlab/ros2_humble/install/yolo_detector/share/ament_index/resource_index/packages
[3.094s] symbolically linking /home/isarlab/ros2_humble/build/yolo_detector/resource/yolo_detector -> /home/isarlab/ros2_humble/install/yolo_detector/share/ament_index/resource_index/packages
[3.095s] symbolically linking /home/isarlab/ros2_humble/build/yolo_detector/package.xml -> /home/isarlab/ros2_humble/install/yolo_detector/share/yolo_detector
[3.095s] creating /home/isarlab/ros2_humble/install/yolo_detector/share/yolo_detector/models
[3.095s] symbolically linking /home/isarlab/ros2_humble/build/yolo_detector/yolov8n.pt -> /home/isarlab/ros2_humble/install/yolo_detector/share/yolo_detector/models
[3.095s] creating /home/isarlab/ros2_humble/install/yolo_detector/share/yolo_detector/launch
[3.096s] symbolically linking /home/isarlab/ros2_humble/build/yolo_detector/launch/yolo_detector.launch.py -> /home/isarlab/ros2_humble/install/yolo_detector/share/yolo_detector/launch
[3.175s] Invoked command in '/home/isarlab/ros2_humble/build/yolo_detector' returned '0': PYTHONPATH=/home/isarlab/ros2_humble/build/yolo_detector/prefix_override:/usr/lib/python3/dist-packages/colcon_core/task/python/colcon_distutils_commands:/home/isarlab/ros2_humble/install/yolo_detector/lib/python3.10/site-packages:${PYTHONPATH} /usr/bin/python3 -W ignore:setup.py install is deprecated -W ignore:easy_install command is deprecated setup.py develop --editable --build-directory /home/isarlab/ros2_humble/build/yolo_detector/build --no-deps symlink_data
