running develop
running egg_info
creating src/depth_yolo_fusion.egg-info
writing src/depth_yolo_fusion.egg-info/PKG-INFO
writing dependency_links to src/depth_yolo_fusion.egg-info/dependency_links.txt
writing entry points to src/depth_yolo_fusion.egg-info/entry_points.txt
writing requirements to src/depth_yolo_fusion.egg-info/requires.txt
writing top-level names to src/depth_yolo_fusion.egg-info/top_level.txt
writing manifest file 'src/depth_yolo_fusion.egg-info/SOURCES.txt'
reading manifest file 'src/depth_yolo_fusion.egg-info/SOURCES.txt'
writing manifest file 'src/depth_yolo_fusion.egg-info/SOURCES.txt'
running build_ext
Creating /home/isarlab/ros2_humble/install/depth_yolo_fusion/lib/python3.10/site-packages/depth-yolo-fusion.egg-link (link to src)
Installing depth_yolo_fusion script to /home/isarlab/ros2_humble/install/depth_yolo_fusion/lib/depth_yolo_fusion

Installed /home/isarlab/ros2_humble/build/depth_yolo_fusion/src
running symlink_data
creating /home/isarlab/ros2_humble/install/depth_yolo_fusion/share/ament_index
creating /home/isarlab/ros2_humble/install/depth_yolo_fusion/share/ament_index/resource_index
creating /home/isarlab/ros2_humble/install/depth_yolo_fusion/share/ament_index/resource_index/packages
symbolically linking /home/isarlab/ros2_humble/build/depth_yolo_fusion/resource/depth_yolo_fusion -> /home/isarlab/ros2_humble/install/depth_yolo_fusion/share/ament_index/resource_index/packages
symbolically linking /home/isarlab/ros2_humble/build/depth_yolo_fusion/package.xml -> /home/isarlab/ros2_humble/install/depth_yolo_fusion/share/depth_yolo_fusion
creating /home/isarlab/ros2_humble/install/depth_yolo_fusion/share/depth_yolo_fusion/config
symbolically linking /home/isarlab/ros2_humble/build/depth_yolo_fusion/config/depth_yolo_fusion.yaml -> /home/isarlab/ros2_humble/install/depth_yolo_fusion/share/depth_yolo_fusion/config
creating /home/isarlab/ros2_humble/install/depth_yolo_fusion/share/depth_yolo_fusion/launch
symbolically linking /home/isarlab/ros2_humble/build/depth_yolo_fusion/launch/depth_yolo_fusion.launch.py -> /home/isarlab/ros2_humble/install/depth_yolo_fusion/share/depth_yolo_fusion/launch
