[2.449s] Invoking command in '/home/isarlab/ros2_humble/build/depth_yolo_fusion': PYTHONPATH=/home/isarlab/ros2_humble/build/depth_yolo_fusion/prefix_override:/usr/lib/python3/dist-packages/colcon_core/task/python/colcon_distutils_commands:/home/isarlab/ros2_humble/install/depth_yolo_fusion/lib/python3.10/site-packages:${PYTHONPATH} /usr/bin/python3 -W ignore:setup.py install is deprecated -W ignore:easy_install command is deprecated setup.py develop --editable --build-directory /home/isarlab/ros2_humble/build/depth_yolo_fusion/build --no-deps symlink_data
[2.830s] running develop
[3.057s] running egg_info
[3.057s] creating src/depth_yolo_fusion.egg-info
[3.057s] writing src/depth_yolo_fusion.egg-info/PKG-INFO
[3.058s] writing dependency_links to src/depth_yolo_fusion.egg-info/dependency_links.txt
[3.058s] writing entry points to src/depth_yolo_fusion.egg-info/entry_points.txt
[3.058s] writing requirements to src/depth_yolo_fusion.egg-info/requires.txt
[3.058s] writing top-level names to src/depth_yolo_fusion.egg-info/top_level.txt
[3.059s] writing manifest file 'src/depth_yolo_fusion.egg-info/SOURCES.txt'
[3.063s] reading manifest file 'src/depth_yolo_fusion.egg-info/SOURCES.txt'
[3.063s] writing manifest file 'src/depth_yolo_fusion.egg-info/SOURCES.txt'
[3.066s] running build_ext
[3.067s] Creating /home/isarlab/ros2_humble/install/depth_yolo_fusion/lib/python3.10/site-packages/depth-yolo-fusion.egg-link (link to src)
[3.067s] Installing depth_yolo_fusion script to /home/isarlab/ros2_humble/install/depth_yolo_fusion/lib/depth_yolo_fusion
[3.068s] 
[3.068s] Installed /home/isarlab/ros2_humble/build/depth_yolo_fusion/src
[3.068s] running symlink_data
[3.069s] creating /home/isarlab/ros2_humble/install/depth_yolo_fusion/share/ament_index
[3.069s] creating /home/isarlab/ros2_humble/install/depth_yolo_fusion/share/ament_index/resource_index
[3.069s] creating /home/isarlab/ros2_humble/install/depth_yolo_fusion/share/ament_index/resource_index/packages
[3.070s] symbolically linking /home/isarlab/ros2_humble/build/depth_yolo_fusion/resource/depth_yolo_fusion -> /home/isarlab/ros2_humble/install/depth_yolo_fusion/share/ament_index/resource_index/packages
[3.070s] symbolically linking /home/isarlab/ros2_humble/build/depth_yolo_fusion/package.xml -> /home/isarlab/ros2_humble/install/depth_yolo_fusion/share/depth_yolo_fusion
[3.070s] creating /home/isarlab/ros2_humble/install/depth_yolo_fusion/share/depth_yolo_fusion/config
[3.071s] symbolically linking /home/isarlab/ros2_humble/build/depth_yolo_fusion/config/depth_yolo_fusion.yaml -> /home/isarlab/ros2_humble/install/depth_yolo_fusion/share/depth_yolo_fusion/config
[3.071s] creating /home/isarlab/ros2_humble/install/depth_yolo_fusion/share/depth_yolo_fusion/launch
[3.072s] symbolically linking /home/isarlab/ros2_humble/build/depth_yolo_fusion/launch/depth_yolo_fusion.launch.py -> /home/isarlab/ros2_humble/install/depth_yolo_fusion/share/depth_yolo_fusion/launch
[3.128s] Invoked command in '/home/isarlab/ros2_humble/build/depth_yolo_fusion' returned '0': PYTHONPATH=/home/isarlab/ros2_humble/build/depth_yolo_fusion/prefix_override:/usr/lib/python3/dist-packages/colcon_core/task/python/colcon_distutils_commands:/home/isarlab/ros2_humble/install/depth_yolo_fusion/lib/python3.10/site-packages:${PYTHONPATH} /usr/bin/python3 -W ignore:setup.py install is deprecated -W ignore:easy_install command is deprecated setup.py develop --editable --build-directory /home/isarlab/ros2_humble/build/depth_yolo_fusion/build --no-deps symlink_data
