running develop
running egg_info
creating unicycle_kf_tracker.egg-info
writing unicycle_kf_tracker.egg-info/PKG-INFO
writing dependency_links to unicycle_kf_tracker.egg-info/dependency_links.txt
writing entry points to unicycle_kf_tracker.egg-info/entry_points.txt
writing requirements to unicycle_kf_tracker.egg-info/requires.txt
writing top-level names to unicycle_kf_tracker.egg-info/top_level.txt
writing manifest file 'unicycle_kf_tracker.egg-info/SOURCES.txt'
reading manifest file 'unicycle_kf_tracker.egg-info/SOURCES.txt'
writing manifest file 'unicycle_kf_tracker.egg-info/SOURCES.txt'
running build_ext
Creating /home/isarlab/ros2_humble/install/unicycle_kf_tracker/lib/python3.10/site-packages/unicycle-kf-tracker.egg-link (link to .)
Installing unicycle_kf_tracker script to /home/isarlab/ros2_humble/install/unicycle_kf_tracker/lib/unicycle_kf_tracker

Installed /home/isarlab/ros2_humble/build/unicycle_kf_tracker
running symlink_data
creating /home/isarlab/ros2_humble/install/unicycle_kf_tracker/share/ament_index
creating /home/isarlab/ros2_humble/install/unicycle_kf_tracker/share/ament_index/resource_index
creating /home/isarlab/ros2_humble/install/unicycle_kf_tracker/share/ament_index/resource_index/packages
symbolically linking /home/isarlab/ros2_humble/build/unicycle_kf_tracker/resource/unicycle_kf_tracker -> /home/isarlab/ros2_humble/install/unicycle_kf_tracker/share/ament_index/resource_index/packages
symbolically linking /home/isarlab/ros2_humble/build/unicycle_kf_tracker/package.xml -> /home/isarlab/ros2_humble/install/unicycle_kf_tracker/share/unicycle_kf_tracker
creating /home/isarlab/ros2_humble/install/unicycle_kf_tracker/share/unicycle_kf_tracker/launch
symbolically linking /home/isarlab/ros2_humble/build/unicycle_kf_tracker/launch/unicycle_kf_tracker.launch.py -> /home/isarlab/ros2_humble/install/unicycle_kf_tracker/share/unicycle_kf_tracker/launch
creating /home/isarlab/ros2_humble/install/unicycle_kf_tracker/share/unicycle_kf_tracker/config
symbolically linking /home/isarlab/ros2_humble/build/unicycle_kf_tracker/config/unicycle_kf_tracker.yaml -> /home/isarlab/ros2_humble/install/unicycle_kf_tracker/share/unicycle_kf_tracker/config
