[2.451s] Invoking command in '/home/isarlab/ros2_humble/build/unicycle_kf_tracker': PYTHONPATH=/home/isarlab/ros2_humble/build/unicycle_kf_tracker/prefix_override:/usr/lib/python3/dist-packages/colcon_core/task/python/colcon_distutils_commands:/home/isarlab/ros2_humble/install/unicycle_kf_tracker/lib/python3.10/site-packages:${PYTHONPATH} /usr/bin/python3 -W ignore:setup.py install is deprecated -W ignore:easy_install command is deprecated setup.py develop --editable --build-directory /home/isarlab/ros2_humble/build/unicycle_kf_tracker/build --no-deps symlink_data
[2.852s] running develop
[3.071s] running egg_info
[3.071s] creating unicycle_kf_tracker.egg-info
[3.071s] writing unicycle_kf_tracker.egg-info/PKG-INFO
[3.072s] writing dependency_links to unicycle_kf_tracker.egg-info/dependency_links.txt
[3.072s] writing entry points to unicycle_kf_tracker.egg-info/entry_points.txt
[3.072s] writing requirements to unicycle_kf_tracker.egg-info/requires.txt
[3.072s] writing top-level names to unicycle_kf_tracker.egg-info/top_level.txt
[3.073s] writing manifest file 'unicycle_kf_tracker.egg-info/SOURCES.txt'
[3.074s] reading manifest file 'unicycle_kf_tracker.egg-info/SOURCES.txt'
[3.075s] writing manifest file 'unicycle_kf_tracker.egg-info/SOURCES.txt'
[3.078s] running build_ext
[3.079s] Creating /home/isarlab/ros2_humble/install/unicycle_kf_tracker/lib/python3.10/site-packages/unicycle-kf-tracker.egg-link (link to .)
[3.080s] Installing unicycle_kf_tracker script to /home/isarlab/ros2_humble/install/unicycle_kf_tracker/lib/unicycle_kf_tracker
[3.081s] 
[3.081s] Installed /home/isarlab/ros2_humble/build/unicycle_kf_tracker
[3.082s] running symlink_data
[3.082s] creating /home/isarlab/ros2_humble/install/unicycle_kf_tracker/share/ament_index
[3.082s] creating /home/isarlab/ros2_humble/install/unicycle_kf_tracker/share/ament_index/resource_index
[3.083s] creating /home/isarlab/ros2_humble/install/unicycle_kf_tracker/share/ament_index/resource_index/packages
[3.083s] symbolically linking /home/isarlab/ros2_humble/build/unicycle_kf_tracker/resource/unicycle_kf_tracker -> /home/isarlab/ros2_humble/install/unicycle_kf_tracker/share/ament_index/resource_index/packages
[3.084s] symbolically linking /home/isarlab/ros2_humble/build/unicycle_kf_tracker/package.xml -> /home/isarlab/ros2_humble/install/unicycle_kf_tracker/share/unicycle_kf_tracker
[3.084s] creating /home/isarlab/ros2_humble/install/unicycle_kf_tracker/share/unicycle_kf_tracker/launch
[3.085s] symbolically linking /home/isarlab/ros2_humble/build/unicycle_kf_tracker/launch/unicycle_kf_tracker.launch.py -> /home/isarlab/ros2_humble/install/unicycle_kf_tracker/share/unicycle_kf_tracker/launch
[3.085s] creating /home/isarlab/ros2_humble/install/unicycle_kf_tracker/share/unicycle_kf_tracker/config
[3.086s] symbolically linking /home/isarlab/ros2_humble/build/unicycle_kf_tracker/config/unicycle_kf_tracker.yaml -> /home/isarlab/ros2_humble/install/unicycle_kf_tracker/share/unicycle_kf_tracker/config
[3.151s] Invoked command in '/home/isarlab/ros2_humble/build/unicycle_kf_tracker' returned '0': PYTHONPATH=/home/isarlab/ros2_humble/build/unicycle_kf_tracker/prefix_override:/usr/lib/python3/dist-packages/colcon_core/task/python/colcon_distutils_commands:/home/isarlab/ros2_humble/install/unicycle_kf_tracker/lib/python3.10/site-packages:${PYTHONPATH} /usr/bin/python3 -W ignore:setup.py install is deprecated -W ignore:easy_install command is deprecated setup.py develop --editable --build-directory /home/isarlab/ros2_humble/build/unicycle_kf_tracker/build --no-deps symlink_data
