/home/isarlab/ros2_humble/src/ros2_unreal_interface/install/ros2_unreal_interface/lib/python3.10/site-packages/src/__init__.py
/home/isarlab/ros2_humble/src/ros2_unreal_interface/install/ros2_unreal_interface/lib/python3.10/site-packages/src/yolo_detector.py
/home/isarlab/ros2_humble/src/ros2_unreal_interface/install/ros2_unreal_interface/lib/python3.10/site-packages/src/environment.py
/home/isarlab/ros2_humble/src/ros2_unreal_interface/install/ros2_unreal_interface/lib/python3.10/site-packages/src/sensors/GPS.py
/home/isarlab/ros2_humble/src/ros2_unreal_interface/install/ros2_unreal_interface/lib/python3.10/site-packages/src/sensors/Laser.py
/home/isarlab/ros2_humble/src/ros2_unreal_interface/install/ros2_unreal_interface/lib/python3.10/site-packages/src/sensors/__init__.py
/home/isarlab/ros2_humble/src/ros2_unreal_interface/install/ros2_unreal_interface/lib/python3.10/site-packages/src/sensors/sensor.py
/home/isarlab/ros2_humble/src/ros2_unreal_interface/install/ros2_unreal_interface/lib/python3.10/site-packages/src/sensors/SegmentationCamera.py
/home/isarlab/ros2_humble/src/ros2_unreal_interface/install/ros2_unreal_interface/lib/python3.10/site-packages/src/sensors/Lidar.py
/home/isarlab/ros2_humble/src/ros2_unreal_interface/install/ros2_unreal_interface/lib/python3.10/site-packages/src/sensors/RGBCamera.py
/home/isarlab/ros2_humble/src/ros2_unreal_interface/install/ros2_unreal_interface/lib/python3.10/site-packages/src/sensors/DepthCamera.py
/home/isarlab/ros2_humble/src/ros2_unreal_interface/install/ros2_unreal_interface/lib/python3.10/site-packages/src/__pycache__/__init__.cpython-310.pyc
/home/isarlab/ros2_humble/src/ros2_unreal_interface/install/ros2_unreal_interface/lib/python3.10/site-packages/src/__pycache__/yolo_detector.cpython-310.pyc
/home/isarlab/ros2_humble/src/ros2_unreal_interface/install/ros2_unreal_interface/lib/python3.10/site-packages/src/__pycache__/environment.cpython-310.pyc
/home/isarlab/ros2_humble/src/ros2_unreal_interface/install/ros2_unreal_interface/lib/python3.10/site-packages/src/sensors/__pycache__/GPS.cpython-310.pyc
/home/isarlab/ros2_humble/src/ros2_unreal_interface/install/ros2_unreal_interface/lib/python3.10/site-packages/src/sensors/__pycache__/Laser.cpython-310.pyc
/home/isarlab/ros2_humble/src/ros2_unreal_interface/install/ros2_unreal_interface/lib/python3.10/site-packages/src/sensors/__pycache__/__init__.cpython-310.pyc
/home/isarlab/ros2_humble/src/ros2_unreal_interface/install/ros2_unreal_interface/lib/python3.10/site-packages/src/sensors/__pycache__/sensor.cpython-310.pyc
/home/isarlab/ros2_humble/src/ros2_unreal_interface/install/ros2_unreal_interface/lib/python3.10/site-packages/src/sensors/__pycache__/SegmentationCamera.cpython-310.pyc
/home/isarlab/ros2_humble/src/ros2_unreal_interface/install/ros2_unreal_interface/lib/python3.10/site-packages/src/sensors/__pycache__/Lidar.cpython-310.pyc
/home/isarlab/ros2_humble/src/ros2_unreal_interface/install/ros2_unreal_interface/lib/python3.10/site-packages/src/sensors/__pycache__/RGBCamera.cpython-310.pyc
/home/isarlab/ros2_humble/src/ros2_unreal_interface/install/ros2_unreal_interface/lib/python3.10/site-packages/src/sensors/__pycache__/DepthCamera.cpython-310.pyc
/home/isarlab/ros2_humble/src/ros2_unreal_interface/install/ros2_unreal_interface/share/ament_index/resource_index/packages/ros2_unreal_interface
/home/isarlab/ros2_humble/src/ros2_unreal_interface/install/ros2_unreal_interface/share/ros2_unreal_interface/package.xml
/home/isarlab/ros2_humble/src/ros2_unreal_interface/install/ros2_unreal_interface/lib/python3.10/site-packages/ros2_unreal_interface-0.0.0-py3.10.egg-info/top_level.txt
/home/isarlab/ros2_humble/src/ros2_unreal_interface/install/ros2_unreal_interface/lib/python3.10/site-packages/ros2_unreal_interface-0.0.0-py3.10.egg-info/zip-safe
/home/isarlab/ros2_humble/src/ros2_unreal_interface/install/ros2_unreal_interface/lib/python3.10/site-packages/ros2_unreal_interface-0.0.0-py3.10.egg-info/entry_points.txt
/home/isarlab/ros2_humble/src/ros2_unreal_interface/install/ros2_unreal_interface/lib/python3.10/site-packages/ros2_unreal_interface-0.0.0-py3.10.egg-info/PKG-INFO
/home/isarlab/ros2_humble/src/ros2_unreal_interface/install/ros2_unreal_interface/lib/python3.10/site-packages/ros2_unreal_interface-0.0.0-py3.10.egg-info/SOURCES.txt
/home/isarlab/ros2_humble/src/ros2_unreal_interface/install/ros2_unreal_interface/lib/python3.10/site-packages/ros2_unreal_interface-0.0.0-py3.10.egg-info/requires.txt
/home/isarlab/ros2_humble/src/ros2_unreal_interface/install/ros2_unreal_interface/lib/python3.10/site-packages/ros2_unreal_interface-0.0.0-py3.10.egg-info/dependency_links.txt
/home/isarlab/ros2_humble/src/ros2_unreal_interface/install/ros2_unreal_interface/lib/ros2_unreal_interface/environment
