running develop
running egg_info
creating ros2_unreal_interface.egg-info
writing ros2_unreal_interface.egg-info/PKG-INFO
writing dependency_links to ros2_unreal_interface.egg-info/dependency_links.txt
writing entry points to ros2_unreal_interface.egg-info/entry_points.txt
writing requirements to ros2_unreal_interface.egg-info/requires.txt
writing top-level names to ros2_unreal_interface.egg-info/top_level.txt
writing manifest file 'ros2_unreal_interface.egg-info/SOURCES.txt'
reading manifest file 'ros2_unreal_interface.egg-info/SOURCES.txt'
writing manifest file 'ros2_unreal_interface.egg-info/SOURCES.txt'
running build_ext
Creating /home/isarlab/ros2_humble/install/ros2_unreal_interface/lib/python3.10/site-packages/ros2-unreal-interface.egg-link (link to .)
Installing environment script to /home/isarlab/ros2_humble/install/ros2_unreal_interface/lib/ros2_unreal_interface

Installed /home/isarlab/ros2_humble/build/ros2_unreal_interface
running symlink_data
creating /home/isarlab/ros2_humble/install/ros2_unreal_interface/share
creating /home/isarlab/ros2_humble/install/ros2_unreal_interface/share/ament_index
creating /home/isarlab/ros2_humble/install/ros2_unreal_interface/share/ament_index/resource_index
creating /home/isarlab/ros2_humble/install/ros2_unreal_interface/share/ament_index/resource_index/packages
symbolically linking /home/isarlab/ros2_humble/build/ros2_unreal_interface/resource/ros2_unreal_interface -> /home/isarlab/ros2_humble/install/ros2_unreal_interface/share/ament_index/resource_index/packages
creating /home/isarlab/ros2_humble/install/ros2_unreal_interface/share/ros2_unreal_interface
symbolically linking /home/isarlab/ros2_humble/build/ros2_unreal_interface/package.xml -> /home/isarlab/ros2_humble/install/ros2_unreal_interface/share/ros2_unreal_interface
