[2.093s] Invoking command in '/home/isarlab/ros2_humble/build/ros2_unreal_interface': PYTHONPATH=/home/isarlab/ros2_humble/build/ros2_unreal_interface/prefix_override:/usr/lib/python3/dist-packages/colcon_core/task/python/colcon_distutils_commands:/home/isarlab/ros2_humble/install/ros2_unreal_interface/lib/python3.10/site-packages:${PYTHONPATH} /usr/bin/python3 -W ignore:setup.py install is deprecated -W ignore:easy_install command is deprecated setup.py develop --editable --build-directory /home/isarlab/ros2_humble/build/ros2_unreal_interface/build --no-deps symlink_data
[2.496s] running develop
[2.712s] running egg_info
[2.712s] creating ros2_unreal_interface.egg-info
[2.713s] writing ros2_unreal_interface.egg-info/PKG-INFO
[2.713s] writing dependency_links to ros2_unreal_interface.egg-info/dependency_links.txt
[2.714s] writing entry points to ros2_unreal_interface.egg-info/entry_points.txt
[2.714s] writing requirements to ros2_unreal_interface.egg-info/requires.txt
[2.714s] writing top-level names to ros2_unreal_interface.egg-info/top_level.txt
[2.715s] writing manifest file 'ros2_unreal_interface.egg-info/SOURCES.txt'
[2.717s] reading manifest file 'ros2_unreal_interface.egg-info/SOURCES.txt'
[2.717s] writing manifest file 'ros2_unreal_interface.egg-info/SOURCES.txt'
[2.719s] running build_ext
[2.719s] Creating /home/isarlab/ros2_humble/install/ros2_unreal_interface/lib/python3.10/site-packages/ros2-unreal-interface.egg-link (link to .)
[2.720s] Installing environment script to /home/isarlab/ros2_humble/install/ros2_unreal_interface/lib/ros2_unreal_interface
[2.721s] 
[2.721s] Installed /home/isarlab/ros2_humble/build/ros2_unreal_interface
[2.721s] running symlink_data
[2.722s] creating /home/isarlab/ros2_humble/install/ros2_unreal_interface/share
[2.722s] creating /home/isarlab/ros2_humble/install/ros2_unreal_interface/share/ament_index
[2.722s] creating /home/isarlab/ros2_humble/install/ros2_unreal_interface/share/ament_index/resource_index
[2.723s] creating /home/isarlab/ros2_humble/install/ros2_unreal_interface/share/ament_index/resource_index/packages
[2.723s] symbolically linking /home/isarlab/ros2_humble/build/ros2_unreal_interface/resource/ros2_unreal_interface -> /home/isarlab/ros2_humble/install/ros2_unreal_interface/share/ament_index/resource_index/packages
[2.723s] creating /home/isarlab/ros2_humble/install/ros2_unreal_interface/share/ros2_unreal_interface
[2.724s] symbolically linking /home/isarlab/ros2_humble/build/ros2_unreal_interface/package.xml -> /home/isarlab/ros2_humble/install/ros2_unreal_interface/share/ros2_unreal_interface
[2.779s] Invoked command in '/home/isarlab/ros2_humble/build/ros2_unreal_interface' returned '0': PYTHONPATH=/home/isarlab/ros2_humble/build/ros2_unreal_interface/prefix_override:/usr/lib/python3/dist-packages/colcon_core/task/python/colcon_distutils_commands:/home/isarlab/ros2_humble/install/ros2_unreal_interface/lib/python3.10/site-packages:${PYTHONPATH} /usr/bin/python3 -W ignore:setup.py install is deprecated -W ignore:easy_install command is deprecated setup.py develop --editable --build-directory /home/isarlab/ros2_humble/build/ros2_unreal_interface/build --no-deps symlink_data
