running develop
running egg_info
creating experiments.egg-info
writing experiments.egg-info/PKG-INFO
writing dependency_links to experiments.egg-info/dependency_links.txt
writing requirements to experiments.egg-info/requires.txt
writing top-level names to experiments.egg-info/top_level.txt
writing manifest file 'experiments.egg-info/SOURCES.txt'
reading manifest file 'experiments.egg-info/SOURCES.txt'
writing manifest file 'experiments.egg-info/SOURCES.txt'
running build_ext
Creating /home/isarlab/ros2_humble/src/install/experiments/lib/python3.10/site-packages/experiments.egg-link (link to .)

Installed /home/isarlab/ros2_humble/src/build/experiments
running symlink_data
creating /home/isarlab/ros2_humble/src/install/experiments/share/ament_index
creating /home/isarlab/ros2_humble/src/install/experiments/share/ament_index/resource_index
creating /home/isarlab/ros2_humble/src/install/experiments/share/ament_index/resource_index/packages
symbolically linking /home/isarlab/ros2_humble/src/build/experiments/resource/experiments -> /home/isarlab/ros2_humble/src/install/experiments/share/ament_index/resource_index/packages
symbolically linking /home/isarlab/ros2_humble/src/build/experiments/package.xml -> /home/isarlab/ros2_humble/src/install/experiments/share/experiments
creating /home/isarlab/ros2_humble/src/install/experiments/share/experiments/launch
symbolically linking /home/isarlab/ros2_humble/src/build/experiments/launch/experiment_pipeline.launch.py -> /home/isarlab/ros2_humble/src/install/experiments/share/experiments/launch
