running develop
running egg_info
creating ackermann_kf_tracker.egg-info
writing ackermann_kf_tracker.egg-info/PKG-INFO
writing dependency_links to ackermann_kf_tracker.egg-info/dependency_links.txt
writing entry points to ackermann_kf_tracker.egg-info/entry_points.txt
writing requirements to ackermann_kf_tracker.egg-info/requires.txt
writing top-level names to ackermann_kf_tracker.egg-info/top_level.txt
writing manifest file 'ackermann_kf_tracker.egg-info/SOURCES.txt'
reading manifest file 'ackermann_kf_tracker.egg-info/SOURCES.txt'
writing manifest file 'ackermann_kf_tracker.egg-info/SOURCES.txt'
running build_ext
Creating /home/isarlab/ros2_humble/install/ackermann_kf_tracker/lib/python3.10/site-packages/ackermann-kf-tracker.egg-link (link to .)
Installing ackermann_kf_tracker script to /home/isarlab/ros2_humble/install/ackermann_kf_tracker/lib/ackermann_kf_tracker

Installed /home/isarlab/ros2_humble/build/ackermann_kf_tracker
running symlink_data
creating /home/isarlab/ros2_humble/install/ackermann_kf_tracker/share/ament_index
creating /home/isarlab/ros2_humble/install/ackermann_kf_tracker/share/ament_index/resource_index
creating /home/isarlab/ros2_humble/install/ackermann_kf_tracker/share/ament_index/resource_index/packages
symbolically linking /home/isarlab/ros2_humble/build/ackermann_kf_tracker/resource/ackermann_kf_tracker -> /home/isarlab/ros2_humble/install/ackermann_kf_tracker/share/ament_index/resource_index/packages
symbolically linking /home/isarlab/ros2_humble/build/ackermann_kf_tracker/package.xml -> /home/isarlab/ros2_humble/install/ackermann_kf_tracker/share/ackermann_kf_tracker
creating /home/isarlab/ros2_humble/install/ackermann_kf_tracker/share/ackermann_kf_tracker/config
symbolically linking /home/isarlab/ros2_humble/build/ackermann_kf_tracker/config/ackermann_kf_tracker.yaml -> /home/isarlab/ros2_humble/install/ackermann_kf_tracker/share/ackermann_kf_tracker/config
creating /home/isarlab/ros2_humble/install/ackermann_kf_tracker/share/ackermann_kf_tracker/launch
symbolically linking /home/isarlab/ros2_humble/build/ackermann_kf_tracker/launch/ackermann_kf_tracker.launch.py -> /home/isarlab/ros2_humble/install/ackermann_kf_tracker/share/ackermann_kf_tracker/launch
