[2.459s] Invoking command in '/home/isarlab/ros2_humble/build/ackermann_kf_tracker': PYTHONPATH=/home/isarlab/ros2_humble/build/ackermann_kf_tracker/prefix_override:/usr/lib/python3/dist-packages/colcon_core/task/python/colcon_distutils_commands:/home/isarlab/ros2_humble/install/ackermann_kf_tracker/lib/python3.10/site-packages:${PYTHONPATH} /usr/bin/python3 -W ignore:setup.py install is deprecated -W ignore:easy_install command is deprecated setup.py develop --editable --build-directory /home/isarlab/ros2_humble/build/ackermann_kf_tracker/build --no-deps symlink_data
[2.839s] running develop
[3.083s] running egg_info
[3.083s] creating ackermann_kf_tracker.egg-info
[3.084s] writing ackermann_kf_tracker.egg-info/PKG-INFO
[3.084s] writing dependency_links to ackermann_kf_tracker.egg-info/dependency_links.txt
[3.085s] writing entry points to ackermann_kf_tracker.egg-info/entry_points.txt
[3.085s] writing requirements to ackermann_kf_tracker.egg-info/requires.txt
[3.085s] writing top-level names to ackermann_kf_tracker.egg-info/top_level.txt
[3.085s] writing manifest file 'ackermann_kf_tracker.egg-info/SOURCES.txt'
[3.087s] reading manifest file 'ackermann_kf_tracker.egg-info/SOURCES.txt'
[3.088s] writing manifest file 'ackermann_kf_tracker.egg-info/SOURCES.txt'
[3.091s] running build_ext
[3.092s] Creating /home/isarlab/ros2_humble/install/ackermann_kf_tracker/lib/python3.10/site-packages/ackermann-kf-tracker.egg-link (link to .)
[3.093s] Installing ackermann_kf_tracker script to /home/isarlab/ros2_humble/install/ackermann_kf_tracker/lib/ackermann_kf_tracker
[3.093s] 
[3.093s] Installed /home/isarlab/ros2_humble/build/ackermann_kf_tracker
[3.093s] running symlink_data
[3.093s] creating /home/isarlab/ros2_humble/install/ackermann_kf_tracker/share/ament_index
[3.094s] creating /home/isarlab/ros2_humble/install/ackermann_kf_tracker/share/ament_index/resource_index
[3.094s] creating /home/isarlab/ros2_humble/install/ackermann_kf_tracker/share/ament_index/resource_index/packages
[3.095s] symbolically linking /home/isarlab/ros2_humble/build/ackermann_kf_tracker/resource/ackermann_kf_tracker -> /home/isarlab/ros2_humble/install/ackermann_kf_tracker/share/ament_index/resource_index/packages
[3.095s] symbolically linking /home/isarlab/ros2_humble/build/ackermann_kf_tracker/package.xml -> /home/isarlab/ros2_humble/install/ackermann_kf_tracker/share/ackermann_kf_tracker
[3.095s] creating /home/isarlab/ros2_humble/install/ackermann_kf_tracker/share/ackermann_kf_tracker/config
[3.096s] symbolically linking /home/isarlab/ros2_humble/build/ackermann_kf_tracker/config/ackermann_kf_tracker.yaml -> /home/isarlab/ros2_humble/install/ackermann_kf_tracker/share/ackermann_kf_tracker/config
[3.097s] creating /home/isarlab/ros2_humble/install/ackermann_kf_tracker/share/ackermann_kf_tracker/launch
[3.097s] symbolically linking /home/isarlab/ros2_humble/build/ackermann_kf_tracker/launch/ackermann_kf_tracker.launch.py -> /home/isarlab/ros2_humble/install/ackermann_kf_tracker/share/ackermann_kf_tracker/launch
[3.161s] Invoked command in '/home/isarlab/ros2_humble/build/ackermann_kf_tracker' returned '0': PYTHONPATH=/home/isarlab/ros2_humble/build/ackermann_kf_tracker/prefix_override:/usr/lib/python3/dist-packages/colcon_core/task/python/colcon_distutils_commands:/home/isarlab/ros2_humble/install/ackermann_kf_tracker/lib/python3.10/site-packages:${PYTHONPATH} /usr/bin/python3 -W ignore:setup.py install is deprecated -W ignore:easy_install command is deprecated setup.py develop --editable --build-directory /home/isarlab/ros2_humble/build/ackermann_kf_tracker/build --no-deps symlink_data
