[0.577s] Invoking command in '/home/isarlab/ros2_humble/src/ros2_unreal_interface': PYTHONPATH=/home/isarlab/ros2_humble/src/ros2_unreal_interface/build/ros2_unreal_interface/prefix_override:/usr/lib/python3/dist-packages/colcon_core/task/python/colcon_distutils_commands:/home/isarlab/ros2_humble/src/ros2_unreal_interface/install/ros2_unreal_interface/lib/python3.10/site-packages:${PYTHONPATH} /usr/bin/python3 -W ignore:setup.py install is deprecated -W ignore:easy_install command is deprecated setup.py egg_info --egg-base build/ros2_unreal_interface build --build-base /home/isarlab/ros2_humble/src/ros2_unreal_interface/build/ros2_unreal_interface/build install --record /home/isarlab/ros2_humble/src/ros2_unreal_interface/build/ros2_unreal_interface/install.log --single-version-externally-managed install_data
[0.771s] running egg_info
[0.772s] writing build/ros2_unreal_interface/ros2_unreal_interface.egg-info/PKG-INFO
[0.772s] writing dependency_links to build/ros2_unreal_interface/ros2_unreal_interface.egg-info/dependency_links.txt
[0.772s] writing entry points to build/ros2_unreal_interface/ros2_unreal_interface.egg-info/entry_points.txt
[0.772s] writing requirements to build/ros2_unreal_interface/ros2_unreal_interface.egg-info/requires.txt
[0.773s] writing top-level names to build/ros2_unreal_interface/ros2_unreal_interface.egg-info/top_level.txt
[0.774s] reading manifest file 'build/ros2_unreal_interface/ros2_unreal_interface.egg-info/SOURCES.txt'
[0.775s] writing manifest file 'build/ros2_unreal_interface/ros2_unreal_interface.egg-info/SOURCES.txt'
[0.775s] running build
[0.775s] running build_py
[0.776s] running install
[0.776s] running install_lib
[0.778s] running install_data
[0.778s] running install_egg_info
[0.779s] removing '/home/isarlab/ros2_humble/src/ros2_unreal_interface/install/ros2_unreal_interface/lib/python3.10/site-packages/ros2_unreal_interface-0.0.0-py3.10.egg-info' (and everything under it)
[0.779s] Copying build/ros2_unreal_interface/ros2_unreal_interface.egg-info to /home/isarlab/ros2_humble/src/ros2_unreal_interface/install/ros2_unreal_interface/lib/python3.10/site-packages/ros2_unreal_interface-0.0.0-py3.10.egg-info
[0.781s] running install_scripts
[0.799s] Installing environment script to /home/isarlab/ros2_humble/src/ros2_unreal_interface/install/ros2_unreal_interface/lib/ros2_unreal_interface
[0.799s] writing list of installed files to '/home/isarlab/ros2_humble/src/ros2_unreal_interface/build/ros2_unreal_interface/install.log'
[0.824s] Invoked command in '/home/isarlab/ros2_humble/src/ros2_unreal_interface' returned '0': PYTHONPATH=/home/isarlab/ros2_humble/src/ros2_unreal_interface/build/ros2_unreal_interface/prefix_override:/usr/lib/python3/dist-packages/colcon_core/task/python/colcon_distutils_commands:/home/isarlab/ros2_humble/src/ros2_unreal_interface/install/ros2_unreal_interface/lib/python3.10/site-packages:${PYTHONPATH} /usr/bin/python3 -W ignore:setup.py install is deprecated -W ignore:easy_install command is deprecated setup.py egg_info --egg-base build/ros2_unreal_interface build --build-base /home/isarlab/ros2_humble/src/ros2_unreal_interface/build/ros2_unreal_interface/build install --record /home/isarlab/ros2_humble/src/ros2_unreal_interface/build/ros2_unreal_interface/install.log --single-version-externally-managed install_data
