[INFO] [1775036955.582863578] [trajectory_metrics_node]: TrajectoryMetricsNode ready
  stage: ackermann
  camera_gps_topic: /environment/GPS/GPSSDT/odom
  ambulance_gps_topic: /environment/GPS/GPSSDTAMBULANCE/odom
  estimation_topic: /ackermann_kf/tracks
  target_track_id: 1
  output_dir: /home/isarlab/ros2_humble/metrics_output/esperimento_01/accelerated_right/esperimento_01_ackermann
  max_abs_pose_m: 500.0
  max_abs_estimate_m: 200.0
  max_abs_error_m: 200.0
  max_pose_step_m: 1.5
  max_pose_speed_mps: 8.0
  max_yaw_rate_rps: 1.5
[WARN] [1775036957.708016451] [trajectory_metrics_node]: Scarto ambulance odom non plausibile: x=-4.114077625751704e+34, y=-1.8044418030322774e-40
[WARN] [1775036957.710802469] [trajectory_metrics_node]: Scarto camera odom non plausibile: x=-33649750746071.04, y=-2.4452889458987463e-26
[INFO] [1775036957.910169677] [trajectory_metrics_node]: GT inizializzata: first_gt_rel_cam = [95.942, 10.099]
[WARN] [1775036962.077399320] [trajectory_metrics_node]: Scarto ambulance odom non plausibile: x=-4.114077625751704e+34, y=-1.8044418030322774e-40
[WARN] [1775036962.080007308] [trajectory_metrics_node]: Scarto camera odom non plausibile: x=-33649750746071.04, y=-2.4452889458987463e-26
[WARN] [1775036967.200399285] [trajectory_metrics_node]: Scarto ambulance odom per salto dinamico: step_too_large=2.713m, x=98.663154296875, y=10.099997558593751
[WARN] [1775036967.204478593] [trajectory_metrics_node]: Scarto camera odom non plausibile: x=-33649750746071.04, y=-2.4452889458987463e-26
[WARN] [1775036980.186367358] [trajectory_metrics_node]: Scarto ambulance odom per salto dinamico: speed_too_large=8.310mps, x=96.1600390625, y=10.099997558593751
[WARN] [1775036980.188775691] [trajectory_metrics_node]: Scarto camera odom non plausibile: x=-33649750746071.04, y=-2.4452889458987463e-26
[WARN] [1775036980.275904148] [trajectory_metrics_node]: Scarto camera odom non plausibile: x=-33649750746071.04, y=-2.4452889458987463e-26
[WARN] [1775036981.054698488] [trajectory_metrics_node]: Nessun campione raccolto, niente da salvare.
Failed to publish log message to rosout: publisher's context is invalid, at ./src/rcl/publisher.c:389
Traceback (most recent call last):
  File "/home/isarlab/ros2_humble/install/trajectory_metrics/lib/python3.10/site-packages/trajectory_metrics/trajectory_metrics_node.py", line 778, in main
    rclpy.spin(node)
  File "/opt/ros/humble/local/lib/python3.10/dist-packages/rclpy/__init__.py", line 229, in spin
    executor.spin_once()
  File "/opt/ros/humble/local/lib/python3.10/dist-packages/rclpy/executors.py", line 751, in spin_once
    self._spin_once_impl(timeout_sec)
  File "/opt/ros/humble/local/lib/python3.10/dist-packages/rclpy/executors.py", line 740, in _spin_once_impl
    handler, entity, node = self.wait_for_ready_callbacks(timeout_sec=timeout_sec)
  File "/opt/ros/humble/local/lib/python3.10/dist-packages/rclpy/executors.py", line 723, in wait_for_ready_callbacks
    return next(self._cb_iter)
  File "/opt/ros/humble/local/lib/python3.10/dist-packages/rclpy/executors.py", line 620, in _wait_for_ready_callbacks
    wait_set.wait(timeout_nsec)
KeyboardInterrupt

During handling of the above exception, another exception occurred:

Traceback (most recent call last):
  File "/home/isarlab/ros2_humble/install/trajectory_metrics/lib/trajectory_metrics/trajectory_metrics_node", line 33, in <module>
    sys.exit(load_entry_point('trajectory-metrics==0.0.1', 'console_scripts', 'trajectory_metrics_node')())
  File "/home/isarlab/ros2_humble/install/trajectory_metrics/lib/python3.10/site-packages/trajectory_metrics/trajectory_metrics_node.py", line 785, in main
    rclpy.shutdown()
  File "/opt/ros/humble/local/lib/python3.10/dist-packages/rclpy/__init__.py", line 130, in shutdown
    _shutdown(context=context)
  File "/opt/ros/humble/local/lib/python3.10/dist-packages/rclpy/utilities.py", line 58, in shutdown
    return context.shutdown()
  File "/opt/ros/humble/local/lib/python3.10/dist-packages/rclpy/context.py", line 102, in shutdown
    self.__context.shutdown()
rclpy._rclpy_pybind11.RCLError: failed to shutdown: rcl_shutdown already called on the given context, at ./src/rcl/init.c:241
[ros2run]: Process exited with failure 1
