[0.307s] DEBUG:colcon:Command line arguments: ['/usr/bin/colcon', 'build']
[0.308s] DEBUG:colcon:Parsed command line arguments: Namespace(log_base=None, log_level=None, verb_name='build', build_base='build', install_base='install', merge_install=False, symlink_install=False, test_result_base=None, continue_on_error=False, executor='parallel', parallel_workers=16, event_handlers=None, ignore_user_meta=False, metas=['./colcon.meta'], base_paths=['.'], packages_ignore=None, packages_ignore_regex=None, paths=None, packages_up_to=None, packages_up_to_regex=None, packages_above=None, packages_above_and_dependencies=None, packages_above_depth=None, packages_select_by_dep=None, packages_skip_by_dep=None, packages_skip_up_to=None, packages_select_build_failed=False, packages_skip_build_finished=False, packages_select_test_failures=False, packages_skip_test_passed=False, packages_select=None, packages_skip=None, packages_select_regex=None, packages_skip_regex=None, packages_start=None, packages_end=None, allow_overriding=[], cmake_args=None, cmake_target=None, cmake_target_skip_unavailable=False, cmake_clean_cache=False, cmake_clean_first=False, cmake_force_configure=False, ament_cmake_args=None, catkin_cmake_args=None, catkin_skip_building_tests=False, mixin_files=None, mixin=None, verb_parser=<colcon_mixin.mixin.mixin_argument.MixinArgumentDecorator object at 0x72b86d585600>, verb_extension=<colcon_core.verb.build.BuildVerb object at 0x72b86d50b0d0>, main=<bound method BuildVerb.main of <colcon_core.verb.build.BuildVerb object at 0x72b86d50b0d0>>, mixin_verb=('build',))
[0.673s] Level 1:colcon.colcon_core.package_discovery:discover_packages(colcon_meta) check parameters
[0.673s] Level 1:colcon.colcon_core.package_discovery:discover_packages(recursive) check parameters
[0.673s] Level 1:colcon.colcon_core.package_discovery:discover_packages(ignore) check parameters
[0.673s] Level 1:colcon.colcon_core.package_discovery:discover_packages(path) check parameters
[0.673s] Level 1:colcon.colcon_core.package_discovery:discover_packages(colcon_meta) discover
[0.673s] Level 1:colcon.colcon_core.package_discovery:discover_packages(recursive) discover
[0.673s] INFO:colcon.colcon_core.package_discovery:Crawling recursively for packages in '/home/isarlab/ros2_humble/src'
[0.673s] Level 1:colcon.colcon_core.package_identification:_identify(.) by extensions ['ignore', 'ignore_ament_install']
[0.673s] Level 1:colcon.colcon_core.package_identification:_identify(.) by extension 'ignore'
[0.674s] Level 1:colcon.colcon_core.package_identification:_identify(.) by extension 'ignore_ament_install'
[0.674s] Level 1:colcon.colcon_core.package_identification:_identify(.) by extensions ['colcon_pkg']
[0.674s] Level 1:colcon.colcon_core.package_identification:_identify(.) by extension 'colcon_pkg'
[0.674s] Level 1:colcon.colcon_core.package_identification:_identify(.) by extensions ['colcon_meta']
[0.674s] Level 1:colcon.colcon_core.package_identification:_identify(.) by extension 'colcon_meta'
[0.674s] Level 1:colcon.colcon_core.package_identification:_identify(.) by extensions ['ros']
[0.674s] Level 1:colcon.colcon_core.package_identification:_identify(.) by extension 'ros'
[0.688s] Level 1:colcon.colcon_core.package_identification:_identify(.) by extensions ['cmake', 'python']
[0.688s] Level 1:colcon.colcon_core.package_identification:_identify(.) by extension 'cmake'
[0.688s] Level 1:colcon.colcon_core.package_identification:_identify(.) by extension 'python'
[0.688s] Level 1:colcon.colcon_core.package_identification:_identify(.) by extensions ['python_setup_py']
[0.688s] Level 1:colcon.colcon_core.package_identification:_identify(.) by extension 'python_setup_py'
[0.689s] Level 1:colcon.colcon_core.package_identification:_identify(ackermann_kf_tracker) by extensions ['ignore', 'ignore_ament_install']
[0.689s] Level 1:colcon.colcon_core.package_identification:_identify(ackermann_kf_tracker) by extension 'ignore'
[0.689s] Level 1:colcon.colcon_core.package_identification:_identify(ackermann_kf_tracker) by extension 'ignore_ament_install'
[0.689s] Level 1:colcon.colcon_core.package_identification:_identify(ackermann_kf_tracker) by extensions ['colcon_pkg']
[0.689s] Level 1:colcon.colcon_core.package_identification:_identify(ackermann_kf_tracker) by extension 'colcon_pkg'
[0.689s] Level 1:colcon.colcon_core.package_identification:_identify(ackermann_kf_tracker) by extensions ['colcon_meta']
[0.689s] Level 1:colcon.colcon_core.package_identification:_identify(ackermann_kf_tracker) by extension 'colcon_meta'
[0.689s] Level 1:colcon.colcon_core.package_identification:_identify(ackermann_kf_tracker) by extensions ['ros']
[0.689s] Level 1:colcon.colcon_core.package_identification:_identify(ackermann_kf_tracker) by extension 'ros'
[0.697s] DEBUG:colcon.colcon_core.package_identification:Package 'ackermann_kf_tracker' with type 'ros.ament_python' and name 'ackermann_kf_tracker'
[0.697s] Level 1:colcon.colcon_core.package_identification:_identify(build) by extensions ['ignore', 'ignore_ament_install']
[0.697s] Level 1:colcon.colcon_core.package_identification:_identify(build) by extension 'ignore'
[0.697s] Level 1:colcon.colcon_core.package_identification:_identify(build) ignored
[0.698s] Level 1:colcon.colcon_core.package_identification:_identify(depth_yolo_fusion) by extensions ['ignore', 'ignore_ament_install']
[0.698s] Level 1:colcon.colcon_core.package_identification:_identify(depth_yolo_fusion) by extension 'ignore'
[0.698s] Level 1:colcon.colcon_core.package_identification:_identify(depth_yolo_fusion) by extension 'ignore_ament_install'
[0.698s] Level 1:colcon.colcon_core.package_identification:_identify(depth_yolo_fusion) by extensions ['colcon_pkg']
[0.698s] Level 1:colcon.colcon_core.package_identification:_identify(depth_yolo_fusion) by extension 'colcon_pkg'
[0.698s] Level 1:colcon.colcon_core.package_identification:_identify(depth_yolo_fusion) by extensions ['colcon_meta']
[0.698s] Level 1:colcon.colcon_core.package_identification:_identify(depth_yolo_fusion) by extension 'colcon_meta'
[0.698s] Level 1:colcon.colcon_core.package_identification:_identify(depth_yolo_fusion) by extensions ['ros']
[0.699s] Level 1:colcon.colcon_core.package_identification:_identify(depth_yolo_fusion) by extension 'ros'
[0.700s] DEBUG:colcon.colcon_core.package_identification:Package 'depth_yolo_fusion' with type 'ros.ament_python' and name 'depth_yolo_fusion'
[0.700s] Level 1:colcon.colcon_core.package_identification:_identify(experiments) by extensions ['ignore', 'ignore_ament_install']
[0.700s] Level 1:colcon.colcon_core.package_identification:_identify(experiments) by extension 'ignore'
[0.700s] Level 1:colcon.colcon_core.package_identification:_identify(experiments) by extension 'ignore_ament_install'
[0.700s] Level 1:colcon.colcon_core.package_identification:_identify(experiments) by extensions ['colcon_pkg']
[0.700s] Level 1:colcon.colcon_core.package_identification:_identify(experiments) by extension 'colcon_pkg'
[0.700s] Level 1:colcon.colcon_core.package_identification:_identify(experiments) by extensions ['colcon_meta']
[0.700s] Level 1:colcon.colcon_core.package_identification:_identify(experiments) by extension 'colcon_meta'
[0.700s] Level 1:colcon.colcon_core.package_identification:_identify(experiments) by extensions ['ros']
[0.700s] Level 1:colcon.colcon_core.package_identification:_identify(experiments) by extension 'ros'
[0.701s] DEBUG:colcon.colcon_core.package_identification:Package 'experiments' with type 'ros.ament_python' and name 'experiments'
[0.701s] Level 1:colcon.colcon_core.package_identification:_identify(install) by extensions ['ignore', 'ignore_ament_install']
[0.702s] Level 1:colcon.colcon_core.package_identification:_identify(install) by extension 'ignore'
[0.702s] Level 1:colcon.colcon_core.package_identification:_identify(install) ignored
[0.702s] Level 1:colcon.colcon_core.package_identification:_identify(log) by extensions ['ignore', 'ignore_ament_install']
[0.702s] Level 1:colcon.colcon_core.package_identification:_identify(log) by extension 'ignore'
[0.702s] Level 1:colcon.colcon_core.package_identification:_identify(log) ignored
[0.702s] Level 1:colcon.colcon_core.package_identification:_identify(ros2_unreal_interface) by extensions ['ignore', 'ignore_ament_install']
[0.702s] Level 1:colcon.colcon_core.package_identification:_identify(ros2_unreal_interface) by extension 'ignore'
[0.702s] Level 1:colcon.colcon_core.package_identification:_identify(ros2_unreal_interface) by extension 'ignore_ament_install'
[0.702s] Level 1:colcon.colcon_core.package_identification:_identify(ros2_unreal_interface) by extensions ['colcon_pkg']
[0.702s] Level 1:colcon.colcon_core.package_identification:_identify(ros2_unreal_interface) by extension 'colcon_pkg'
[0.702s] Level 1:colcon.colcon_core.package_identification:_identify(ros2_unreal_interface) by extensions ['colcon_meta']
[0.702s] Level 1:colcon.colcon_core.package_identification:_identify(ros2_unreal_interface) by extension 'colcon_meta'
[0.702s] Level 1:colcon.colcon_core.package_identification:_identify(ros2_unreal_interface) by extensions ['ros']
[0.702s] Level 1:colcon.colcon_core.package_identification:_identify(ros2_unreal_interface) by extension 'ros'
[0.703s] DEBUG:colcon.colcon_core.package_identification:Failed to parse potential ROS package manifest in'ros2_unreal_interface': Error(s) in package 'ros2_unreal_interface/package.xml':
The manifest contains invalid XML:
no element found: line 1, column 0
[0.703s] Level 1:colcon.colcon_core.package_identification:_identify(ros2_unreal_interface) by extensions ['cmake', 'python']
[0.703s] Level 1:colcon.colcon_core.package_identification:_identify(ros2_unreal_interface) by extension 'cmake'
[0.703s] Level 1:colcon.colcon_core.package_identification:_identify(ros2_unreal_interface) by extension 'python'
[0.704s] DEBUG:colcon.colcon_core.package_identification:Python package in 'ros2_unreal_interface' passes arguments to the setup() function which requires a different identification extension than 'python'
[0.704s] Level 1:colcon.colcon_core.package_identification:_identify(ros2_unreal_interface) by extensions ['python_setup_py']
[0.704s] Level 1:colcon.colcon_core.package_identification:_identify(ros2_unreal_interface) by extension 'python_setup_py'
[0.975s] DEBUG:colcon.colcon_core.package_identification:Package 'ros2_unreal_interface' with type 'python' and name 'ros2_unreal_interface'
[0.975s] Level 1:colcon.colcon_core.package_identification:_identify(trajectory_metrics) by extensions ['ignore', 'ignore_ament_install']
[0.976s] Level 1:colcon.colcon_core.package_identification:_identify(trajectory_metrics) by extension 'ignore'
[0.976s] Level 1:colcon.colcon_core.package_identification:_identify(trajectory_metrics) by extension 'ignore_ament_install'
[0.976s] Level 1:colcon.colcon_core.package_identification:_identify(trajectory_metrics) by extensions ['colcon_pkg']
[0.976s] Level 1:colcon.colcon_core.package_identification:_identify(trajectory_metrics) by extension 'colcon_pkg'
[0.976s] Level 1:colcon.colcon_core.package_identification:_identify(trajectory_metrics) by extensions ['colcon_meta']
[0.976s] Level 1:colcon.colcon_core.package_identification:_identify(trajectory_metrics) by extension 'colcon_meta'
[0.976s] Level 1:colcon.colcon_core.package_identification:_identify(trajectory_metrics) by extensions ['ros']
[0.976s] Level 1:colcon.colcon_core.package_identification:_identify(trajectory_metrics) by extension 'ros'
[0.977s] DEBUG:colcon.colcon_core.package_identification:Package 'trajectory_metrics' with type 'ros.ament_python' and name 'trajectory_metrics'
[0.977s] Level 1:colcon.colcon_core.package_identification:_identify(unicycle_kf_tracker) by extensions ['ignore', 'ignore_ament_install']
[0.977s] Level 1:colcon.colcon_core.package_identification:_identify(unicycle_kf_tracker) by extension 'ignore'
[0.977s] Level 1:colcon.colcon_core.package_identification:_identify(unicycle_kf_tracker) by extension 'ignore_ament_install'
[0.977s] Level 1:colcon.colcon_core.package_identification:_identify(unicycle_kf_tracker) by extensions ['colcon_pkg']
[0.977s] Level 1:colcon.colcon_core.package_identification:_identify(unicycle_kf_tracker) by extension 'colcon_pkg'
[0.977s] Level 1:colcon.colcon_core.package_identification:_identify(unicycle_kf_tracker) by extensions ['colcon_meta']
[0.977s] Level 1:colcon.colcon_core.package_identification:_identify(unicycle_kf_tracker) by extension 'colcon_meta'
[0.977s] Level 1:colcon.colcon_core.package_identification:_identify(unicycle_kf_tracker) by extensions ['ros']
[0.977s] Level 1:colcon.colcon_core.package_identification:_identify(unicycle_kf_tracker) by extension 'ros'
[0.978s] DEBUG:colcon.colcon_core.package_identification:Package 'unicycle_kf_tracker' with type 'ros.ament_python' and name 'unicycle_kf_tracker'
[0.978s] Level 1:colcon.colcon_core.package_identification:_identify(yolo_detector) by extensions ['ignore', 'ignore_ament_install']
[0.978s] Level 1:colcon.colcon_core.package_identification:_identify(yolo_detector) by extension 'ignore'
[0.979s] Level 1:colcon.colcon_core.package_identification:_identify(yolo_detector) by extension 'ignore_ament_install'
[0.979s] Level 1:colcon.colcon_core.package_identification:_identify(yolo_detector) by extensions ['colcon_pkg']
[0.979s] Level 1:colcon.colcon_core.package_identification:_identify(yolo_detector) by extension 'colcon_pkg'
[0.979s] Level 1:colcon.colcon_core.package_identification:_identify(yolo_detector) by extensions ['colcon_meta']
[0.979s] Level 1:colcon.colcon_core.package_identification:_identify(yolo_detector) by extension 'colcon_meta'
[0.979s] Level 1:colcon.colcon_core.package_identification:_identify(yolo_detector) by extensions ['ros']
[0.979s] Level 1:colcon.colcon_core.package_identification:_identify(yolo_detector) by extension 'ros'
[0.979s] DEBUG:colcon.colcon_core.package_identification:Package 'yolo_detector' with type 'ros.ament_python' and name 'yolo_detector'
[0.979s] Level 1:colcon.colcon_core.package_discovery:discover_packages(recursive) using defaults
[0.980s] Level 1:colcon.colcon_core.package_discovery:discover_packages(ignore) discover
[0.980s] Level 1:colcon.colcon_core.package_discovery:discover_packages(ignore) using defaults
[0.980s] Level 1:colcon.colcon_core.package_discovery:discover_packages(path) discover
[0.980s] Level 1:colcon.colcon_core.package_discovery:discover_packages(path) using defaults
[1.013s] Level 1:colcon.colcon_core.package_discovery:discover_packages(prefix_path) check parameters
[1.013s] Level 1:colcon.colcon_core.package_discovery:discover_packages(prefix_path) discover
[1.021s] DEBUG:colcon.colcon_installed_package_information.package_discovery:Found 7 installed packages in /home/isarlab/ros2_humble/install
[1.022s] DEBUG:colcon.colcon_installed_package_information.package_discovery:Found 6 installed packages in /home/isarlab/ros2_humble/src/install
[1.023s] DEBUG:colcon.colcon_installed_package_information.package_discovery:Found 4 installed packages in /home/isarlab/cv_bridge_ws/install
[1.024s] DEBUG:colcon.colcon_installed_package_information.package_discovery:Found 272 installed packages in /opt/ros/humble
[1.025s] Level 1:colcon.colcon_core.package_discovery:discover_packages(prefix_path) using defaults
[1.073s] Level 5:colcon.colcon_core.verb:set package 'ackermann_kf_tracker' build argument 'cmake_args' from command line to 'None'
[1.073s] Level 5:colcon.colcon_core.verb:set package 'ackermann_kf_tracker' build argument 'cmake_target' from command line to 'None'
[1.073s] Level 5:colcon.colcon_core.verb:set package 'ackermann_kf_tracker' build argument 'cmake_target_skip_unavailable' from command line to 'False'
[1.073s] Level 5:colcon.colcon_core.verb:set package 'ackermann_kf_tracker' build argument 'cmake_clean_cache' from command line to 'False'
[1.073s] Level 5:colcon.colcon_core.verb:set package 'ackermann_kf_tracker' build argument 'cmake_clean_first' from command line to 'False'
[1.073s] Level 5:colcon.colcon_core.verb:set package 'ackermann_kf_tracker' build argument 'cmake_force_configure' from command line to 'False'
[1.073s] Level 5:colcon.colcon_core.verb:set package 'ackermann_kf_tracker' build argument 'ament_cmake_args' from command line to 'None'
[1.073s] Level 5:colcon.colcon_core.verb:set package 'ackermann_kf_tracker' build argument 'catkin_cmake_args' from command line to 'None'
[1.073s] Level 5:colcon.colcon_core.verb:set package 'ackermann_kf_tracker' build argument 'catkin_skip_building_tests' from command line to 'False'
[1.073s] DEBUG:colcon.colcon_core.verb:Building package 'ackermann_kf_tracker' with the following arguments: {'ament_cmake_args': None, 'build_base': '/home/isarlab/ros2_humble/src/build/ackermann_kf_tracker', 'catkin_cmake_args': None, 'catkin_skip_building_tests': False, 'cmake_args': None, 'cmake_clean_cache': False, 'cmake_clean_first': False, 'cmake_force_configure': False, 'cmake_target': None, 'cmake_target_skip_unavailable': False, 'install_base': '/home/isarlab/ros2_humble/src/install/ackermann_kf_tracker', 'merge_install': False, 'path': '/home/isarlab/ros2_humble/src/ackermann_kf_tracker', 'symlink_install': False, 'test_result_base': None}
[1.073s] Level 5:colcon.colcon_core.verb:set package 'depth_yolo_fusion' build argument 'cmake_args' from command line to 'None'
[1.074s] Level 5:colcon.colcon_core.verb:set package 'depth_yolo_fusion' build argument 'cmake_target' from command line to 'None'
[1.074s] Level 5:colcon.colcon_core.verb:set package 'depth_yolo_fusion' build argument 'cmake_target_skip_unavailable' from command line to 'False'
[1.074s] Level 5:colcon.colcon_core.verb:set package 'depth_yolo_fusion' build argument 'cmake_clean_cache' from command line to 'False'
[1.074s] Level 5:colcon.colcon_core.verb:set package 'depth_yolo_fusion' build argument 'cmake_clean_first' from command line to 'False'
[1.074s] Level 5:colcon.colcon_core.verb:set package 'depth_yolo_fusion' build argument 'cmake_force_configure' from command line to 'False'
[1.074s] Level 5:colcon.colcon_core.verb:set package 'depth_yolo_fusion' build argument 'ament_cmake_args' from command line to 'None'
[1.074s] Level 5:colcon.colcon_core.verb:set package 'depth_yolo_fusion' build argument 'catkin_cmake_args' from command line to 'None'
[1.074s] Level 5:colcon.colcon_core.verb:set package 'depth_yolo_fusion' build argument 'catkin_skip_building_tests' from command line to 'False'
[1.074s] DEBUG:colcon.colcon_core.verb:Building package 'depth_yolo_fusion' with the following arguments: {'ament_cmake_args': None, 'build_base': '/home/isarlab/ros2_humble/src/build/depth_yolo_fusion', 'catkin_cmake_args': None, 'catkin_skip_building_tests': False, 'cmake_args': None, 'cmake_clean_cache': False, 'cmake_clean_first': False, 'cmake_force_configure': False, 'cmake_target': None, 'cmake_target_skip_unavailable': False, 'install_base': '/home/isarlab/ros2_humble/src/install/depth_yolo_fusion', 'merge_install': False, 'path': '/home/isarlab/ros2_humble/src/depth_yolo_fusion', 'symlink_install': False, 'test_result_base': None}
[1.074s] Level 5:colcon.colcon_core.verb:set package 'ros2_unreal_interface' build argument 'cmake_args' from command line to 'None'
[1.074s] Level 5:colcon.colcon_core.verb:set package 'ros2_unreal_interface' build argument 'cmake_target' from command line to 'None'
[1.074s] Level 5:colcon.colcon_core.verb:set package 'ros2_unreal_interface' build argument 'cmake_target_skip_unavailable' from command line to 'False'
[1.074s] Level 5:colcon.colcon_core.verb:set package 'ros2_unreal_interface' build argument 'cmake_clean_cache' from command line to 'False'
[1.074s] Level 5:colcon.colcon_core.verb:set package 'ros2_unreal_interface' build argument 'cmake_clean_first' from command line to 'False'
[1.074s] Level 5:colcon.colcon_core.verb:set package 'ros2_unreal_interface' build argument 'cmake_force_configure' from command line to 'False'
[1.074s] Level 5:colcon.colcon_core.verb:set package 'ros2_unreal_interface' build argument 'ament_cmake_args' from command line to 'None'
[1.074s] Level 5:colcon.colcon_core.verb:set package 'ros2_unreal_interface' build argument 'catkin_cmake_args' from command line to 'None'
[1.074s] Level 5:colcon.colcon_core.verb:set package 'ros2_unreal_interface' build argument 'catkin_skip_building_tests' from command line to 'False'
[1.074s] DEBUG:colcon.colcon_core.verb:Building package 'ros2_unreal_interface' with the following arguments: {'ament_cmake_args': None, 'build_base': '/home/isarlab/ros2_humble/src/build/ros2_unreal_interface', 'catkin_cmake_args': None, 'catkin_skip_building_tests': False, 'cmake_args': None, 'cmake_clean_cache': False, 'cmake_clean_first': False, 'cmake_force_configure': False, 'cmake_target': None, 'cmake_target_skip_unavailable': False, 'install_base': '/home/isarlab/ros2_humble/src/install/ros2_unreal_interface', 'merge_install': False, 'path': '/home/isarlab/ros2_humble/src/ros2_unreal_interface', 'symlink_install': False, 'test_result_base': None}
[1.074s] Level 5:colcon.colcon_core.verb:set package 'trajectory_metrics' build argument 'cmake_args' from command line to 'None'
[1.074s] Level 5:colcon.colcon_core.verb:set package 'trajectory_metrics' build argument 'cmake_target' from command line to 'None'
[1.075s] Level 5:colcon.colcon_core.verb:set package 'trajectory_metrics' build argument 'cmake_target_skip_unavailable' from command line to 'False'
[1.075s] Level 5:colcon.colcon_core.verb:set package 'trajectory_metrics' build argument 'cmake_clean_cache' from command line to 'False'
[1.075s] Level 5:colcon.colcon_core.verb:set package 'trajectory_metrics' build argument 'cmake_clean_first' from command line to 'False'
[1.075s] Level 5:colcon.colcon_core.verb:set package 'trajectory_metrics' build argument 'cmake_force_configure' from command line to 'False'
[1.075s] Level 5:colcon.colcon_core.verb:set package 'trajectory_metrics' build argument 'ament_cmake_args' from command line to 'None'
[1.075s] Level 5:colcon.colcon_core.verb:set package 'trajectory_metrics' build argument 'catkin_cmake_args' from command line to 'None'
[1.075s] Level 5:colcon.colcon_core.verb:set package 'trajectory_metrics' build argument 'catkin_skip_building_tests' from command line to 'False'
[1.075s] DEBUG:colcon.colcon_core.verb:Building package 'trajectory_metrics' with the following arguments: {'ament_cmake_args': None, 'build_base': '/home/isarlab/ros2_humble/src/build/trajectory_metrics', 'catkin_cmake_args': None, 'catkin_skip_building_tests': False, 'cmake_args': None, 'cmake_clean_cache': False, 'cmake_clean_first': False, 'cmake_force_configure': False, 'cmake_target': None, 'cmake_target_skip_unavailable': False, 'install_base': '/home/isarlab/ros2_humble/src/install/trajectory_metrics', 'merge_install': False, 'path': '/home/isarlab/ros2_humble/src/trajectory_metrics', 'symlink_install': False, 'test_result_base': None}
[1.075s] Level 5:colcon.colcon_core.verb:set package 'unicycle_kf_tracker' build argument 'cmake_args' from command line to 'None'
[1.075s] Level 5:colcon.colcon_core.verb:set package 'unicycle_kf_tracker' build argument 'cmake_target' from command line to 'None'
[1.075s] Level 5:colcon.colcon_core.verb:set package 'unicycle_kf_tracker' build argument 'cmake_target_skip_unavailable' from command line to 'False'
[1.075s] Level 5:colcon.colcon_core.verb:set package 'unicycle_kf_tracker' build argument 'cmake_clean_cache' from command line to 'False'
[1.075s] Level 5:colcon.colcon_core.verb:set package 'unicycle_kf_tracker' build argument 'cmake_clean_first' from command line to 'False'
[1.075s] Level 5:colcon.colcon_core.verb:set package 'unicycle_kf_tracker' build argument 'cmake_force_configure' from command line to 'False'
[1.075s] Level 5:colcon.colcon_core.verb:set package 'unicycle_kf_tracker' build argument 'ament_cmake_args' from command line to 'None'
[1.075s] Level 5:colcon.colcon_core.verb:set package 'unicycle_kf_tracker' build argument 'catkin_cmake_args' from command line to 'None'
[1.075s] Level 5:colcon.colcon_core.verb:set package 'unicycle_kf_tracker' build argument 'catkin_skip_building_tests' from command line to 'False'
[1.075s] DEBUG:colcon.colcon_core.verb:Building package 'unicycle_kf_tracker' with the following arguments: {'ament_cmake_args': None, 'build_base': '/home/isarlab/ros2_humble/src/build/unicycle_kf_tracker', 'catkin_cmake_args': None, 'catkin_skip_building_tests': False, 'cmake_args': None, 'cmake_clean_cache': False, 'cmake_clean_first': False, 'cmake_force_configure': False, 'cmake_target': None, 'cmake_target_skip_unavailable': False, 'install_base': '/home/isarlab/ros2_humble/src/install/unicycle_kf_tracker', 'merge_install': False, 'path': '/home/isarlab/ros2_humble/src/unicycle_kf_tracker', 'symlink_install': False, 'test_result_base': None}
[1.076s] Level 5:colcon.colcon_core.verb:set package 'yolo_detector' build argument 'cmake_args' from command line to 'None'
[1.076s] Level 5:colcon.colcon_core.verb:set package 'yolo_detector' build argument 'cmake_target' from command line to 'None'
[1.076s] Level 5:colcon.colcon_core.verb:set package 'yolo_detector' build argument 'cmake_target_skip_unavailable' from command line to 'False'
[1.076s] Level 5:colcon.colcon_core.verb:set package 'yolo_detector' build argument 'cmake_clean_cache' from command line to 'False'
[1.076s] Level 5:colcon.colcon_core.verb:set package 'yolo_detector' build argument 'cmake_clean_first' from command line to 'False'
[1.076s] Level 5:colcon.colcon_core.verb:set package 'yolo_detector' build argument 'cmake_force_configure' from command line to 'False'
[1.076s] Level 5:colcon.colcon_core.verb:set package 'yolo_detector' build argument 'ament_cmake_args' from command line to 'None'
[1.076s] Level 5:colcon.colcon_core.verb:set package 'yolo_detector' build argument 'catkin_cmake_args' from command line to 'None'
[1.076s] Level 5:colcon.colcon_core.verb:set package 'yolo_detector' build argument 'catkin_skip_building_tests' from command line to 'False'
[1.076s] DEBUG:colcon.colcon_core.verb:Building package 'yolo_detector' with the following arguments: {'ament_cmake_args': None, 'build_base': '/home/isarlab/ros2_humble/src/build/yolo_detector', 'catkin_cmake_args': None, 'catkin_skip_building_tests': False, 'cmake_args': None, 'cmake_clean_cache': False, 'cmake_clean_first': False, 'cmake_force_configure': False, 'cmake_target': None, 'cmake_target_skip_unavailable': False, 'install_base': '/home/isarlab/ros2_humble/src/install/yolo_detector', 'merge_install': False, 'path': '/home/isarlab/ros2_humble/src/yolo_detector', 'symlink_install': False, 'test_result_base': None}
[1.076s] Level 5:colcon.colcon_core.verb:set package 'experiments' build argument 'cmake_args' from command line to 'None'
[1.076s] Level 5:colcon.colcon_core.verb:set package 'experiments' build argument 'cmake_target' from command line to 'None'
[1.076s] Level 5:colcon.colcon_core.verb:set package 'experiments' build argument 'cmake_target_skip_unavailable' from command line to 'False'
[1.076s] Level 5:colcon.colcon_core.verb:set package 'experiments' build argument 'cmake_clean_cache' from command line to 'False'
[1.076s] Level 5:colcon.colcon_core.verb:set package 'experiments' build argument 'cmake_clean_first' from command line to 'False'
[1.076s] Level 5:colcon.colcon_core.verb:set package 'experiments' build argument 'cmake_force_configure' from command line to 'False'
[1.076s] Level 5:colcon.colcon_core.verb:set package 'experiments' build argument 'ament_cmake_args' from command line to 'None'
[1.076s] Level 5:colcon.colcon_core.verb:set package 'experiments' build argument 'catkin_cmake_args' from command line to 'None'
[1.076s] Level 5:colcon.colcon_core.verb:set package 'experiments' build argument 'catkin_skip_building_tests' from command line to 'False'
[1.076s] DEBUG:colcon.colcon_core.verb:Building package 'experiments' with the following arguments: {'ament_cmake_args': None, 'build_base': '/home/isarlab/ros2_humble/src/build/experiments', 'catkin_cmake_args': None, 'catkin_skip_building_tests': False, 'cmake_args': None, 'cmake_clean_cache': False, 'cmake_clean_first': False, 'cmake_force_configure': False, 'cmake_target': None, 'cmake_target_skip_unavailable': False, 'install_base': '/home/isarlab/ros2_humble/src/install/experiments', 'merge_install': False, 'path': '/home/isarlab/ros2_humble/src/experiments', 'symlink_install': False, 'test_result_base': None}
[1.076s] INFO:colcon.colcon_core.executor:Executing jobs using 'parallel' executor
[1.077s] DEBUG:colcon.colcon_parallel_executor.executor.parallel:run_until_complete
[1.078s] INFO:colcon.colcon_ros.task.ament_python.build:Building ROS package in '/home/isarlab/ros2_humble/src/ackermann_kf_tracker' with build type 'ament_python'
[1.078s] Level 1:colcon.colcon_core.shell:create_environment_hook('ackermann_kf_tracker', 'ament_prefix_path')
[1.085s] INFO:colcon.colcon_core.plugin_system:Skipping extension 'colcon_core.shell.bat': Not used on non-Windows systems
[1.086s] INFO:colcon.colcon_core.shell:Creating environment hook '/home/isarlab/ros2_humble/src/install/ackermann_kf_tracker/share/ackermann_kf_tracker/hook/ament_prefix_path.ps1'
[1.087s] INFO:colcon.colcon_core.shell:Creating environment descriptor '/home/isarlab/ros2_humble/src/install/ackermann_kf_tracker/share/ackermann_kf_tracker/hook/ament_prefix_path.dsv'
[1.088s] INFO:colcon.colcon_core.shell:Creating environment hook '/home/isarlab/ros2_humble/src/install/ackermann_kf_tracker/share/ackermann_kf_tracker/hook/ament_prefix_path.sh'
[1.089s] INFO:colcon.colcon_core.shell:Skip shell extension 'powershell' for command environment: Not usable outside of PowerShell
[1.090s] DEBUG:colcon.colcon_core.shell:Skip shell extension 'dsv' for command environment
[1.098s] INFO:colcon.colcon_ros.task.ament_python.build:Building ROS package in '/home/isarlab/ros2_humble/src/depth_yolo_fusion' with build type 'ament_python'
[1.099s] Level 1:colcon.colcon_core.shell:create_environment_hook('depth_yolo_fusion', 'ament_prefix_path')
[1.099s] INFO:colcon.colcon_core.shell:Creating environment hook '/home/isarlab/ros2_humble/src/install/depth_yolo_fusion/share/depth_yolo_fusion/hook/ament_prefix_path.ps1'
[1.100s] INFO:colcon.colcon_core.shell:Creating environment descriptor '/home/isarlab/ros2_humble/src/install/depth_yolo_fusion/share/depth_yolo_fusion/hook/ament_prefix_path.dsv'
[1.100s] INFO:colcon.colcon_core.shell:Creating environment hook '/home/isarlab/ros2_humble/src/install/depth_yolo_fusion/share/depth_yolo_fusion/hook/ament_prefix_path.sh'
[1.101s] INFO:colcon.colcon_core.shell:Skip shell extension 'powershell' for command environment: Not usable outside of PowerShell
[1.101s] DEBUG:colcon.colcon_core.shell:Skip shell extension 'dsv' for command environment
[1.106s] INFO:colcon.colcon_ros.task.ament_python.build:Building ROS package in '/home/isarlab/ros2_humble/src/unicycle_kf_tracker' with build type 'ament_python'
[1.106s] Level 1:colcon.colcon_core.shell:create_environment_hook('unicycle_kf_tracker', 'ament_prefix_path')
[1.106s] INFO:colcon.colcon_core.shell:Creating environment hook '/home/isarlab/ros2_humble/src/install/unicycle_kf_tracker/share/unicycle_kf_tracker/hook/ament_prefix_path.ps1'
[1.108s] INFO:colcon.colcon_core.shell:Creating environment descriptor '/home/isarlab/ros2_humble/src/install/unicycle_kf_tracker/share/unicycle_kf_tracker/hook/ament_prefix_path.dsv'
[1.109s] INFO:colcon.colcon_core.shell:Creating environment hook '/home/isarlab/ros2_humble/src/install/unicycle_kf_tracker/share/unicycle_kf_tracker/hook/ament_prefix_path.sh'
[1.110s] INFO:colcon.colcon_core.shell:Skip shell extension 'powershell' for command environment: Not usable outside of PowerShell
[1.110s] DEBUG:colcon.colcon_core.shell:Skip shell extension 'dsv' for command environment
[1.117s] INFO:colcon.colcon_ros.task.ament_python.build:Building ROS package in '/home/isarlab/ros2_humble/src/yolo_detector' with build type 'ament_python'
[1.117s] Level 1:colcon.colcon_core.shell:create_environment_hook('yolo_detector', 'ament_prefix_path')
[1.118s] INFO:colcon.colcon_core.shell:Creating environment hook '/home/isarlab/ros2_humble/src/install/yolo_detector/share/yolo_detector/hook/ament_prefix_path.ps1'
[1.119s] INFO:colcon.colcon_core.shell:Creating environment descriptor '/home/isarlab/ros2_humble/src/install/yolo_detector/share/yolo_detector/hook/ament_prefix_path.dsv'
[1.120s] INFO:colcon.colcon_core.shell:Creating environment hook '/home/isarlab/ros2_humble/src/install/yolo_detector/share/yolo_detector/hook/ament_prefix_path.sh'
[1.121s] INFO:colcon.colcon_core.shell:Skip shell extension 'powershell' for command environment: Not usable outside of PowerShell
[1.121s] DEBUG:colcon.colcon_core.shell:Skip shell extension 'dsv' for command environment
[1.127s] INFO:colcon.colcon_core.task.python.build:Building Python package in '/home/isarlab/ros2_humble/src/ros2_unreal_interface'
[1.127s] INFO:colcon.colcon_core.shell:Skip shell extension 'powershell' for command environment: Not usable outside of PowerShell
[1.127s] DEBUG:colcon.colcon_core.shell:Skip shell extension 'dsv' for command environment
[1.133s] INFO:colcon.colcon_ros.task.ament_python.build:Building ROS package in '/home/isarlab/ros2_humble/src/trajectory_metrics' with build type 'ament_python'
[1.133s] Level 1:colcon.colcon_core.shell:create_environment_hook('trajectory_metrics', 'ament_prefix_path')
[1.134s] INFO:colcon.colcon_core.shell:Creating environment hook '/home/isarlab/ros2_humble/src/install/trajectory_metrics/share/trajectory_metrics/hook/ament_prefix_path.ps1'
[1.136s] INFO:colcon.colcon_core.shell:Creating environment descriptor '/home/isarlab/ros2_humble/src/install/trajectory_metrics/share/trajectory_metrics/hook/ament_prefix_path.dsv'
[1.136s] INFO:colcon.colcon_core.shell:Creating environment hook '/home/isarlab/ros2_humble/src/install/trajectory_metrics/share/trajectory_metrics/hook/ament_prefix_path.sh'
[1.137s] INFO:colcon.colcon_core.shell:Skip shell extension 'powershell' for command environment: Not usable outside of PowerShell
[1.137s] DEBUG:colcon.colcon_core.shell:Skip shell extension 'dsv' for command environment
[1.443s] INFO:colcon.colcon_core.task.python.build:Building Python package in '/home/isarlab/ros2_humble/src/ackermann_kf_tracker'
[1.444s] INFO:colcon.colcon_core.shell:Skip shell extension 'powershell' for command environment: Not usable outside of PowerShell
[1.444s] DEBUG:colcon.colcon_core.shell:Skip shell extension 'dsv' for command environment
[1.733s] INFO:colcon.colcon_core.task.python.build:Building Python package in '/home/isarlab/ros2_humble/src/depth_yolo_fusion'
[1.733s] INFO:colcon.colcon_core.shell:Skip shell extension 'powershell' for command environment: Not usable outside of PowerShell
[1.733s] DEBUG:colcon.colcon_core.shell:Skip shell extension 'dsv' for command environment
[2.036s] INFO:colcon.colcon_core.task.python.build:Building Python package in '/home/isarlab/ros2_humble/src/unicycle_kf_tracker'
[2.037s] INFO:colcon.colcon_core.shell:Skip shell extension 'powershell' for command environment: Not usable outside of PowerShell
[2.037s] DEBUG:colcon.colcon_core.shell:Skip shell extension 'dsv' for command environment
[2.370s] INFO:colcon.colcon_core.task.python.build:Building Python package in '/home/isarlab/ros2_humble/src/yolo_detector'
[2.371s] INFO:colcon.colcon_core.shell:Skip shell extension 'powershell' for command environment: Not usable outside of PowerShell
[2.371s] DEBUG:colcon.colcon_core.shell:Skip shell extension 'dsv' for command environment
[3.007s] INFO:colcon.colcon_core.task.python.build:Building Python package in '/home/isarlab/ros2_humble/src/trajectory_metrics'
[3.007s] INFO:colcon.colcon_core.shell:Skip shell extension 'powershell' for command environment: Not usable outside of PowerShell
[3.007s] DEBUG:colcon.colcon_core.shell:Skip shell extension 'dsv' for command environment
[3.171s] DEBUG:colcon.colcon_core.event_handler.log_command:Invoking command in '/home/isarlab/ros2_humble/src/ros2_unreal_interface': PYTHONPATH=/home/isarlab/ros2_humble/src/build/ros2_unreal_interface/prefix_override:/usr/lib/python3/dist-packages/colcon_core/task/python/colcon_distutils_commands:/home/isarlab/ros2_humble/src/install/ros2_unreal_interface/lib/python3.10/site-packages:${PYTHONPATH} /usr/bin/python3 -W ignore:setup.py install is deprecated -W ignore:easy_install command is deprecated setup.py egg_info --egg-base ../build/ros2_unreal_interface build --build-base /home/isarlab/ros2_humble/src/build/ros2_unreal_interface/build install --record /home/isarlab/ros2_humble/src/build/ros2_unreal_interface/install.log --single-version-externally-managed install_data
[3.541s] DEBUG:colcon.colcon_core.event_handler.log_command:Invoking command in '/home/isarlab/ros2_humble/src/depth_yolo_fusion': PYTHONPATH=/home/isarlab/ros2_humble/src/build/depth_yolo_fusion/prefix_override:/usr/lib/python3/dist-packages/colcon_core/task/python/colcon_distutils_commands:/home/isarlab/ros2_humble/src/install/depth_yolo_fusion/lib/python3.10/site-packages:${PYTHONPATH} /usr/bin/python3 -W ignore:setup.py install is deprecated -W ignore:easy_install command is deprecated setup.py egg_info --egg-base ../build/depth_yolo_fusion build --build-base /home/isarlab/ros2_humble/src/build/depth_yolo_fusion/build install --record /home/isarlab/ros2_humble/src/build/depth_yolo_fusion/install.log --single-version-externally-managed install_data
[3.547s] DEBUG:colcon.colcon_core.event_handler.log_command:Invoking command in '/home/isarlab/ros2_humble/src/unicycle_kf_tracker': PYTHONPATH=/home/isarlab/ros2_humble/src/build/unicycle_kf_tracker/prefix_override:/usr/lib/python3/dist-packages/colcon_core/task/python/colcon_distutils_commands:/home/isarlab/ros2_humble/src/install/unicycle_kf_tracker/lib/python3.10/site-packages:${PYTHONPATH} /usr/bin/python3 -W ignore:setup.py install is deprecated -W ignore:easy_install command is deprecated setup.py egg_info --egg-base ../build/unicycle_kf_tracker build --build-base /home/isarlab/ros2_humble/src/build/unicycle_kf_tracker/build install --record /home/isarlab/ros2_humble/src/build/unicycle_kf_tracker/install.log --single-version-externally-managed install_data
[3.564s] DEBUG:colcon.colcon_core.event_handler.log_command:Invoking command in '/home/isarlab/ros2_humble/src/yolo_detector': PYTHONPATH=/home/isarlab/ros2_humble/src/build/yolo_detector/prefix_override:/usr/lib/python3/dist-packages/colcon_core/task/python/colcon_distutils_commands:/home/isarlab/ros2_humble/src/install/yolo_detector/lib/python3.10/site-packages:${PYTHONPATH} /usr/bin/python3 -W ignore:setup.py install is deprecated -W ignore:easy_install command is deprecated setup.py egg_info --egg-base ../build/yolo_detector build --build-base /home/isarlab/ros2_humble/src/build/yolo_detector/build install --record /home/isarlab/ros2_humble/src/build/yolo_detector/install.log --single-version-externally-managed install_data
[3.573s] DEBUG:colcon.colcon_core.event_handler.log_command:Invoking command in '/home/isarlab/ros2_humble/src/trajectory_metrics': PYTHONPATH=/home/isarlab/ros2_humble/src/build/trajectory_metrics/prefix_override:/usr/lib/python3/dist-packages/colcon_core/task/python/colcon_distutils_commands:/home/isarlab/ros2_humble/src/install/trajectory_metrics/lib/python3.10/site-packages:${PYTHONPATH} /usr/bin/python3 -W ignore:setup.py install is deprecated -W ignore:easy_install command is deprecated setup.py egg_info --egg-base ../build/trajectory_metrics build --build-base /home/isarlab/ros2_humble/src/build/trajectory_metrics/build install --record /home/isarlab/ros2_humble/src/build/trajectory_metrics/install.log --single-version-externally-managed install_data
[3.576s] DEBUG:colcon.colcon_core.event_handler.log_command:Invoking command in '/home/isarlab/ros2_humble/src/ackermann_kf_tracker': PYTHONPATH=/home/isarlab/ros2_humble/src/build/ackermann_kf_tracker/prefix_override:/usr/lib/python3/dist-packages/colcon_core/task/python/colcon_distutils_commands:/home/isarlab/ros2_humble/src/install/ackermann_kf_tracker/lib/python3.10/site-packages:${PYTHONPATH} /usr/bin/python3 -W ignore:setup.py install is deprecated -W ignore:easy_install command is deprecated setup.py egg_info --egg-base ../build/ackermann_kf_tracker build --build-base /home/isarlab/ros2_humble/src/build/ackermann_kf_tracker/build install --record /home/isarlab/ros2_humble/src/build/ackermann_kf_tracker/install.log --single-version-externally-managed install_data
[3.656s] DEBUG:colcon.colcon_core.event_handler.log_command:Invoked command in '/home/isarlab/ros2_humble/src/ros2_unreal_interface' returned '0': PYTHONPATH=/home/isarlab/ros2_humble/src/build/ros2_unreal_interface/prefix_override:/usr/lib/python3/dist-packages/colcon_core/task/python/colcon_distutils_commands:/home/isarlab/ros2_humble/src/install/ros2_unreal_interface/lib/python3.10/site-packages:${PYTHONPATH} /usr/bin/python3 -W ignore:setup.py install is deprecated -W ignore:easy_install command is deprecated setup.py egg_info --egg-base ../build/ros2_unreal_interface build --build-base /home/isarlab/ros2_humble/src/build/ros2_unreal_interface/build install --record /home/isarlab/ros2_humble/src/build/ros2_unreal_interface/install.log --single-version-externally-managed install_data
[3.666s] Level 1:colcon.colcon_core.environment:checking '/home/isarlab/ros2_humble/src/install/ros2_unreal_interface' for CMake module files
[3.666s] Level 1:colcon.colcon_core.environment:checking '/home/isarlab/ros2_humble/src/install/ros2_unreal_interface' for CMake config files
[3.668s] Level 1:colcon.colcon_core.environment:checking '/home/isarlab/ros2_humble/src/install/ros2_unreal_interface/lib'
[3.668s] Level 1:colcon.colcon_core.environment:checking '/home/isarlab/ros2_humble/src/install/ros2_unreal_interface/bin'
[3.668s] Level 1:colcon.colcon_core.environment:checking '/home/isarlab/ros2_humble/src/install/ros2_unreal_interface/lib/pkgconfig/ros2_unreal_interface.pc'
[3.668s] Level 1:colcon.colcon_core.environment:checking '/home/isarlab/ros2_humble/src/install/ros2_unreal_interface/lib/python3.10/site-packages'
[3.668s] Level 1:colcon.colcon_core.shell:create_environment_hook('ros2_unreal_interface', 'pythonpath')
[3.669s] INFO:colcon.colcon_core.shell:Creating environment hook '/home/isarlab/ros2_humble/src/install/ros2_unreal_interface/share/ros2_unreal_interface/hook/pythonpath.ps1'
[3.669s] INFO:colcon.colcon_core.shell:Creating environment descriptor '/home/isarlab/ros2_humble/src/install/ros2_unreal_interface/share/ros2_unreal_interface/hook/pythonpath.dsv'
[3.670s] INFO:colcon.colcon_core.shell:Creating environment hook '/home/isarlab/ros2_humble/src/install/ros2_unreal_interface/share/ros2_unreal_interface/hook/pythonpath.sh'
[3.670s] Level 1:colcon.colcon_core.environment:checking '/home/isarlab/ros2_humble/src/install/ros2_unreal_interface/bin'
[3.670s] Level 1:colcon.colcon_core.environment:create_environment_scripts_only(ros2_unreal_interface)
[3.671s] INFO:colcon.colcon_core.shell:Creating package script '/home/isarlab/ros2_humble/src/install/ros2_unreal_interface/share/ros2_unreal_interface/package.ps1'
[3.672s] INFO:colcon.colcon_core.shell:Creating package descriptor '/home/isarlab/ros2_humble/src/install/ros2_unreal_interface/share/ros2_unreal_interface/package.dsv'
[3.673s] INFO:colcon.colcon_core.shell:Creating package script '/home/isarlab/ros2_humble/src/install/ros2_unreal_interface/share/ros2_unreal_interface/package.sh'
[3.675s] INFO:colcon.colcon_core.shell:Creating package script '/home/isarlab/ros2_humble/src/install/ros2_unreal_interface/share/ros2_unreal_interface/package.bash'
[3.677s] INFO:colcon.colcon_core.shell:Creating package script '/home/isarlab/ros2_humble/src/install/ros2_unreal_interface/share/ros2_unreal_interface/package.zsh'
[3.678s] Level 1:colcon.colcon_core.environment:create_file_with_runtime_dependencies(/home/isarlab/ros2_humble/src/install/ros2_unreal_interface/share/colcon-core/packages/ros2_unreal_interface)
[3.988s] Level 1:colcon.colcon_core.environment:checking '/home/isarlab/ros2_humble/src/install/unicycle_kf_tracker' for CMake module files
[3.989s] DEBUG:colcon.colcon_core.event_handler.log_command:Invoked command in '/home/isarlab/ros2_humble/src/unicycle_kf_tracker' returned '0': PYTHONPATH=/home/isarlab/ros2_humble/src/build/unicycle_kf_tracker/prefix_override:/usr/lib/python3/dist-packages/colcon_core/task/python/colcon_distutils_commands:/home/isarlab/ros2_humble/src/install/unicycle_kf_tracker/lib/python3.10/site-packages:${PYTHONPATH} /usr/bin/python3 -W ignore:setup.py install is deprecated -W ignore:easy_install command is deprecated setup.py egg_info --egg-base ../build/unicycle_kf_tracker build --build-base /home/isarlab/ros2_humble/src/build/unicycle_kf_tracker/build install --record /home/isarlab/ros2_humble/src/build/unicycle_kf_tracker/install.log --single-version-externally-managed install_data
[3.990s] Level 1:colcon.colcon_core.environment:checking '/home/isarlab/ros2_humble/src/install/unicycle_kf_tracker' for CMake config files
[3.990s] Level 1:colcon.colcon_core.environment:checking '/home/isarlab/ros2_humble/src/install/unicycle_kf_tracker/lib'
[3.991s] Level 1:colcon.colcon_core.environment:checking '/home/isarlab/ros2_humble/src/install/unicycle_kf_tracker/bin'
[3.991s] Level 1:colcon.colcon_core.environment:checking '/home/isarlab/ros2_humble/src/install/unicycle_kf_tracker/lib/pkgconfig/unicycle_kf_tracker.pc'
[3.991s] Level 1:colcon.colcon_core.environment:checking '/home/isarlab/ros2_humble/src/install/unicycle_kf_tracker/lib/python3.10/site-packages'
[3.991s] Level 1:colcon.colcon_core.shell:create_environment_hook('unicycle_kf_tracker', 'pythonpath')
[3.991s] INFO:colcon.colcon_core.shell:Creating environment hook '/home/isarlab/ros2_humble/src/install/unicycle_kf_tracker/share/unicycle_kf_tracker/hook/pythonpath.ps1'
[3.992s] INFO:colcon.colcon_core.shell:Creating environment descriptor '/home/isarlab/ros2_humble/src/install/unicycle_kf_tracker/share/unicycle_kf_tracker/hook/pythonpath.dsv'
[3.992s] INFO:colcon.colcon_core.shell:Creating environment hook '/home/isarlab/ros2_humble/src/install/unicycle_kf_tracker/share/unicycle_kf_tracker/hook/pythonpath.sh'
[3.993s] Level 1:colcon.colcon_core.environment:checking '/home/isarlab/ros2_humble/src/install/unicycle_kf_tracker/bin'
[3.993s] Level 1:colcon.colcon_core.environment:create_environment_scripts_only(unicycle_kf_tracker)
[3.993s] INFO:colcon.colcon_core.shell:Creating package script '/home/isarlab/ros2_humble/src/install/unicycle_kf_tracker/share/unicycle_kf_tracker/package.ps1'
[3.994s] INFO:colcon.colcon_core.shell:Creating package descriptor '/home/isarlab/ros2_humble/src/install/unicycle_kf_tracker/share/unicycle_kf_tracker/package.dsv'
[3.994s] INFO:colcon.colcon_core.shell:Creating package script '/home/isarlab/ros2_humble/src/install/unicycle_kf_tracker/share/unicycle_kf_tracker/package.sh'
[3.995s] INFO:colcon.colcon_core.shell:Creating package script '/home/isarlab/ros2_humble/src/install/unicycle_kf_tracker/share/unicycle_kf_tracker/package.bash'
[3.995s] INFO:colcon.colcon_core.shell:Creating package script '/home/isarlab/ros2_humble/src/install/unicycle_kf_tracker/share/unicycle_kf_tracker/package.zsh'
[3.996s] Level 1:colcon.colcon_core.environment:create_file_with_runtime_dependencies(/home/isarlab/ros2_humble/src/install/unicycle_kf_tracker/share/colcon-core/packages/unicycle_kf_tracker)
[3.998s] Level 1:colcon.colcon_core.environment:checking '/home/isarlab/ros2_humble/src/install/trajectory_metrics' for CMake module files
[4.000s] Level 1:colcon.colcon_core.environment:checking '/home/isarlab/ros2_humble/src/install/trajectory_metrics' for CMake config files
[4.000s] DEBUG:colcon.colcon_core.event_handler.log_command:Invoked command in '/home/isarlab/ros2_humble/src/trajectory_metrics' returned '0': PYTHONPATH=/home/isarlab/ros2_humble/src/build/trajectory_metrics/prefix_override:/usr/lib/python3/dist-packages/colcon_core/task/python/colcon_distutils_commands:/home/isarlab/ros2_humble/src/install/trajectory_metrics/lib/python3.10/site-packages:${PYTHONPATH} /usr/bin/python3 -W ignore:setup.py install is deprecated -W ignore:easy_install command is deprecated setup.py egg_info --egg-base ../build/trajectory_metrics build --build-base /home/isarlab/ros2_humble/src/build/trajectory_metrics/build install --record /home/isarlab/ros2_humble/src/build/trajectory_metrics/install.log --single-version-externally-managed install_data
[4.002s] Level 1:colcon.colcon_core.environment:checking '/home/isarlab/ros2_humble/src/install/trajectory_metrics/lib'
[4.002s] Level 1:colcon.colcon_core.environment:checking '/home/isarlab/ros2_humble/src/install/trajectory_metrics/bin'
[4.002s] Level 1:colcon.colcon_core.environment:checking '/home/isarlab/ros2_humble/src/install/trajectory_metrics/lib/pkgconfig/trajectory_metrics.pc'
[4.002s] Level 1:colcon.colcon_core.environment:checking '/home/isarlab/ros2_humble/src/install/trajectory_metrics/lib/python3.10/site-packages'
[4.002s] Level 1:colcon.colcon_core.shell:create_environment_hook('trajectory_metrics', 'pythonpath')
[4.003s] INFO:colcon.colcon_core.shell:Creating environment hook '/home/isarlab/ros2_humble/src/install/trajectory_metrics/share/trajectory_metrics/hook/pythonpath.ps1'
[4.004s] INFO:colcon.colcon_core.shell:Creating environment descriptor '/home/isarlab/ros2_humble/src/install/trajectory_metrics/share/trajectory_metrics/hook/pythonpath.dsv'
[4.004s] INFO:colcon.colcon_core.shell:Creating environment hook '/home/isarlab/ros2_humble/src/install/trajectory_metrics/share/trajectory_metrics/hook/pythonpath.sh'
[4.005s] Level 1:colcon.colcon_core.environment:checking '/home/isarlab/ros2_humble/src/install/trajectory_metrics/bin'
[4.005s] Level 1:colcon.colcon_core.environment:create_environment_scripts_only(trajectory_metrics)
[4.005s] INFO:colcon.colcon_core.shell:Creating package script '/home/isarlab/ros2_humble/src/install/trajectory_metrics/share/trajectory_metrics/package.ps1'
[4.006s] INFO:colcon.colcon_core.shell:Creating package descriptor '/home/isarlab/ros2_humble/src/install/trajectory_metrics/share/trajectory_metrics/package.dsv'
[4.007s] INFO:colcon.colcon_core.shell:Creating package script '/home/isarlab/ros2_humble/src/install/trajectory_metrics/share/trajectory_metrics/package.sh'
[4.007s] INFO:colcon.colcon_core.shell:Creating package script '/home/isarlab/ros2_humble/src/install/trajectory_metrics/share/trajectory_metrics/package.bash'
[4.007s] INFO:colcon.colcon_core.shell:Creating package script '/home/isarlab/ros2_humble/src/install/trajectory_metrics/share/trajectory_metrics/package.zsh'
[4.008s] Level 1:colcon.colcon_core.environment:create_file_with_runtime_dependencies(/home/isarlab/ros2_humble/src/install/trajectory_metrics/share/colcon-core/packages/trajectory_metrics)
[4.013s] Level 1:colcon.colcon_core.environment:checking '/home/isarlab/ros2_humble/src/install/yolo_detector' for CMake module files
[4.014s] DEBUG:colcon.colcon_core.event_handler.log_command:Invoked command in '/home/isarlab/ros2_humble/src/yolo_detector' returned '0': PYTHONPATH=/home/isarlab/ros2_humble/src/build/yolo_detector/prefix_override:/usr/lib/python3/dist-packages/colcon_core/task/python/colcon_distutils_commands:/home/isarlab/ros2_humble/src/install/yolo_detector/lib/python3.10/site-packages:${PYTHONPATH} /usr/bin/python3 -W ignore:setup.py install is deprecated -W ignore:easy_install command is deprecated setup.py egg_info --egg-base ../build/yolo_detector build --build-base /home/isarlab/ros2_humble/src/build/yolo_detector/build install --record /home/isarlab/ros2_humble/src/build/yolo_detector/install.log --single-version-externally-managed install_data
[4.014s] Level 1:colcon.colcon_core.environment:checking '/home/isarlab/ros2_humble/src/install/yolo_detector' for CMake config files
[4.016s] Level 1:colcon.colcon_core.environment:checking '/home/isarlab/ros2_humble/src/install/yolo_detector/lib'
[4.016s] Level 1:colcon.colcon_core.environment:checking '/home/isarlab/ros2_humble/src/install/yolo_detector/bin'
[4.016s] Level 1:colcon.colcon_core.environment:checking '/home/isarlab/ros2_humble/src/install/yolo_detector/lib/pkgconfig/yolo_detector.pc'
[4.017s] Level 1:colcon.colcon_core.environment:checking '/home/isarlab/ros2_humble/src/install/yolo_detector/lib/python3.10/site-packages'
[4.017s] Level 1:colcon.colcon_core.shell:create_environment_hook('yolo_detector', 'pythonpath')
[4.017s] INFO:colcon.colcon_core.shell:Creating environment hook '/home/isarlab/ros2_humble/src/install/yolo_detector/share/yolo_detector/hook/pythonpath.ps1'
[4.019s] INFO:colcon.colcon_core.shell:Creating environment descriptor '/home/isarlab/ros2_humble/src/install/yolo_detector/share/yolo_detector/hook/pythonpath.dsv'
[4.020s] INFO:colcon.colcon_core.shell:Creating environment hook '/home/isarlab/ros2_humble/src/install/yolo_detector/share/yolo_detector/hook/pythonpath.sh'
[4.021s] Level 1:colcon.colcon_core.environment:checking '/home/isarlab/ros2_humble/src/install/yolo_detector/bin'
[4.021s] Level 1:colcon.colcon_core.environment:create_environment_scripts_only(yolo_detector)
[4.022s] INFO:colcon.colcon_core.shell:Creating package script '/home/isarlab/ros2_humble/src/install/yolo_detector/share/yolo_detector/package.ps1'
[4.024s] INFO:colcon.colcon_core.shell:Creating package descriptor '/home/isarlab/ros2_humble/src/install/yolo_detector/share/yolo_detector/package.dsv'
[4.025s] INFO:colcon.colcon_core.shell:Creating package script '/home/isarlab/ros2_humble/src/install/yolo_detector/share/yolo_detector/package.sh'
[4.026s] INFO:colcon.colcon_core.shell:Creating package script '/home/isarlab/ros2_humble/src/install/yolo_detector/share/yolo_detector/package.bash'
[4.026s] INFO:colcon.colcon_core.shell:Creating package script '/home/isarlab/ros2_humble/src/install/yolo_detector/share/yolo_detector/package.zsh'
[4.027s] Level 1:colcon.colcon_core.environment:create_file_with_runtime_dependencies(/home/isarlab/ros2_humble/src/install/yolo_detector/share/colcon-core/packages/yolo_detector)
[4.030s] Level 1:colcon.colcon_core.environment:checking '/home/isarlab/ros2_humble/src/install/depth_yolo_fusion' for CMake module files
[4.032s] DEBUG:colcon.colcon_core.event_handler.log_command:Invoked command in '/home/isarlab/ros2_humble/src/depth_yolo_fusion' returned '0': PYTHONPATH=/home/isarlab/ros2_humble/src/build/depth_yolo_fusion/prefix_override:/usr/lib/python3/dist-packages/colcon_core/task/python/colcon_distutils_commands:/home/isarlab/ros2_humble/src/install/depth_yolo_fusion/lib/python3.10/site-packages:${PYTHONPATH} /usr/bin/python3 -W ignore:setup.py install is deprecated -W ignore:easy_install command is deprecated setup.py egg_info --egg-base ../build/depth_yolo_fusion build --build-base /home/isarlab/ros2_humble/src/build/depth_yolo_fusion/build install --record /home/isarlab/ros2_humble/src/build/depth_yolo_fusion/install.log --single-version-externally-managed install_data
[4.032s] Level 1:colcon.colcon_core.environment:checking '/home/isarlab/ros2_humble/src/install/depth_yolo_fusion' for CMake config files
[4.033s] Level 1:colcon.colcon_core.environment:checking '/home/isarlab/ros2_humble/src/install/depth_yolo_fusion/lib'
[4.033s] Level 1:colcon.colcon_core.environment:checking '/home/isarlab/ros2_humble/src/install/depth_yolo_fusion/bin'
[4.033s] Level 1:colcon.colcon_core.environment:checking '/home/isarlab/ros2_humble/src/install/depth_yolo_fusion/lib/pkgconfig/depth_yolo_fusion.pc'
[4.033s] Level 1:colcon.colcon_core.environment:checking '/home/isarlab/ros2_humble/src/install/depth_yolo_fusion/lib/python3.10/site-packages'
[4.033s] Level 1:colcon.colcon_core.shell:create_environment_hook('depth_yolo_fusion', 'pythonpath')
[4.034s] INFO:colcon.colcon_core.shell:Creating environment hook '/home/isarlab/ros2_humble/src/install/depth_yolo_fusion/share/depth_yolo_fusion/hook/pythonpath.ps1'
[4.035s] INFO:colcon.colcon_core.shell:Creating environment descriptor '/home/isarlab/ros2_humble/src/install/depth_yolo_fusion/share/depth_yolo_fusion/hook/pythonpath.dsv'
[4.035s] INFO:colcon.colcon_core.shell:Creating environment hook '/home/isarlab/ros2_humble/src/install/depth_yolo_fusion/share/depth_yolo_fusion/hook/pythonpath.sh'
[4.036s] Level 1:colcon.colcon_core.environment:checking '/home/isarlab/ros2_humble/src/install/depth_yolo_fusion/bin'
[4.036s] Level 1:colcon.colcon_core.environment:create_environment_scripts_only(depth_yolo_fusion)
[4.037s] INFO:colcon.colcon_core.shell:Creating package script '/home/isarlab/ros2_humble/src/install/depth_yolo_fusion/share/depth_yolo_fusion/package.ps1'
[4.037s] INFO:colcon.colcon_core.shell:Creating package descriptor '/home/isarlab/ros2_humble/src/install/depth_yolo_fusion/share/depth_yolo_fusion/package.dsv'
[4.038s] INFO:colcon.colcon_core.shell:Creating package script '/home/isarlab/ros2_humble/src/install/depth_yolo_fusion/share/depth_yolo_fusion/package.sh'
[4.038s] INFO:colcon.colcon_core.shell:Creating package script '/home/isarlab/ros2_humble/src/install/depth_yolo_fusion/share/depth_yolo_fusion/package.bash'
[4.038s] INFO:colcon.colcon_core.shell:Creating package script '/home/isarlab/ros2_humble/src/install/depth_yolo_fusion/share/depth_yolo_fusion/package.zsh'
[4.040s] Level 1:colcon.colcon_core.environment:create_file_with_runtime_dependencies(/home/isarlab/ros2_humble/src/install/depth_yolo_fusion/share/colcon-core/packages/depth_yolo_fusion)
[4.042s] Level 1:colcon.colcon_core.environment:checking '/home/isarlab/ros2_humble/src/install/ackermann_kf_tracker' for CMake module files
[4.043s] DEBUG:colcon.colcon_core.event_handler.log_command:Invoked command in '/home/isarlab/ros2_humble/src/ackermann_kf_tracker' returned '0': PYTHONPATH=/home/isarlab/ros2_humble/src/build/ackermann_kf_tracker/prefix_override:/usr/lib/python3/dist-packages/colcon_core/task/python/colcon_distutils_commands:/home/isarlab/ros2_humble/src/install/ackermann_kf_tracker/lib/python3.10/site-packages:${PYTHONPATH} /usr/bin/python3 -W ignore:setup.py install is deprecated -W ignore:easy_install command is deprecated setup.py egg_info --egg-base ../build/ackermann_kf_tracker build --build-base /home/isarlab/ros2_humble/src/build/ackermann_kf_tracker/build install --record /home/isarlab/ros2_humble/src/build/ackermann_kf_tracker/install.log --single-version-externally-managed install_data
[4.043s] Level 1:colcon.colcon_core.environment:checking '/home/isarlab/ros2_humble/src/install/ackermann_kf_tracker' for CMake config files
[4.044s] Level 1:colcon.colcon_core.environment:checking '/home/isarlab/ros2_humble/src/install/ackermann_kf_tracker/lib'
[4.044s] Level 1:colcon.colcon_core.environment:checking '/home/isarlab/ros2_humble/src/install/ackermann_kf_tracker/bin'
[4.044s] Level 1:colcon.colcon_core.environment:checking '/home/isarlab/ros2_humble/src/install/ackermann_kf_tracker/lib/pkgconfig/ackermann_kf_tracker.pc'
[4.045s] Level 1:colcon.colcon_core.environment:checking '/home/isarlab/ros2_humble/src/install/ackermann_kf_tracker/lib/python3.10/site-packages'
[4.045s] Level 1:colcon.colcon_core.shell:create_environment_hook('ackermann_kf_tracker', 'pythonpath')
[4.045s] INFO:colcon.colcon_core.shell:Creating environment hook '/home/isarlab/ros2_humble/src/install/ackermann_kf_tracker/share/ackermann_kf_tracker/hook/pythonpath.ps1'
[4.046s] INFO:colcon.colcon_core.shell:Creating environment descriptor '/home/isarlab/ros2_humble/src/install/ackermann_kf_tracker/share/ackermann_kf_tracker/hook/pythonpath.dsv'
[4.047s] INFO:colcon.colcon_core.shell:Creating environment hook '/home/isarlab/ros2_humble/src/install/ackermann_kf_tracker/share/ackermann_kf_tracker/hook/pythonpath.sh'
[4.047s] Level 1:colcon.colcon_core.environment:checking '/home/isarlab/ros2_humble/src/install/ackermann_kf_tracker/bin'
[4.048s] Level 1:colcon.colcon_core.environment:create_environment_scripts_only(ackermann_kf_tracker)
[4.048s] INFO:colcon.colcon_core.shell:Creating package script '/home/isarlab/ros2_humble/src/install/ackermann_kf_tracker/share/ackermann_kf_tracker/package.ps1'
[4.048s] INFO:colcon.colcon_core.shell:Creating package descriptor '/home/isarlab/ros2_humble/src/install/ackermann_kf_tracker/share/ackermann_kf_tracker/package.dsv'
[4.049s] INFO:colcon.colcon_core.shell:Creating package script '/home/isarlab/ros2_humble/src/install/ackermann_kf_tracker/share/ackermann_kf_tracker/package.sh'
[4.049s] INFO:colcon.colcon_core.shell:Creating package script '/home/isarlab/ros2_humble/src/install/ackermann_kf_tracker/share/ackermann_kf_tracker/package.bash'
[4.050s] INFO:colcon.colcon_core.shell:Creating package script '/home/isarlab/ros2_humble/src/install/ackermann_kf_tracker/share/ackermann_kf_tracker/package.zsh'
[4.050s] Level 1:colcon.colcon_core.environment:create_file_with_runtime_dependencies(/home/isarlab/ros2_humble/src/install/ackermann_kf_tracker/share/colcon-core/packages/ackermann_kf_tracker)
[4.051s] INFO:colcon.colcon_ros.task.ament_python.build:Building ROS package in '/home/isarlab/ros2_humble/src/experiments' with build type 'ament_python'
[4.051s] Level 1:colcon.colcon_core.shell:create_environment_hook('experiments', 'ament_prefix_path')
[4.053s] INFO:colcon.colcon_core.shell:Creating environment hook '/home/isarlab/ros2_humble/src/install/experiments/share/experiments/hook/ament_prefix_path.ps1'
[4.060s] INFO:colcon.colcon_core.shell:Creating environment descriptor '/home/isarlab/ros2_humble/src/install/experiments/share/experiments/hook/ament_prefix_path.dsv'
[4.061s] INFO:colcon.colcon_core.shell:Creating environment hook '/home/isarlab/ros2_humble/src/install/experiments/share/experiments/hook/ament_prefix_path.sh'
[4.061s] INFO:colcon.colcon_core.shell:Skip shell extension 'powershell' for command environment: Not usable outside of PowerShell
[4.061s] DEBUG:colcon.colcon_core.shell:Skip shell extension 'dsv' for command environment
[4.594s] INFO:colcon.colcon_core.task.python.build:Building Python package in '/home/isarlab/ros2_humble/src/experiments'
[4.594s] INFO:colcon.colcon_core.shell:Skip shell extension 'powershell' for command environment: Not usable outside of PowerShell
[4.594s] DEBUG:colcon.colcon_core.shell:Skip shell extension 'dsv' for command environment
[5.242s] DEBUG:colcon.colcon_core.event_handler.log_command:Invoking command in '/home/isarlab/ros2_humble/src/build/experiments': AMENT_PREFIX_PATH=/home/isarlab/ros2_humble/src/install/yolo_detector:/home/isarlab/ros2_humble/src/install/unicycle_kf_tracker:/home/isarlab/ros2_humble/src/install/depth_yolo_fusion:/home/isarlab/ros2_humble/src/install/ackermann_kf_tracker:/home/isarlab/ros2_humble/install/experiments:/home/isarlab/ros2_humble/install/yolo_detector:/home/isarlab/ros2_humble/install/unicycle_kf_tracker:/home/isarlab/ros2_humble/install/trajectory_metrics:/home/isarlab/ros2_humble/install/depth_yolo_fusion:/home/isarlab/ros2_humble/install/ackermann_kf_tracker:/home/isarlab/ros2_humble/src/install/experiments:/home/isarlab/ros2_humble/src/install/ros2_unreal_interface:/home/isarlab/cv_bridge_ws/install/vision_opencv:/home/isarlab/cv_bridge_ws/install/opencv_tests:/home/isarlab/cv_bridge_ws/install/image_geometry:/home/isarlab/cv_bridge_ws/install/cv_bridge:/opt/ros/humble PYTHONPATH=/home/isarlab/ros2_humble/src/build/experiments/prefix_override:/usr/lib/python3/dist-packages/colcon_core/task/python/colcon_distutils_commands:/home/isarlab/ros2_humble/src/install/experiments/lib/python3.10/site-packages:/home/isarlab/ros2_humble/src/install/yolo_detector/lib/python3.10/site-packages:/home/isarlab/ros2_humble/src/install/unicycle_kf_tracker/lib/python3.10/site-packages:/home/isarlab/ros2_humble/src/install/depth_yolo_fusion/lib/python3.10/site-packages:/home/isarlab/ros2_humble/src/install/ackermann_kf_tracker/lib/python3.10/site-packages:/home/isarlab/ros2_humble/install/experiments/lib/python3.10/site-packages:/home/isarlab/ros2_humble/install/yolo_detector/lib/python3.10/site-packages:/home/isarlab/ros2_humble/install/unicycle_kf_tracker/lib/python3.10/site-packages:/home/isarlab/ros2_humble/install/trajectory_metrics/lib/python3.10/site-packages:/home/isarlab/ros2_humble/install/ros2_unreal_interface/lib/python3.10/site-packages:/home/isarlab/ros2_humble/install/depth_yolo_fusion/lib/python3.10/site-packages:/home/isarlab/ros2_humble/install/ackermann_kf_tracker/lib/python3.10/site-packages:/home/isarlab/ros2_humble/src/build/experiments:/home/isarlab/ros2_humble/src/install/experiments/lib/python3.10/site-packages:/home/isarlab/ros2_humble/src/install/ros2_unreal_interface/lib/python3.10/site-packages:/home/isarlab/cv_bridge_ws/install/opencv_tests/lib/python3.10/site-packages:/home/isarlab/cv_bridge_ws/install/image_geometry/local/lib/python3.10/dist-packages:/home/isarlab/cv_bridge_ws/install/cv_bridge/local/lib/python3.10/dist-packages:/opt/ros/humble/lib/python3.10/site-packages:/opt/ros/humble/local/lib/python3.10/dist-packages /usr/bin/python3 -W ignore:setup.py install is deprecated -W ignore:easy_install command is deprecated setup.py develop --uninstall --editable --build-directory /home/isarlab/ros2_humble/src/build/experiments/build
[5.712s] DEBUG:colcon.colcon_core.event_handler.log_command:Invoked command in '/home/isarlab/ros2_humble/src/build/experiments' returned '0': AMENT_PREFIX_PATH=/home/isarlab/ros2_humble/src/install/yolo_detector:/home/isarlab/ros2_humble/src/install/unicycle_kf_tracker:/home/isarlab/ros2_humble/src/install/depth_yolo_fusion:/home/isarlab/ros2_humble/src/install/ackermann_kf_tracker:/home/isarlab/ros2_humble/install/experiments:/home/isarlab/ros2_humble/install/yolo_detector:/home/isarlab/ros2_humble/install/unicycle_kf_tracker:/home/isarlab/ros2_humble/install/trajectory_metrics:/home/isarlab/ros2_humble/install/depth_yolo_fusion:/home/isarlab/ros2_humble/install/ackermann_kf_tracker:/home/isarlab/ros2_humble/src/install/experiments:/home/isarlab/ros2_humble/src/install/ros2_unreal_interface:/home/isarlab/cv_bridge_ws/install/vision_opencv:/home/isarlab/cv_bridge_ws/install/opencv_tests:/home/isarlab/cv_bridge_ws/install/image_geometry:/home/isarlab/cv_bridge_ws/install/cv_bridge:/opt/ros/humble PYTHONPATH=/home/isarlab/ros2_humble/src/build/experiments/prefix_override:/usr/lib/python3/dist-packages/colcon_core/task/python/colcon_distutils_commands:/home/isarlab/ros2_humble/src/install/experiments/lib/python3.10/site-packages:/home/isarlab/ros2_humble/src/install/yolo_detector/lib/python3.10/site-packages:/home/isarlab/ros2_humble/src/install/unicycle_kf_tracker/lib/python3.10/site-packages:/home/isarlab/ros2_humble/src/install/depth_yolo_fusion/lib/python3.10/site-packages:/home/isarlab/ros2_humble/src/install/ackermann_kf_tracker/lib/python3.10/site-packages:/home/isarlab/ros2_humble/install/experiments/lib/python3.10/site-packages:/home/isarlab/ros2_humble/install/yolo_detector/lib/python3.10/site-packages:/home/isarlab/ros2_humble/install/unicycle_kf_tracker/lib/python3.10/site-packages:/home/isarlab/ros2_humble/install/trajectory_metrics/lib/python3.10/site-packages:/home/isarlab/ros2_humble/install/ros2_unreal_interface/lib/python3.10/site-packages:/home/isarlab/ros2_humble/install/depth_yolo_fusion/lib/python3.10/site-packages:/home/isarlab/ros2_humble/install/ackermann_kf_tracker/lib/python3.10/site-packages:/home/isarlab/ros2_humble/src/build/experiments:/home/isarlab/ros2_humble/src/install/experiments/lib/python3.10/site-packages:/home/isarlab/ros2_humble/src/install/ros2_unreal_interface/lib/python3.10/site-packages:/home/isarlab/cv_bridge_ws/install/opencv_tests/lib/python3.10/site-packages:/home/isarlab/cv_bridge_ws/install/image_geometry/local/lib/python3.10/dist-packages:/home/isarlab/cv_bridge_ws/install/cv_bridge/local/lib/python3.10/dist-packages:/opt/ros/humble/lib/python3.10/site-packages:/opt/ros/humble/local/lib/python3.10/dist-packages /usr/bin/python3 -W ignore:setup.py install is deprecated -W ignore:easy_install command is deprecated setup.py develop --uninstall --editable --build-directory /home/isarlab/ros2_humble/src/build/experiments/build
[5.715s] DEBUG:colcon.colcon_core.event_handler.log_command:Invoking command in '/home/isarlab/ros2_humble/src/experiments': AMENT_PREFIX_PATH=/home/isarlab/ros2_humble/src/install/yolo_detector:/home/isarlab/ros2_humble/src/install/unicycle_kf_tracker:/home/isarlab/ros2_humble/src/install/depth_yolo_fusion:/home/isarlab/ros2_humble/src/install/ackermann_kf_tracker:/home/isarlab/ros2_humble/install/experiments:/home/isarlab/ros2_humble/install/yolo_detector:/home/isarlab/ros2_humble/install/unicycle_kf_tracker:/home/isarlab/ros2_humble/install/trajectory_metrics:/home/isarlab/ros2_humble/install/depth_yolo_fusion:/home/isarlab/ros2_humble/install/ackermann_kf_tracker:/home/isarlab/ros2_humble/src/install/experiments:/home/isarlab/ros2_humble/src/install/ros2_unreal_interface:/home/isarlab/cv_bridge_ws/install/vision_opencv:/home/isarlab/cv_bridge_ws/install/opencv_tests:/home/isarlab/cv_bridge_ws/install/image_geometry:/home/isarlab/cv_bridge_ws/install/cv_bridge:/opt/ros/humble PYTHONPATH=/home/isarlab/ros2_humble/src/build/experiments/prefix_override:/usr/lib/python3/dist-packages/colcon_core/task/python/colcon_distutils_commands:/home/isarlab/ros2_humble/src/install/experiments/lib/python3.10/site-packages:/home/isarlab/ros2_humble/src/install/yolo_detector/lib/python3.10/site-packages:/home/isarlab/ros2_humble/src/install/unicycle_kf_tracker/lib/python3.10/site-packages:/home/isarlab/ros2_humble/src/install/depth_yolo_fusion/lib/python3.10/site-packages:/home/isarlab/ros2_humble/src/install/ackermann_kf_tracker/lib/python3.10/site-packages:/home/isarlab/ros2_humble/install/experiments/lib/python3.10/site-packages:/home/isarlab/ros2_humble/install/yolo_detector/lib/python3.10/site-packages:/home/isarlab/ros2_humble/install/unicycle_kf_tracker/lib/python3.10/site-packages:/home/isarlab/ros2_humble/install/trajectory_metrics/lib/python3.10/site-packages:/home/isarlab/ros2_humble/install/ros2_unreal_interface/lib/python3.10/site-packages:/home/isarlab/ros2_humble/install/depth_yolo_fusion/lib/python3.10/site-packages:/home/isarlab/ros2_humble/install/ackermann_kf_tracker/lib/python3.10/site-packages:/home/isarlab/ros2_humble/src/build/experiments:/home/isarlab/ros2_humble/src/install/experiments/lib/python3.10/site-packages:/home/isarlab/ros2_humble/src/install/ros2_unreal_interface/lib/python3.10/site-packages:/home/isarlab/cv_bridge_ws/install/opencv_tests/lib/python3.10/site-packages:/home/isarlab/cv_bridge_ws/install/image_geometry/local/lib/python3.10/dist-packages:/home/isarlab/cv_bridge_ws/install/cv_bridge/local/lib/python3.10/dist-packages:/opt/ros/humble/lib/python3.10/site-packages:/opt/ros/humble/local/lib/python3.10/dist-packages /usr/bin/python3 -W ignore:setup.py install is deprecated -W ignore:easy_install command is deprecated setup.py egg_info --egg-base ../build/experiments build --build-base /home/isarlab/ros2_humble/src/build/experiments/build install --record /home/isarlab/ros2_humble/src/build/experiments/install.log --single-version-externally-managed install_data --force
[6.057s] Level 1:colcon.colcon_core.environment:checking '/home/isarlab/ros2_humble/src/install/experiments' for CMake module files
[6.058s] DEBUG:colcon.colcon_core.event_handler.log_command:Invoked command in '/home/isarlab/ros2_humble/src/experiments' returned '0': AMENT_PREFIX_PATH=/home/isarlab/ros2_humble/src/install/yolo_detector:/home/isarlab/ros2_humble/src/install/unicycle_kf_tracker:/home/isarlab/ros2_humble/src/install/depth_yolo_fusion:/home/isarlab/ros2_humble/src/install/ackermann_kf_tracker:/home/isarlab/ros2_humble/install/experiments:/home/isarlab/ros2_humble/install/yolo_detector:/home/isarlab/ros2_humble/install/unicycle_kf_tracker:/home/isarlab/ros2_humble/install/trajectory_metrics:/home/isarlab/ros2_humble/install/depth_yolo_fusion:/home/isarlab/ros2_humble/install/ackermann_kf_tracker:/home/isarlab/ros2_humble/src/install/experiments:/home/isarlab/ros2_humble/src/install/ros2_unreal_interface:/home/isarlab/cv_bridge_ws/install/vision_opencv:/home/isarlab/cv_bridge_ws/install/opencv_tests:/home/isarlab/cv_bridge_ws/install/image_geometry:/home/isarlab/cv_bridge_ws/install/cv_bridge:/opt/ros/humble PYTHONPATH=/home/isarlab/ros2_humble/src/build/experiments/prefix_override:/usr/lib/python3/dist-packages/colcon_core/task/python/colcon_distutils_commands:/home/isarlab/ros2_humble/src/install/experiments/lib/python3.10/site-packages:/home/isarlab/ros2_humble/src/install/yolo_detector/lib/python3.10/site-packages:/home/isarlab/ros2_humble/src/install/unicycle_kf_tracker/lib/python3.10/site-packages:/home/isarlab/ros2_humble/src/install/depth_yolo_fusion/lib/python3.10/site-packages:/home/isarlab/ros2_humble/src/install/ackermann_kf_tracker/lib/python3.10/site-packages:/home/isarlab/ros2_humble/install/experiments/lib/python3.10/site-packages:/home/isarlab/ros2_humble/install/yolo_detector/lib/python3.10/site-packages:/home/isarlab/ros2_humble/install/unicycle_kf_tracker/lib/python3.10/site-packages:/home/isarlab/ros2_humble/install/trajectory_metrics/lib/python3.10/site-packages:/home/isarlab/ros2_humble/install/ros2_unreal_interface/lib/python3.10/site-packages:/home/isarlab/ros2_humble/install/depth_yolo_fusion/lib/python3.10/site-packages:/home/isarlab/ros2_humble/install/ackermann_kf_tracker/lib/python3.10/site-packages:/home/isarlab/ros2_humble/src/build/experiments:/home/isarlab/ros2_humble/src/install/experiments/lib/python3.10/site-packages:/home/isarlab/ros2_humble/src/install/ros2_unreal_interface/lib/python3.10/site-packages:/home/isarlab/cv_bridge_ws/install/opencv_tests/lib/python3.10/site-packages:/home/isarlab/cv_bridge_ws/install/image_geometry/local/lib/python3.10/dist-packages:/home/isarlab/cv_bridge_ws/install/cv_bridge/local/lib/python3.10/dist-packages:/opt/ros/humble/lib/python3.10/site-packages:/opt/ros/humble/local/lib/python3.10/dist-packages /usr/bin/python3 -W ignore:setup.py install is deprecated -W ignore:easy_install command is deprecated setup.py egg_info --egg-base ../build/experiments build --build-base /home/isarlab/ros2_humble/src/build/experiments/build install --record /home/isarlab/ros2_humble/src/build/experiments/install.log --single-version-externally-managed install_data --force
[6.058s] Level 1:colcon.colcon_core.environment:checking '/home/isarlab/ros2_humble/src/install/experiments' for CMake config files
[6.059s] Level 1:colcon.colcon_core.environment:checking '/home/isarlab/ros2_humble/src/install/experiments/lib'
[6.059s] Level 1:colcon.colcon_core.environment:checking '/home/isarlab/ros2_humble/src/install/experiments/bin'
[6.059s] Level 1:colcon.colcon_core.environment:checking '/home/isarlab/ros2_humble/src/install/experiments/lib/pkgconfig/experiments.pc'
[6.059s] Level 1:colcon.colcon_core.environment:checking '/home/isarlab/ros2_humble/src/install/experiments/lib/python3.10/site-packages'
[6.059s] Level 1:colcon.colcon_core.shell:create_environment_hook('experiments', 'pythonpath')
[6.060s] INFO:colcon.colcon_core.shell:Creating environment hook '/home/isarlab/ros2_humble/src/install/experiments/share/experiments/hook/pythonpath.ps1'
[6.060s] INFO:colcon.colcon_core.shell:Creating environment descriptor '/home/isarlab/ros2_humble/src/install/experiments/share/experiments/hook/pythonpath.dsv'
[6.061s] INFO:colcon.colcon_core.shell:Creating environment hook '/home/isarlab/ros2_humble/src/install/experiments/share/experiments/hook/pythonpath.sh'
[6.061s] Level 1:colcon.colcon_core.environment:checking '/home/isarlab/ros2_humble/src/install/experiments/bin'
[6.062s] Level 1:colcon.colcon_core.environment:create_environment_scripts_only(experiments)
[6.062s] INFO:colcon.colcon_core.shell:Creating package script '/home/isarlab/ros2_humble/src/install/experiments/share/experiments/package.ps1'
[6.062s] INFO:colcon.colcon_core.shell:Creating package descriptor '/home/isarlab/ros2_humble/src/install/experiments/share/experiments/package.dsv'
[6.063s] INFO:colcon.colcon_core.shell:Creating package script '/home/isarlab/ros2_humble/src/install/experiments/share/experiments/package.sh'
[6.064s] INFO:colcon.colcon_core.shell:Creating package script '/home/isarlab/ros2_humble/src/install/experiments/share/experiments/package.bash'
[6.065s] INFO:colcon.colcon_core.shell:Creating package script '/home/isarlab/ros2_humble/src/install/experiments/share/experiments/package.zsh'
[6.066s] Level 1:colcon.colcon_core.environment:create_file_with_runtime_dependencies(/home/isarlab/ros2_humble/src/install/experiments/share/colcon-core/packages/experiments)
[6.066s] DEBUG:colcon.colcon_parallel_executor.executor.parallel:closing loop
[6.067s] DEBUG:colcon.colcon_parallel_executor.executor.parallel:loop closed
[6.067s] DEBUG:colcon.colcon_parallel_executor.executor.parallel:run_until_complete finished with '0'
[6.068s] DEBUG:colcon.colcon_core.event_reactor:joining thread
[6.106s] INFO:colcon.colcon_core.plugin_system:Skipping extension 'colcon_notification.desktop_notification.notify_send': Could not find 'notify-send'
[6.106s] INFO:colcon.colcon_core.plugin_system:Skipping extension 'colcon_notification.desktop_notification.terminal_notifier': Not used on non-Darwin systems
[6.107s] INFO:colcon.colcon_core.plugin_system:Skipping extension 'colcon_notification.desktop_notification.win32': Not used on non-Windows systems
[6.107s] INFO:colcon.colcon_notification.desktop_notification:Sending desktop notification using 'notify2'
[6.107s] DEBUG:colcon.colcon_notification.desktop_notification.notify2:Failed to initialize notify2: org.freedesktop.DBus.Error.FileNotFound: Failed to connect to socket /run/user/1000/bus: No such file or directory
[6.107s] DEBUG:colcon.colcon_core.event_reactor:joined thread
[6.108s] INFO:colcon.colcon_core.shell:Creating prefix script '/home/isarlab/ros2_humble/src/install/local_setup.ps1'
[6.109s] INFO:colcon.colcon_core.shell:Creating prefix util module '/home/isarlab/ros2_humble/src/install/_local_setup_util_ps1.py'
[6.111s] INFO:colcon.colcon_core.shell:Creating prefix chain script '/home/isarlab/ros2_humble/src/install/setup.ps1'
[6.114s] INFO:colcon.colcon_core.shell:Creating prefix script '/home/isarlab/ros2_humble/src/install/local_setup.sh'
[6.115s] INFO:colcon.colcon_core.shell:Creating prefix util module '/home/isarlab/ros2_humble/src/install/_local_setup_util_sh.py'
[6.115s] INFO:colcon.colcon_core.shell:Creating prefix chain script '/home/isarlab/ros2_humble/src/install/setup.sh'
[6.117s] INFO:colcon.colcon_core.shell:Creating prefix script '/home/isarlab/ros2_humble/src/install/local_setup.bash'
[6.118s] INFO:colcon.colcon_core.shell:Creating prefix chain script '/home/isarlab/ros2_humble/src/install/setup.bash'
[6.121s] INFO:colcon.colcon_core.shell:Creating prefix script '/home/isarlab/ros2_humble/src/install/local_setup.zsh'
[6.122s] INFO:colcon.colcon_core.shell:Creating prefix chain script '/home/isarlab/ros2_humble/src/install/setup.zsh'
