running egg_info
creating build/ros2_unreal_interface/ros2_unreal_interface.egg-info
writing build/ros2_unreal_interface/ros2_unreal_interface.egg-info/PKG-INFO
writing dependency_links to build/ros2_unreal_interface/ros2_unreal_interface.egg-info/dependency_links.txt
writing entry points to build/ros2_unreal_interface/ros2_unreal_interface.egg-info/entry_points.txt
writing requirements to build/ros2_unreal_interface/ros2_unreal_interface.egg-info/requires.txt
writing top-level names to build/ros2_unreal_interface/ros2_unreal_interface.egg-info/top_level.txt
writing manifest file 'build/ros2_unreal_interface/ros2_unreal_interface.egg-info/SOURCES.txt'
reading manifest file 'build/ros2_unreal_interface/ros2_unreal_interface.egg-info/SOURCES.txt'
writing manifest file 'build/ros2_unreal_interface/ros2_unreal_interface.egg-info/SOURCES.txt'
running build
running build_py
creating /home/isarlab/ros2_humble/src/ros2_unreal_interface/build/ros2_unreal_interface/build
creating /home/isarlab/ros2_humble/src/ros2_unreal_interface/build/ros2_unreal_interface/build/lib
creating /home/isarlab/ros2_humble/src/ros2_unreal_interface/build/ros2_unreal_interface/build/lib/src
copying src/__init__.py -> /home/isarlab/ros2_humble/src/ros2_unreal_interface/build/ros2_unreal_interface/build/lib/src
copying src/environment.py -> /home/isarlab/ros2_humble/src/ros2_unreal_interface/build/ros2_unreal_interface/build/lib/src
creating /home/isarlab/ros2_humble/src/ros2_unreal_interface/build/ros2_unreal_interface/build/lib/src/sensors
copying src/sensors/GPS.py -> /home/isarlab/ros2_humble/src/ros2_unreal_interface/build/ros2_unreal_interface/build/lib/src/sensors
copying src/sensors/Laser.py -> /home/isarlab/ros2_humble/src/ros2_unreal_interface/build/ros2_unreal_interface/build/lib/src/sensors
copying src/sensors/__init__.py -> /home/isarlab/ros2_humble/src/ros2_unreal_interface/build/ros2_unreal_interface/build/lib/src/sensors
copying src/sensors/sensor.py -> /home/isarlab/ros2_humble/src/ros2_unreal_interface/build/ros2_unreal_interface/build/lib/src/sensors
copying src/sensors/SegmentationCamera.py -> /home/isarlab/ros2_humble/src/ros2_unreal_interface/build/ros2_unreal_interface/build/lib/src/sensors
copying src/sensors/Lidar.py -> /home/isarlab/ros2_humble/src/ros2_unreal_interface/build/ros2_unreal_interface/build/lib/src/sensors
copying src/sensors/RGBCamera.py -> /home/isarlab/ros2_humble/src/ros2_unreal_interface/build/ros2_unreal_interface/build/lib/src/sensors
copying src/sensors/DepthCamera.py -> /home/isarlab/ros2_humble/src/ros2_unreal_interface/build/ros2_unreal_interface/build/lib/src/sensors
running install
running install_lib
creating /home/isarlab/ros2_humble/src/ros2_unreal_interface/install/ros2_unreal_interface/lib/python3.10/site-packages/src
copying /home/isarlab/ros2_humble/src/ros2_unreal_interface/build/ros2_unreal_interface/build/lib/src/__init__.py -> /home/isarlab/ros2_humble/src/ros2_unreal_interface/install/ros2_unreal_interface/lib/python3.10/site-packages/src
copying /home/isarlab/ros2_humble/src/ros2_unreal_interface/build/ros2_unreal_interface/build/lib/src/environment.py -> /home/isarlab/ros2_humble/src/ros2_unreal_interface/install/ros2_unreal_interface/lib/python3.10/site-packages/src
creating /home/isarlab/ros2_humble/src/ros2_unreal_interface/install/ros2_unreal_interface/lib/python3.10/site-packages/src/sensors
copying /home/isarlab/ros2_humble/src/ros2_unreal_interface/build/ros2_unreal_interface/build/lib/src/sensors/GPS.py -> /home/isarlab/ros2_humble/src/ros2_unreal_interface/install/ros2_unreal_interface/lib/python3.10/site-packages/src/sensors
copying /home/isarlab/ros2_humble/src/ros2_unreal_interface/build/ros2_unreal_interface/build/lib/src/sensors/Laser.py -> /home/isarlab/ros2_humble/src/ros2_unreal_interface/install/ros2_unreal_interface/lib/python3.10/site-packages/src/sensors
copying /home/isarlab/ros2_humble/src/ros2_unreal_interface/build/ros2_unreal_interface/build/lib/src/sensors/__init__.py -> /home/isarlab/ros2_humble/src/ros2_unreal_interface/install/ros2_unreal_interface/lib/python3.10/site-packages/src/sensors
copying /home/isarlab/ros2_humble/src/ros2_unreal_interface/build/ros2_unreal_interface/build/lib/src/sensors/sensor.py -> /home/isarlab/ros2_humble/src/ros2_unreal_interface/install/ros2_unreal_interface/lib/python3.10/site-packages/src/sensors
copying /home/isarlab/ros2_humble/src/ros2_unreal_interface/build/ros2_unreal_interface/build/lib/src/sensors/SegmentationCamera.py -> /home/isarlab/ros2_humble/src/ros2_unreal_interface/install/ros2_unreal_interface/lib/python3.10/site-packages/src/sensors
copying /home/isarlab/ros2_humble/src/ros2_unreal_interface/build/ros2_unreal_interface/build/lib/src/sensors/Lidar.py -> /home/isarlab/ros2_humble/src/ros2_unreal_interface/install/ros2_unreal_interface/lib/python3.10/site-packages/src/sensors
copying /home/isarlab/ros2_humble/src/ros2_unreal_interface/build/ros2_unreal_interface/build/lib/src/sensors/RGBCamera.py -> /home/isarlab/ros2_humble/src/ros2_unreal_interface/install/ros2_unreal_interface/lib/python3.10/site-packages/src/sensors
copying /home/isarlab/ros2_humble/src/ros2_unreal_interface/build/ros2_unreal_interface/build/lib/src/sensors/DepthCamera.py -> /home/isarlab/ros2_humble/src/ros2_unreal_interface/install/ros2_unreal_interface/lib/python3.10/site-packages/src/sensors
byte-compiling /home/isarlab/ros2_humble/src/ros2_unreal_interface/install/ros2_unreal_interface/lib/python3.10/site-packages/src/__init__.py to __init__.cpython-310.pyc
byte-compiling /home/isarlab/ros2_humble/src/ros2_unreal_interface/install/ros2_unreal_interface/lib/python3.10/site-packages/src/environment.py to environment.cpython-310.pyc
byte-compiling /home/isarlab/ros2_humble/src/ros2_unreal_interface/install/ros2_unreal_interface/lib/python3.10/site-packages/src/sensors/GPS.py to GPS.cpython-310.pyc
byte-compiling /home/isarlab/ros2_humble/src/ros2_unreal_interface/install/ros2_unreal_interface/lib/python3.10/site-packages/src/sensors/Laser.py to Laser.cpython-310.pyc
byte-compiling /home/isarlab/ros2_humble/src/ros2_unreal_interface/install/ros2_unreal_interface/lib/python3.10/site-packages/src/sensors/__init__.py to __init__.cpython-310.pyc
byte-compiling /home/isarlab/ros2_humble/src/ros2_unreal_interface/install/ros2_unreal_interface/lib/python3.10/site-packages/src/sensors/sensor.py to sensor.cpython-310.pyc
byte-compiling /home/isarlab/ros2_humble/src/ros2_unreal_interface/install/ros2_unreal_interface/lib/python3.10/site-packages/src/sensors/SegmentationCamera.py to SegmentationCamera.cpython-310.pyc
byte-compiling /home/isarlab/ros2_humble/src/ros2_unreal_interface/install/ros2_unreal_interface/lib/python3.10/site-packages/src/sensors/Lidar.py to Lidar.cpython-310.pyc
byte-compiling /home/isarlab/ros2_humble/src/ros2_unreal_interface/install/ros2_unreal_interface/lib/python3.10/site-packages/src/sensors/RGBCamera.py to RGBCamera.cpython-310.pyc
byte-compiling /home/isarlab/ros2_humble/src/ros2_unreal_interface/install/ros2_unreal_interface/lib/python3.10/site-packages/src/sensors/DepthCamera.py to DepthCamera.cpython-310.pyc
running install_data
creating /home/isarlab/ros2_humble/src/ros2_unreal_interface/install/ros2_unreal_interface/share/ament_index
creating /home/isarlab/ros2_humble/src/ros2_unreal_interface/install/ros2_unreal_interface/share/ament_index/resource_index
creating /home/isarlab/ros2_humble/src/ros2_unreal_interface/install/ros2_unreal_interface/share/ament_index/resource_index/packages
copying resource/ros2_unreal_interface -> /home/isarlab/ros2_humble/src/ros2_unreal_interface/install/ros2_unreal_interface/share/ament_index/resource_index/packages
copying package.xml -> /home/isarlab/ros2_humble/src/ros2_unreal_interface/install/ros2_unreal_interface/share/ros2_unreal_interface
running install_egg_info
Copying build/ros2_unreal_interface/ros2_unreal_interface.egg-info to /home/isarlab/ros2_humble/src/ros2_unreal_interface/install/ros2_unreal_interface/lib/python3.10/site-packages/ros2_unreal_interface-0.0.0-py3.10.egg-info
running install_scripts
writing list of installed files to '/home/isarlab/ros2_humble/src/ros2_unreal_interface/build/ros2_unreal_interface/install.log'
