[0.706s] Invoking command in '/home/isarlab/ros2_humble/src/ros2_unreal_interface': PYTHONPATH=/home/isarlab/ros2_humble/src/ros2_unreal_interface/build/ros2_unreal_interface/prefix_override:/usr/lib/python3/dist-packages/colcon_core/task/python/colcon_distutils_commands:/home/isarlab/ros2_humble/src/ros2_unreal_interface/install/ros2_unreal_interface/lib/python3.10/site-packages:${PYTHONPATH} /usr/bin/python3 -W ignore:setup.py install is deprecated -W ignore:easy_install command is deprecated setup.py egg_info --egg-base build/ros2_unreal_interface build --build-base /home/isarlab/ros2_humble/src/ros2_unreal_interface/build/ros2_unreal_interface/build install --record /home/isarlab/ros2_humble/src/ros2_unreal_interface/build/ros2_unreal_interface/install.log --single-version-externally-managed install_data
[0.922s] running egg_info
[0.922s] creating build/ros2_unreal_interface/ros2_unreal_interface.egg-info
[0.923s] writing build/ros2_unreal_interface/ros2_unreal_interface.egg-info/PKG-INFO
[0.923s] writing dependency_links to build/ros2_unreal_interface/ros2_unreal_interface.egg-info/dependency_links.txt
[0.923s] writing entry points to build/ros2_unreal_interface/ros2_unreal_interface.egg-info/entry_points.txt
[0.923s] writing requirements to build/ros2_unreal_interface/ros2_unreal_interface.egg-info/requires.txt
[0.923s] writing top-level names to build/ros2_unreal_interface/ros2_unreal_interface.egg-info/top_level.txt
[0.923s] writing manifest file 'build/ros2_unreal_interface/ros2_unreal_interface.egg-info/SOURCES.txt'
[0.925s] reading manifest file 'build/ros2_unreal_interface/ros2_unreal_interface.egg-info/SOURCES.txt'
[0.926s] writing manifest file 'build/ros2_unreal_interface/ros2_unreal_interface.egg-info/SOURCES.txt'
[0.926s] running build
[0.926s] running build_py
[0.926s] creating /home/isarlab/ros2_humble/src/ros2_unreal_interface/build/ros2_unreal_interface/build
[0.927s] creating /home/isarlab/ros2_humble/src/ros2_unreal_interface/build/ros2_unreal_interface/build/lib
[0.927s] creating /home/isarlab/ros2_humble/src/ros2_unreal_interface/build/ros2_unreal_interface/build/lib/src
[0.927s] copying src/__init__.py -> /home/isarlab/ros2_humble/src/ros2_unreal_interface/build/ros2_unreal_interface/build/lib/src
[0.927s] copying src/environment.py -> /home/isarlab/ros2_humble/src/ros2_unreal_interface/build/ros2_unreal_interface/build/lib/src
[0.928s] creating /home/isarlab/ros2_humble/src/ros2_unreal_interface/build/ros2_unreal_interface/build/lib/src/sensors
[0.928s] copying src/sensors/GPS.py -> /home/isarlab/ros2_humble/src/ros2_unreal_interface/build/ros2_unreal_interface/build/lib/src/sensors
[0.929s] copying src/sensors/Laser.py -> /home/isarlab/ros2_humble/src/ros2_unreal_interface/build/ros2_unreal_interface/build/lib/src/sensors
[0.929s] copying src/sensors/__init__.py -> /home/isarlab/ros2_humble/src/ros2_unreal_interface/build/ros2_unreal_interface/build/lib/src/sensors
[0.929s] copying src/sensors/sensor.py -> /home/isarlab/ros2_humble/src/ros2_unreal_interface/build/ros2_unreal_interface/build/lib/src/sensors
[0.930s] copying src/sensors/SegmentationCamera.py -> /home/isarlab/ros2_humble/src/ros2_unreal_interface/build/ros2_unreal_interface/build/lib/src/sensors
[0.930s] copying src/sensors/Lidar.py -> /home/isarlab/ros2_humble/src/ros2_unreal_interface/build/ros2_unreal_interface/build/lib/src/sensors
[0.930s] copying src/sensors/RGBCamera.py -> /home/isarlab/ros2_humble/src/ros2_unreal_interface/build/ros2_unreal_interface/build/lib/src/sensors
[0.930s] copying src/sensors/DepthCamera.py -> /home/isarlab/ros2_humble/src/ros2_unreal_interface/build/ros2_unreal_interface/build/lib/src/sensors
[0.930s] running install
[0.931s] running install_lib
[0.931s] creating /home/isarlab/ros2_humble/src/ros2_unreal_interface/install/ros2_unreal_interface/lib/python3.10/site-packages/src
[0.932s] copying /home/isarlab/ros2_humble/src/ros2_unreal_interface/build/ros2_unreal_interface/build/lib/src/__init__.py -> /home/isarlab/ros2_humble/src/ros2_unreal_interface/install/ros2_unreal_interface/lib/python3.10/site-packages/src
[0.932s] copying /home/isarlab/ros2_humble/src/ros2_unreal_interface/build/ros2_unreal_interface/build/lib/src/environment.py -> /home/isarlab/ros2_humble/src/ros2_unreal_interface/install/ros2_unreal_interface/lib/python3.10/site-packages/src
[0.932s] creating /home/isarlab/ros2_humble/src/ros2_unreal_interface/install/ros2_unreal_interface/lib/python3.10/site-packages/src/sensors
[0.932s] copying /home/isarlab/ros2_humble/src/ros2_unreal_interface/build/ros2_unreal_interface/build/lib/src/sensors/GPS.py -> /home/isarlab/ros2_humble/src/ros2_unreal_interface/install/ros2_unreal_interface/lib/python3.10/site-packages/src/sensors
[0.933s] copying /home/isarlab/ros2_humble/src/ros2_unreal_interface/build/ros2_unreal_interface/build/lib/src/sensors/Laser.py -> /home/isarlab/ros2_humble/src/ros2_unreal_interface/install/ros2_unreal_interface/lib/python3.10/site-packages/src/sensors
[0.933s] copying /home/isarlab/ros2_humble/src/ros2_unreal_interface/build/ros2_unreal_interface/build/lib/src/sensors/__init__.py -> /home/isarlab/ros2_humble/src/ros2_unreal_interface/install/ros2_unreal_interface/lib/python3.10/site-packages/src/sensors
[0.933s] copying /home/isarlab/ros2_humble/src/ros2_unreal_interface/build/ros2_unreal_interface/build/lib/src/sensors/sensor.py -> /home/isarlab/ros2_humble/src/ros2_unreal_interface/install/ros2_unreal_interface/lib/python3.10/site-packages/src/sensors
[0.933s] copying /home/isarlab/ros2_humble/src/ros2_unreal_interface/build/ros2_unreal_interface/build/lib/src/sensors/SegmentationCamera.py -> /home/isarlab/ros2_humble/src/ros2_unreal_interface/install/ros2_unreal_interface/lib/python3.10/site-packages/src/sensors
[0.933s] copying /home/isarlab/ros2_humble/src/ros2_unreal_interface/build/ros2_unreal_interface/build/lib/src/sensors/Lidar.py -> /home/isarlab/ros2_humble/src/ros2_unreal_interface/install/ros2_unreal_interface/lib/python3.10/site-packages/src/sensors
[0.933s] copying /home/isarlab/ros2_humble/src/ros2_unreal_interface/build/ros2_unreal_interface/build/lib/src/sensors/RGBCamera.py -> /home/isarlab/ros2_humble/src/ros2_unreal_interface/install/ros2_unreal_interface/lib/python3.10/site-packages/src/sensors
[0.933s] copying /home/isarlab/ros2_humble/src/ros2_unreal_interface/build/ros2_unreal_interface/build/lib/src/sensors/DepthCamera.py -> /home/isarlab/ros2_humble/src/ros2_unreal_interface/install/ros2_unreal_interface/lib/python3.10/site-packages/src/sensors
[0.934s] byte-compiling /home/isarlab/ros2_humble/src/ros2_unreal_interface/install/ros2_unreal_interface/lib/python3.10/site-packages/src/__init__.py to __init__.cpython-310.pyc
[0.935s] byte-compiling /home/isarlab/ros2_humble/src/ros2_unreal_interface/install/ros2_unreal_interface/lib/python3.10/site-packages/src/environment.py to environment.cpython-310.pyc
[0.938s] byte-compiling /home/isarlab/ros2_humble/src/ros2_unreal_interface/install/ros2_unreal_interface/lib/python3.10/site-packages/src/sensors/GPS.py to GPS.cpython-310.pyc
[0.941s] byte-compiling /home/isarlab/ros2_humble/src/ros2_unreal_interface/install/ros2_unreal_interface/lib/python3.10/site-packages/src/sensors/Laser.py to Laser.cpython-310.pyc
[0.941s] byte-compiling /home/isarlab/ros2_humble/src/ros2_unreal_interface/install/ros2_unreal_interface/lib/python3.10/site-packages/src/sensors/__init__.py to __init__.cpython-310.pyc
[0.941s] byte-compiling /home/isarlab/ros2_humble/src/ros2_unreal_interface/install/ros2_unreal_interface/lib/python3.10/site-packages/src/sensors/sensor.py to sensor.cpython-310.pyc
[0.941s] byte-compiling /home/isarlab/ros2_humble/src/ros2_unreal_interface/install/ros2_unreal_interface/lib/python3.10/site-packages/src/sensors/SegmentationCamera.py to SegmentationCamera.cpython-310.pyc
[0.942s] byte-compiling /home/isarlab/ros2_humble/src/ros2_unreal_interface/install/ros2_unreal_interface/lib/python3.10/site-packages/src/sensors/Lidar.py to Lidar.cpython-310.pyc
[0.943s] byte-compiling /home/isarlab/ros2_humble/src/ros2_unreal_interface/install/ros2_unreal_interface/lib/python3.10/site-packages/src/sensors/RGBCamera.py to RGBCamera.cpython-310.pyc
[0.944s] byte-compiling /home/isarlab/ros2_humble/src/ros2_unreal_interface/install/ros2_unreal_interface/lib/python3.10/site-packages/src/sensors/DepthCamera.py to DepthCamera.cpython-310.pyc
[0.945s] running install_data
[0.946s] creating /home/isarlab/ros2_humble/src/ros2_unreal_interface/install/ros2_unreal_interface/share/ament_index
[0.946s] creating /home/isarlab/ros2_humble/src/ros2_unreal_interface/install/ros2_unreal_interface/share/ament_index/resource_index
[0.946s] creating /home/isarlab/ros2_humble/src/ros2_unreal_interface/install/ros2_unreal_interface/share/ament_index/resource_index/packages
[0.947s] copying resource/ros2_unreal_interface -> /home/isarlab/ros2_humble/src/ros2_unreal_interface/install/ros2_unreal_interface/share/ament_index/resource_index/packages
[0.947s] copying package.xml -> /home/isarlab/ros2_humble/src/ros2_unreal_interface/install/ros2_unreal_interface/share/ros2_unreal_interface
[0.947s] running install_egg_info
[0.949s] Copying build/ros2_unreal_interface/ros2_unreal_interface.egg-info to /home/isarlab/ros2_humble/src/ros2_unreal_interface/install/ros2_unreal_interface/lib/python3.10/site-packages/ros2_unreal_interface-0.0.0-py3.10.egg-info
[0.950s] running install_scripts
[0.970s] writing list of installed files to '/home/isarlab/ros2_humble/src/ros2_unreal_interface/build/ros2_unreal_interface/install.log'
[1.002s] Invoked command in '/home/isarlab/ros2_humble/src/ros2_unreal_interface' returned '0': PYTHONPATH=/home/isarlab/ros2_humble/src/ros2_unreal_interface/build/ros2_unreal_interface/prefix_override:/usr/lib/python3/dist-packages/colcon_core/task/python/colcon_distutils_commands:/home/isarlab/ros2_humble/src/ros2_unreal_interface/install/ros2_unreal_interface/lib/python3.10/site-packages:${PYTHONPATH} /usr/bin/python3 -W ignore:setup.py install is deprecated -W ignore:easy_install command is deprecated setup.py egg_info --egg-base build/ros2_unreal_interface build --build-base /home/isarlab/ros2_humble/src/ros2_unreal_interface/build/ros2_unreal_interface/build install --record /home/isarlab/ros2_humble/src/ros2_unreal_interface/build/ros2_unreal_interface/install.log --single-version-externally-managed install_data
