[0.591s] Invoking command in '/home/isarlab/ros2_humble/src/ros2_unreal_interface': PYTHONPATH=/home/isarlab/ros2_humble/src/build/ros2_unreal_interface/prefix_override:/usr/lib/python3/dist-packages/colcon_core/task/python/colcon_distutils_commands:/home/isarlab/ros2_humble/src/install/ros2_unreal_interface/lib/python3.10/site-packages:${PYTHONPATH} /usr/bin/python3 -W ignore:setup.py install is deprecated -W ignore:easy_install command is deprecated setup.py egg_info --egg-base ../build/ros2_unreal_interface build --build-base /home/isarlab/ros2_humble/src/build/ros2_unreal_interface/build install --record /home/isarlab/ros2_humble/src/build/ros2_unreal_interface/install.log --single-version-externally-managed install_data
[0.807s] running egg_info
[0.807s] writing ../build/ros2_unreal_interface/ros2_unreal_interface.egg-info/PKG-INFO
[0.808s] writing dependency_links to ../build/ros2_unreal_interface/ros2_unreal_interface.egg-info/dependency_links.txt
[0.808s] writing entry points to ../build/ros2_unreal_interface/ros2_unreal_interface.egg-info/entry_points.txt
[0.808s] writing requirements to ../build/ros2_unreal_interface/ros2_unreal_interface.egg-info/requires.txt
[0.808s] writing top-level names to ../build/ros2_unreal_interface/ros2_unreal_interface.egg-info/top_level.txt
[0.810s] reading manifest file '../build/ros2_unreal_interface/ros2_unreal_interface.egg-info/SOURCES.txt'
[0.811s] writing manifest file '../build/ros2_unreal_interface/ros2_unreal_interface.egg-info/SOURCES.txt'
[0.811s] running build
[0.811s] running build_py
[0.812s] running install
[0.812s] running install_lib
[0.814s] running install_data
[0.814s] copying package.xml -> /home/isarlab/ros2_humble/src/install/ros2_unreal_interface/share/ros2_unreal_interface
[0.815s] running install_egg_info
[0.817s] removing '/home/isarlab/ros2_humble/src/install/ros2_unreal_interface/lib/python3.10/site-packages/ros2_unreal_interface-0.0.0-py3.10.egg-info' (and everything under it)
[0.818s] Copying ../build/ros2_unreal_interface/ros2_unreal_interface.egg-info to /home/isarlab/ros2_humble/src/install/ros2_unreal_interface/lib/python3.10/site-packages/ros2_unreal_interface-0.0.0-py3.10.egg-info
[0.819s] running install_scripts
[0.838s] Installing environment script to /home/isarlab/ros2_humble/src/install/ros2_unreal_interface/lib/ros2_unreal_interface
[0.839s] writing list of installed files to '/home/isarlab/ros2_humble/src/build/ros2_unreal_interface/install.log'
[0.862s] Invoked command in '/home/isarlab/ros2_humble/src/ros2_unreal_interface' returned '0': PYTHONPATH=/home/isarlab/ros2_humble/src/build/ros2_unreal_interface/prefix_override:/usr/lib/python3/dist-packages/colcon_core/task/python/colcon_distutils_commands:/home/isarlab/ros2_humble/src/install/ros2_unreal_interface/lib/python3.10/site-packages:${PYTHONPATH} /usr/bin/python3 -W ignore:setup.py install is deprecated -W ignore:easy_install command is deprecated setup.py egg_info --egg-base ../build/ros2_unreal_interface build --build-base /home/isarlab/ros2_humble/src/build/ros2_unreal_interface/build install --record /home/isarlab/ros2_humble/src/build/ros2_unreal_interface/install.log --single-version-externally-managed install_data
