[2.440s] Invoking command in '/home/isarlab/ros2_humble/src/trajectory_metrics': PYTHONPATH=/home/isarlab/ros2_humble/src/build/trajectory_metrics/prefix_override:/usr/lib/python3/dist-packages/colcon_core/task/python/colcon_distutils_commands:/home/isarlab/ros2_humble/src/install/trajectory_metrics/lib/python3.10/site-packages:${PYTHONPATH} /usr/bin/python3 -W ignore:setup.py install is deprecated -W ignore:easy_install command is deprecated setup.py egg_info --egg-base ../build/trajectory_metrics build --build-base /home/isarlab/ros2_humble/src/build/trajectory_metrics/build install --record /home/isarlab/ros2_humble/src/build/trajectory_metrics/install.log --single-version-externally-managed install_data
[2.752s] running egg_info
[2.753s] creating ../build/trajectory_metrics/trajectory_metrics.egg-info
[2.753s] writing ../build/trajectory_metrics/trajectory_metrics.egg-info/PKG-INFO
[2.754s] writing dependency_links to ../build/trajectory_metrics/trajectory_metrics.egg-info/dependency_links.txt
[2.754s] writing entry points to ../build/trajectory_metrics/trajectory_metrics.egg-info/entry_points.txt
[2.754s] writing requirements to ../build/trajectory_metrics/trajectory_metrics.egg-info/requires.txt
[2.754s] writing top-level names to ../build/trajectory_metrics/trajectory_metrics.egg-info/top_level.txt
[2.755s] writing manifest file '../build/trajectory_metrics/trajectory_metrics.egg-info/SOURCES.txt'
[2.757s] reading manifest file '../build/trajectory_metrics/trajectory_metrics.egg-info/SOURCES.txt'
[2.757s] writing manifest file '../build/trajectory_metrics/trajectory_metrics.egg-info/SOURCES.txt'
[2.758s] running build
[2.758s] running build_py
[2.758s] creating /home/isarlab/ros2_humble/src/build/trajectory_metrics/build
[2.758s] creating /home/isarlab/ros2_humble/src/build/trajectory_metrics/build/lib
[2.759s] creating /home/isarlab/ros2_humble/src/build/trajectory_metrics/build/lib/trajectory_metrics
[2.759s] copying trajectory_metrics/__init__.py -> /home/isarlab/ros2_humble/src/build/trajectory_metrics/build/lib/trajectory_metrics
[2.759s] copying trajectory_metrics/trajectory_metrics_node.py -> /home/isarlab/ros2_humble/src/build/trajectory_metrics/build/lib/trajectory_metrics
[2.760s] running install
[2.760s] running install_lib
[2.761s] creating /home/isarlab/ros2_humble/src/install/trajectory_metrics/lib/python3.10/site-packages/trajectory_metrics
[2.762s] copying /home/isarlab/ros2_humble/src/build/trajectory_metrics/build/lib/trajectory_metrics/__init__.py -> /home/isarlab/ros2_humble/src/install/trajectory_metrics/lib/python3.10/site-packages/trajectory_metrics
[2.762s] copying /home/isarlab/ros2_humble/src/build/trajectory_metrics/build/lib/trajectory_metrics/trajectory_metrics_node.py -> /home/isarlab/ros2_humble/src/install/trajectory_metrics/lib/python3.10/site-packages/trajectory_metrics
[2.763s] byte-compiling /home/isarlab/ros2_humble/src/install/trajectory_metrics/lib/python3.10/site-packages/trajectory_metrics/__init__.py to __init__.cpython-310.pyc
[2.764s] byte-compiling /home/isarlab/ros2_humble/src/install/trajectory_metrics/lib/python3.10/site-packages/trajectory_metrics/trajectory_metrics_node.py to trajectory_metrics_node.cpython-310.pyc
[2.771s] running install_data
[2.771s] creating /home/isarlab/ros2_humble/src/install/trajectory_metrics/share/ament_index
[2.771s] creating /home/isarlab/ros2_humble/src/install/trajectory_metrics/share/ament_index/resource_index
[2.771s] creating /home/isarlab/ros2_humble/src/install/trajectory_metrics/share/ament_index/resource_index/packages
[2.772s] copying resource/trajectory_metrics -> /home/isarlab/ros2_humble/src/install/trajectory_metrics/share/ament_index/resource_index/packages
[2.773s] copying package.xml -> /home/isarlab/ros2_humble/src/install/trajectory_metrics/share/trajectory_metrics
[2.773s] creating /home/isarlab/ros2_humble/src/install/trajectory_metrics/share/trajectory_metrics/launch
[2.773s] copying launch/trajectory_metrics.launch.py -> /home/isarlab/ros2_humble/src/install/trajectory_metrics/share/trajectory_metrics/launch
[2.774s] creating /home/isarlab/ros2_humble/src/install/trajectory_metrics/share/trajectory_metrics/config
[2.774s] copying config/trajectory_metrics.yaml -> /home/isarlab/ros2_humble/src/install/trajectory_metrics/share/trajectory_metrics/config
[2.775s] running install_egg_info
[2.778s] Copying ../build/trajectory_metrics/trajectory_metrics.egg-info to /home/isarlab/ros2_humble/src/install/trajectory_metrics/lib/python3.10/site-packages/trajectory_metrics-0.0.1-py3.10.egg-info
[2.779s] running install_scripts
[2.813s] Installing trajectory_metrics_node script to /home/isarlab/ros2_humble/src/install/trajectory_metrics/lib/trajectory_metrics
[2.815s] writing list of installed files to '/home/isarlab/ros2_humble/src/build/trajectory_metrics/install.log'
[2.867s] Invoked command in '/home/isarlab/ros2_humble/src/trajectory_metrics' returned '0': PYTHONPATH=/home/isarlab/ros2_humble/src/build/trajectory_metrics/prefix_override:/usr/lib/python3/dist-packages/colcon_core/task/python/colcon_distutils_commands:/home/isarlab/ros2_humble/src/install/trajectory_metrics/lib/python3.10/site-packages:${PYTHONPATH} /usr/bin/python3 -W ignore:setup.py install is deprecated -W ignore:easy_install command is deprecated setup.py egg_info --egg-base ../build/trajectory_metrics build --build-base /home/isarlab/ros2_humble/src/build/trajectory_metrics/build install --record /home/isarlab/ros2_humble/src/build/trajectory_metrics/install.log --single-version-externally-managed install_data
