[0.321s] DEBUG:colcon:Command line arguments: ['/usr/bin/colcon', 'list']
[0.322s] DEBUG:colcon:Parsed command line arguments: Namespace(log_base=None, log_level=None, verb_name='list', build_base='build', ignore_user_meta=False, metas=['./colcon.meta'], base_paths=['.'], packages_ignore=None, packages_ignore_regex=None, paths=None, packages_up_to=None, packages_up_to_regex=None, packages_above=None, packages_above_and_dependencies=None, packages_above_depth=None, packages_select_by_dep=None, packages_skip_by_dep=None, packages_skip_up_to=None, packages_select_build_failed=False, packages_skip_build_finished=False, packages_select_test_failures=False, packages_skip_test_passed=False, packages_select=None, packages_skip=None, packages_select_regex=None, packages_skip_regex=None, packages_start=None, packages_end=None, allow_overriding=[], topological_order=False, names_only=False, paths_only=False, topological_graph=False, topological_graph_dot=False, topological_graph_density=False, topological_graph_legend=False, topological_graph_dot_cluster=False, topological_graph_dot_include_skipped=False, mixin_files=None, mixin=None, verb_parser=<colcon_mixin.mixin.mixin_argument.MixinArgumentDecorator object at 0x7b438d97de70>, verb_extension=<colcon_package_information.verb.list.ListVerb object at 0x7b438d902e30>, main=<bound method ListVerb.main of <colcon_package_information.verb.list.ListVerb object at 0x7b438d902e30>>, mixin_verb=('list',))
[0.718s] Level 1:colcon.colcon_core.package_discovery:discover_packages(colcon_meta) check parameters
[0.718s] Level 1:colcon.colcon_core.package_discovery:discover_packages(recursive) check parameters
[0.718s] Level 1:colcon.colcon_core.package_discovery:discover_packages(ignore) check parameters
[0.718s] Level 1:colcon.colcon_core.package_discovery:discover_packages(path) check parameters
[0.718s] Level 1:colcon.colcon_core.package_discovery:discover_packages(colcon_meta) discover
[0.718s] Level 1:colcon.colcon_core.package_discovery:discover_packages(recursive) discover
[0.719s] INFO:colcon.colcon_core.package_discovery:Crawling recursively for packages in '/home/isarlab/ros2_humble/src'
[0.719s] Level 1:colcon.colcon_core.package_identification:_identify(.) by extensions ['ignore', 'ignore_ament_install']
[0.719s] Level 1:colcon.colcon_core.package_identification:_identify(.) by extension 'ignore'
[0.719s] Level 1:colcon.colcon_core.package_identification:_identify(.) by extension 'ignore_ament_install'
[0.719s] Level 1:colcon.colcon_core.package_identification:_identify(.) by extensions ['colcon_pkg']
[0.719s] Level 1:colcon.colcon_core.package_identification:_identify(.) by extension 'colcon_pkg'
[0.719s] Level 1:colcon.colcon_core.package_identification:_identify(.) by extensions ['colcon_meta']
[0.719s] Level 1:colcon.colcon_core.package_identification:_identify(.) by extension 'colcon_meta'
[0.719s] Level 1:colcon.colcon_core.package_identification:_identify(.) by extensions ['ros']
[0.719s] Level 1:colcon.colcon_core.package_identification:_identify(.) by extension 'ros'
[0.737s] Level 1:colcon.colcon_core.package_identification:_identify(.) by extensions ['cmake', 'python']
[0.737s] Level 1:colcon.colcon_core.package_identification:_identify(.) by extension 'cmake'
[0.737s] Level 1:colcon.colcon_core.package_identification:_identify(.) by extension 'python'
[0.737s] Level 1:colcon.colcon_core.package_identification:_identify(.) by extensions ['python_setup_py']
[0.737s] Level 1:colcon.colcon_core.package_identification:_identify(.) by extension 'python_setup_py'
[0.738s] Level 1:colcon.colcon_core.package_identification:_identify(ackermann_kf_tracker) by extensions ['ignore', 'ignore_ament_install']
[0.738s] Level 1:colcon.colcon_core.package_identification:_identify(ackermann_kf_tracker) by extension 'ignore'
[0.738s] Level 1:colcon.colcon_core.package_identification:_identify(ackermann_kf_tracker) by extension 'ignore_ament_install'
[0.738s] Level 1:colcon.colcon_core.package_identification:_identify(ackermann_kf_tracker) by extensions ['colcon_pkg']
[0.738s] Level 1:colcon.colcon_core.package_identification:_identify(ackermann_kf_tracker) by extension 'colcon_pkg'
[0.738s] Level 1:colcon.colcon_core.package_identification:_identify(ackermann_kf_tracker) by extensions ['colcon_meta']
[0.738s] Level 1:colcon.colcon_core.package_identification:_identify(ackermann_kf_tracker) by extension 'colcon_meta'
[0.738s] Level 1:colcon.colcon_core.package_identification:_identify(ackermann_kf_tracker) by extensions ['ros']
[0.738s] Level 1:colcon.colcon_core.package_identification:_identify(ackermann_kf_tracker) by extension 'ros'
[0.743s] DEBUG:colcon.colcon_core.package_identification:Package 'ackermann_kf_tracker' with type 'ros.ament_python' and name 'ackermann_kf_tracker'
[0.743s] Level 1:colcon.colcon_core.package_identification:_identify(build) by extensions ['ignore', 'ignore_ament_install']
[0.743s] Level 1:colcon.colcon_core.package_identification:_identify(build) by extension 'ignore'
[0.743s] Level 1:colcon.colcon_core.package_identification:_identify(build) ignored
[0.744s] Level 1:colcon.colcon_core.package_identification:_identify(depth_yolo_fusion) by extensions ['ignore', 'ignore_ament_install']
[0.744s] Level 1:colcon.colcon_core.package_identification:_identify(depth_yolo_fusion) by extension 'ignore'
[0.744s] Level 1:colcon.colcon_core.package_identification:_identify(depth_yolo_fusion) by extension 'ignore_ament_install'
[0.744s] Level 1:colcon.colcon_core.package_identification:_identify(depth_yolo_fusion) by extensions ['colcon_pkg']
[0.744s] Level 1:colcon.colcon_core.package_identification:_identify(depth_yolo_fusion) by extension 'colcon_pkg'
[0.744s] Level 1:colcon.colcon_core.package_identification:_identify(depth_yolo_fusion) by extensions ['colcon_meta']
[0.744s] Level 1:colcon.colcon_core.package_identification:_identify(depth_yolo_fusion) by extension 'colcon_meta'
[0.744s] Level 1:colcon.colcon_core.package_identification:_identify(depth_yolo_fusion) by extensions ['ros']
[0.744s] Level 1:colcon.colcon_core.package_identification:_identify(depth_yolo_fusion) by extension 'ros'
[0.745s] DEBUG:colcon.colcon_core.package_identification:Package 'depth_yolo_fusion' with type 'ros.ament_python' and name 'depth_yolo_fusion'
[0.746s] Level 1:colcon.colcon_core.package_identification:_identify(experiments) by extensions ['ignore', 'ignore_ament_install']
[0.746s] Level 1:colcon.colcon_core.package_identification:_identify(experiments) by extension 'ignore'
[0.746s] Level 1:colcon.colcon_core.package_identification:_identify(experiments) by extension 'ignore_ament_install'
[0.746s] Level 1:colcon.colcon_core.package_identification:_identify(experiments) by extensions ['colcon_pkg']
[0.746s] Level 1:colcon.colcon_core.package_identification:_identify(experiments) by extension 'colcon_pkg'
[0.746s] Level 1:colcon.colcon_core.package_identification:_identify(experiments) by extensions ['colcon_meta']
[0.746s] Level 1:colcon.colcon_core.package_identification:_identify(experiments) by extension 'colcon_meta'
[0.746s] Level 1:colcon.colcon_core.package_identification:_identify(experiments) by extensions ['ros']
[0.746s] Level 1:colcon.colcon_core.package_identification:_identify(experiments) by extension 'ros'
[0.747s] DEBUG:colcon.colcon_core.package_identification:Package 'experiments' with type 'ros.ament_python' and name 'experiments'
[0.747s] Level 1:colcon.colcon_core.package_identification:_identify(install) by extensions ['ignore', 'ignore_ament_install']
[0.747s] Level 1:colcon.colcon_core.package_identification:_identify(install) by extension 'ignore'
[0.747s] Level 1:colcon.colcon_core.package_identification:_identify(install) ignored
[0.747s] Level 1:colcon.colcon_core.package_identification:_identify(log) by extensions ['ignore', 'ignore_ament_install']
[0.748s] Level 1:colcon.colcon_core.package_identification:_identify(log) by extension 'ignore'
[0.748s] Level 1:colcon.colcon_core.package_identification:_identify(log) ignored
[0.748s] Level 1:colcon.colcon_core.package_identification:_identify(ros2_unreal_interface) by extensions ['ignore', 'ignore_ament_install']
[0.748s] Level 1:colcon.colcon_core.package_identification:_identify(ros2_unreal_interface) by extension 'ignore'
[0.748s] Level 1:colcon.colcon_core.package_identification:_identify(ros2_unreal_interface) by extension 'ignore_ament_install'
[0.748s] Level 1:colcon.colcon_core.package_identification:_identify(ros2_unreal_interface) by extensions ['colcon_pkg']
[0.748s] Level 1:colcon.colcon_core.package_identification:_identify(ros2_unreal_interface) by extension 'colcon_pkg'
[0.748s] Level 1:colcon.colcon_core.package_identification:_identify(ros2_unreal_interface) by extensions ['colcon_meta']
[0.748s] Level 1:colcon.colcon_core.package_identification:_identify(ros2_unreal_interface) by extension 'colcon_meta'
[0.748s] Level 1:colcon.colcon_core.package_identification:_identify(ros2_unreal_interface) by extensions ['ros']
[0.748s] Level 1:colcon.colcon_core.package_identification:_identify(ros2_unreal_interface) by extension 'ros'
[0.748s] DEBUG:colcon.colcon_core.package_identification:Failed to parse potential ROS package manifest in'ros2_unreal_interface': Error(s) in package 'ros2_unreal_interface/package.xml':
The manifest contains invalid XML:
no element found: line 1, column 0
[0.748s] Level 1:colcon.colcon_core.package_identification:_identify(ros2_unreal_interface) by extensions ['cmake', 'python']
[0.748s] Level 1:colcon.colcon_core.package_identification:_identify(ros2_unreal_interface) by extension 'cmake'
[0.748s] Level 1:colcon.colcon_core.package_identification:_identify(ros2_unreal_interface) by extension 'python'
[0.749s] DEBUG:colcon.colcon_core.package_identification:Python package in 'ros2_unreal_interface' passes arguments to the setup() function which requires a different identification extension than 'python'
[0.749s] Level 1:colcon.colcon_core.package_identification:_identify(ros2_unreal_interface) by extensions ['python_setup_py']
[0.749s] Level 1:colcon.colcon_core.package_identification:_identify(ros2_unreal_interface) by extension 'python_setup_py'
[1.113s] DEBUG:colcon.colcon_core.package_identification:Package 'ros2_unreal_interface' with type 'python' and name 'ros2_unreal_interface'
[1.113s] Level 1:colcon.colcon_core.package_identification:_identify(trajectory_metrics) by extensions ['ignore', 'ignore_ament_install']
[1.114s] Level 1:colcon.colcon_core.package_identification:_identify(trajectory_metrics) by extension 'ignore'
[1.114s] Level 1:colcon.colcon_core.package_identification:_identify(trajectory_metrics) by extension 'ignore_ament_install'
[1.114s] Level 1:colcon.colcon_core.package_identification:_identify(trajectory_metrics) by extensions ['colcon_pkg']
[1.114s] Level 1:colcon.colcon_core.package_identification:_identify(trajectory_metrics) by extension 'colcon_pkg'
[1.114s] Level 1:colcon.colcon_core.package_identification:_identify(trajectory_metrics) by extensions ['colcon_meta']
[1.114s] Level 1:colcon.colcon_core.package_identification:_identify(trajectory_metrics) by extension 'colcon_meta'
[1.114s] Level 1:colcon.colcon_core.package_identification:_identify(trajectory_metrics) by extensions ['ros']
[1.114s] Level 1:colcon.colcon_core.package_identification:_identify(trajectory_metrics) by extension 'ros'
[1.122s] DEBUG:colcon.colcon_core.package_identification:Package 'trajectory_metrics' with type 'ros.ament_python' and name 'trajectory_metrics'
[1.130s] Level 1:colcon.colcon_core.package_identification:_identify(unicycle_kf_tracker) by extensions ['ignore', 'ignore_ament_install']
[1.130s] Level 1:colcon.colcon_core.package_identification:_identify(unicycle_kf_tracker) by extension 'ignore'
[1.130s] Level 1:colcon.colcon_core.package_identification:_identify(unicycle_kf_tracker) by extension 'ignore_ament_install'
[1.130s] Level 1:colcon.colcon_core.package_identification:_identify(unicycle_kf_tracker) by extensions ['colcon_pkg']
[1.130s] Level 1:colcon.colcon_core.package_identification:_identify(unicycle_kf_tracker) by extension 'colcon_pkg'
[1.130s] Level 1:colcon.colcon_core.package_identification:_identify(unicycle_kf_tracker) by extensions ['colcon_meta']
[1.130s] Level 1:colcon.colcon_core.package_identification:_identify(unicycle_kf_tracker) by extension 'colcon_meta'
[1.131s] Level 1:colcon.colcon_core.package_identification:_identify(unicycle_kf_tracker) by extensions ['ros']
[1.131s] Level 1:colcon.colcon_core.package_identification:_identify(unicycle_kf_tracker) by extension 'ros'
[1.141s] DEBUG:colcon.colcon_core.package_identification:Package 'unicycle_kf_tracker' with type 'ros.ament_python' and name 'unicycle_kf_tracker'
[1.165s] Level 1:colcon.colcon_core.package_identification:_identify(yolo_detector) by extensions ['ignore', 'ignore_ament_install']
[1.165s] Level 1:colcon.colcon_core.package_identification:_identify(yolo_detector) by extension 'ignore'
[1.165s] Level 1:colcon.colcon_core.package_identification:_identify(yolo_detector) by extension 'ignore_ament_install'
[1.165s] Level 1:colcon.colcon_core.package_identification:_identify(yolo_detector) by extensions ['colcon_pkg']
[1.165s] Level 1:colcon.colcon_core.package_identification:_identify(yolo_detector) by extension 'colcon_pkg'
[1.166s] Level 1:colcon.colcon_core.package_identification:_identify(yolo_detector) by extensions ['colcon_meta']
[1.166s] Level 1:colcon.colcon_core.package_identification:_identify(yolo_detector) by extension 'colcon_meta'
[1.166s] Level 1:colcon.colcon_core.package_identification:_identify(yolo_detector) by extensions ['ros']
[1.166s] Level 1:colcon.colcon_core.package_identification:_identify(yolo_detector) by extension 'ros'
[1.230s] DEBUG:colcon.colcon_core.package_identification:Package 'yolo_detector' with type 'ros.ament_python' and name 'yolo_detector'
[1.230s] Level 1:colcon.colcon_core.package_discovery:discover_packages(recursive) using defaults
[1.231s] Level 1:colcon.colcon_core.package_discovery:discover_packages(ignore) discover
[1.231s] Level 1:colcon.colcon_core.package_discovery:discover_packages(ignore) using defaults
[1.231s] Level 1:colcon.colcon_core.package_discovery:discover_packages(path) discover
[1.231s] Level 1:colcon.colcon_core.package_discovery:discover_packages(path) using defaults
