[2.445s] Invoking command in '/home/isarlab/ros2_humble/src/yolo_detector': PYTHONPATH=/home/isarlab/ros2_humble/src/build/yolo_detector/prefix_override:/usr/lib/python3/dist-packages/colcon_core/task/python/colcon_distutils_commands:/home/isarlab/ros2_humble/src/install/yolo_detector/lib/python3.10/site-packages:${PYTHONPATH} /usr/bin/python3 -W ignore:setup.py install is deprecated -W ignore:easy_install command is deprecated setup.py egg_info --egg-base ../build/yolo_detector build --build-base /home/isarlab/ros2_humble/src/build/yolo_detector/build install --record /home/isarlab/ros2_humble/src/build/yolo_detector/install.log --single-version-externally-managed install_data
[2.801s] running egg_info
[2.803s] writing ../build/yolo_detector/yolo_detector.egg-info/PKG-INFO
[2.804s] writing dependency_links to ../build/yolo_detector/yolo_detector.egg-info/dependency_links.txt
[2.805s] writing entry points to ../build/yolo_detector/yolo_detector.egg-info/entry_points.txt
[2.805s] writing requirements to ../build/yolo_detector/yolo_detector.egg-info/requires.txt
[2.806s] writing top-level names to ../build/yolo_detector/yolo_detector.egg-info/top_level.txt
[2.809s] reading manifest file '../build/yolo_detector/yolo_detector.egg-info/SOURCES.txt'
[2.811s] writing manifest file '../build/yolo_detector/yolo_detector.egg-info/SOURCES.txt'
[2.811s] running build
[2.811s] running build_py
[2.812s] copying src/yolo_detector/yolo_detector_node.py -> /home/isarlab/ros2_humble/src/build/yolo_detector/build/lib/yolo_detector
[2.812s] copying src/yolo_detector/yolo_detector_node.yaml -> /home/isarlab/ros2_humble/src/build/yolo_detector/build/lib/yolo_detector
[2.813s] running install
[2.814s] running install_lib
[2.815s] copying /home/isarlab/ros2_humble/src/build/yolo_detector/build/lib/yolo_detector/yolo_detector_node.yaml -> /home/isarlab/ros2_humble/src/install/yolo_detector/lib/python3.10/site-packages/yolo_detector
[2.815s] copying /home/isarlab/ros2_humble/src/build/yolo_detector/build/lib/yolo_detector/yolo_detector_node.py -> /home/isarlab/ros2_humble/src/install/yolo_detector/lib/python3.10/site-packages/yolo_detector
[2.816s] byte-compiling /home/isarlab/ros2_humble/src/install/yolo_detector/lib/python3.10/site-packages/yolo_detector/yolo_detector_node.py to yolo_detector_node.cpython-310.pyc
[2.820s] running install_data
[2.820s] copying launch/yolo_detector.launch.py -> /home/isarlab/ros2_humble/src/install/yolo_detector/share/yolo_detector/launch
[2.822s] running install_egg_info
[2.823s] removing '/home/isarlab/ros2_humble/src/install/yolo_detector/lib/python3.10/site-packages/yolo_detector-0.0.1-py3.10.egg-info' (and everything under it)
[2.824s] Copying ../build/yolo_detector/yolo_detector.egg-info to /home/isarlab/ros2_humble/src/install/yolo_detector/lib/python3.10/site-packages/yolo_detector-0.0.1-py3.10.egg-info
[2.827s] running install_scripts
[2.854s] Installing yolo_detector script to /home/isarlab/ros2_humble/src/install/yolo_detector/lib/yolo_detector
[2.854s] writing list of installed files to '/home/isarlab/ros2_humble/src/build/yolo_detector/install.log'
[2.896s] Invoked command in '/home/isarlab/ros2_humble/src/yolo_detector' returned '0': PYTHONPATH=/home/isarlab/ros2_humble/src/build/yolo_detector/prefix_override:/usr/lib/python3/dist-packages/colcon_core/task/python/colcon_distutils_commands:/home/isarlab/ros2_humble/src/install/yolo_detector/lib/python3.10/site-packages:${PYTHONPATH} /usr/bin/python3 -W ignore:setup.py install is deprecated -W ignore:easy_install command is deprecated setup.py egg_info --egg-base ../build/yolo_detector build --build-base /home/isarlab/ros2_humble/src/build/yolo_detector/build install --record /home/isarlab/ros2_humble/src/build/yolo_detector/install.log --single-version-externally-managed install_data
