[INFO] [launch]: All log files can be found below /home/isarlab/.ros/log/2026-04-01-11-46-22-947139-DESKTOP-PQ37J3S-15702
[INFO] [launch]: Default logging verbosity is set to INFO
[INFO] [launch.user]: [experiments] Stage selezionato: unicycle
[INFO] [yolo_detector-1]: process started with pid [15723]
[INFO] [depth_yolo_fusion-2]: process started with pid [15725]
[INFO] [unicycle_kf_tracker-3]: process started with pid [15727]
[unicycle_kf_tracker-3] [INFO] [1775036783.468563335] [unicycle_kf_tracker]: UnicycleKFTrackerNode ready
[unicycle_kf_tracker-3]   input_topic: yolo/detections_xyz
[unicycle_kf_tracker-3]   output_topic: unicycle_kf/tracks
[unicycle_kf_tracker-3]   image_width_px: 1280
[unicycle_kf_tracker-3]   horizontal_fov_deg: 90.0
[unicycle_kf_tracker-3]   vehicle_width_m: 3.0
[unicycle_kf_tracker-3]   max_yaw_rate_deg: 90.0
[unicycle_kf_tracker-3]   focal_px: 640.00
[depth_yolo_fusion-2] [INFO] [1775036783.740564855] [depth_yolo_fusion_node]: Depth scale: 0.01 [m/unità]
[depth_yolo_fusion-2] [INFO] [1775036783.741134282] [depth_yolo_fusion_node]: Depth topic: /environment/DepthCamera/DepthCameraSDT/image_raw
[depth_yolo_fusion-2] [INFO] [1775036783.741452606] [depth_yolo_fusion_node]: Detections topic: yolo/detections
[unicycle_kf_tracker-3] [INFO] [1775036783.905868061] [unicycle_kf_tracker]: [unicycle] cb=1 det_in=0 invalid=0 no_track_id=0 bad_class=0 bad_meas=0 created=0 tracks_out=0 tracks_mem=0
[unicycle_kf_tracker-3] [INFO] [1775036784.765690531] [unicycle_kf_tracker]: [unicycle] cb=10 det_in=0 invalid=0 no_track_id=0 bad_class=0 bad_meas=0 created=0 tracks_out=0 tracks_mem=0
[yolo_detector-1] [INFO] [1775036785.248722100] [YoloDetector]: YOLO tracking: ON (track=True)
[yolo_detector-1] [INFO] [1775036785.250361211] [YoloDetector]: YoloDetectorNode inizializzato con:
[yolo_detector-1]   input_topic: /environment/RGBCamera/CameraSDT/image_raw
[yolo_detector-1]   output_image_topic: yolo/annotated_image
[yolo_detector-1]   output_detections_topic: yolo/detections
[yolo_detector-1]   model_path: /home/isarlab/ros2_humble/install/yolo_detector/share/yolo_detector/models/yolov8n.pt
[yolo_detector-1]   conf_threshold=0.25 | iou_threshold=0.45 | class_filter=[]
[yolo_detector-1]   tracker_cfg: (default YOLO)
[yolo_detector-1] [INFO] [1775036785.296277624] [YoloDetector]: Loaded Ultralytics YOLO from /home/isarlab/ros2_humble/install/yolo_detector/share/yolo_detector/models/yolov8n.pt
[unicycle_kf_tracker-3] [INFO] [1775036785.773782691] [unicycle_kf_tracker]: [unicycle] cb=20 det_in=0 invalid=0 no_track_id=0 bad_class=0 bad_meas=0 created=0 tracks_out=0 tracks_mem=0
[unicycle_kf_tracker-3] [INFO] [1775036786.764686347] [unicycle_kf_tracker]: [unicycle] cb=30 det_in=0 invalid=0 no_track_id=0 bad_class=0 bad_meas=0 created=0 tracks_out=0 tracks_mem=0
[unicycle_kf_tracker-3] [INFO] [1775036786.870996133] [unicycle_kf_tracker]: [unicycle] create track_id=1 class=kite z=(3.944, -0.817)
[unicycle_kf_tracker-3] [INFO] [1775036788.063588496] [unicycle_kf_tracker]: [unicycle] cb=40 det_in=1 invalid=0 no_track_id=0 bad_class=0 bad_meas=0 created=0 tracks_out=1 tracks_mem=1
[unicycle_kf_tracker-3] [INFO] [1775036789.186608201] [unicycle_kf_tracker]: [unicycle] cb=50 det_in=1 invalid=0 no_track_id=0 bad_class=0 bad_meas=0 created=0 tracks_out=1 tracks_mem=1
[unicycle_kf_tracker-3] [INFO] [1775036790.178353669] [unicycle_kf_tracker]: [unicycle] cb=60 det_in=1 invalid=0 no_track_id=0 bad_class=0 bad_meas=0 created=0 tracks_out=1 tracks_mem=1
[unicycle_kf_tracker-3] [INFO] [1775036791.176141832] [unicycle_kf_tracker]: [unicycle] cb=70 det_in=1 invalid=0 no_track_id=0 bad_class=0 bad_meas=0 created=0 tracks_out=1 tracks_mem=1
[unicycle_kf_tracker-3] [INFO] [1775036792.377008878] [unicycle_kf_tracker]: [unicycle] cb=80 det_in=1 invalid=0 no_track_id=0 bad_class=0 bad_meas=0 created=0 tracks_out=1 tracks_mem=1
[unicycle_kf_tracker-3] [INFO] [1775036793.366702770] [unicycle_kf_tracker]: [unicycle] cb=90 det_in=1 invalid=0 no_track_id=0 bad_class=0 bad_meas=0 created=0 tracks_out=1 tracks_mem=1
[unicycle_kf_tracker-3] [INFO] [1775036794.372523693] [unicycle_kf_tracker]: [unicycle] cb=100 det_in=1 invalid=0 no_track_id=0 bad_class=0 bad_meas=0 created=0 tracks_out=1 tracks_mem=1
[unicycle_kf_tracker-3] [INFO] [1775036795.668407074] [unicycle_kf_tracker]: [unicycle] cb=110 det_in=1 invalid=0 no_track_id=0 bad_class=0 bad_meas=0 created=0 tracks_out=1 tracks_mem=1
[unicycle_kf_tracker-3] [INFO] [1775036796.866180544] [unicycle_kf_tracker]: [unicycle] cb=120 det_in=1 invalid=0 no_track_id=0 bad_class=0 bad_meas=0 created=0 tracks_out=1 tracks_mem=1
[unicycle_kf_tracker-3] [INFO] [1775036798.072573345] [unicycle_kf_tracker]: [unicycle] cb=130 det_in=1 invalid=0 no_track_id=0 bad_class=0 bad_meas=0 created=0 tracks_out=1 tracks_mem=1
[unicycle_kf_tracker-3] [INFO] [1775036799.072746131] [unicycle_kf_tracker]: [unicycle] cb=140 det_in=1 invalid=0 no_track_id=0 bad_class=0 bad_meas=0 created=0 tracks_out=1 tracks_mem=1
[unicycle_kf_tracker-3] [INFO] [1775036800.179779949] [unicycle_kf_tracker]: [unicycle] cb=150 det_in=1 invalid=0 no_track_id=0 bad_class=0 bad_meas=0 created=0 tracks_out=1 tracks_mem=1
[unicycle_kf_tracker-3] [INFO] [1775036801.177146672] [unicycle_kf_tracker]: [unicycle] cb=160 det_in=1 invalid=0 no_track_id=0 bad_class=0 bad_meas=0 created=0 tracks_out=1 tracks_mem=1
[unicycle_kf_tracker-3] [INFO] [1775036802.433604884] [unicycle_kf_tracker]: [unicycle] cb=170 det_in=1 invalid=0 no_track_id=0 bad_class=0 bad_meas=1 created=0 tracks_out=1 tracks_mem=1
[unicycle_kf_tracker-3] [INFO] [1775036803.471418963] [unicycle_kf_tracker]: [unicycle] cb=180 det_in=1 invalid=0 no_track_id=0 bad_class=0 bad_meas=0 created=0 tracks_out=1 tracks_mem=1
[unicycle_kf_tracker-3] [INFO] [1775036804.868118324] [unicycle_kf_tracker]: [unicycle] cb=190 det_in=1 invalid=0 no_track_id=0 bad_class=0 bad_meas=0 created=0 tracks_out=1 tracks_mem=1
[unicycle_kf_tracker-3] [INFO] [1775036806.771371318] [unicycle_kf_tracker]: [unicycle] cb=200 det_in=1 invalid=0 no_track_id=0 bad_class=0 bad_meas=0 created=0 tracks_out=1 tracks_mem=1
[unicycle_kf_tracker-3] [INFO] [1775036807.768718585] [unicycle_kf_tracker]: [unicycle] cb=210 det_in=1 invalid=0 no_track_id=0 bad_class=0 bad_meas=0 created=0 tracks_out=1 tracks_mem=1
[unicycle_kf_tracker-3] [INFO] [1775036808.771243474] [unicycle_kf_tracker]: [unicycle] cb=220 det_in=1 invalid=0 no_track_id=0 bad_class=0 bad_meas=0 created=0 tracks_out=1 tracks_mem=1
[unicycle_kf_tracker-3] [INFO] [1775036809.769292152] [unicycle_kf_tracker]: [unicycle] cb=230 det_in=1 invalid=0 no_track_id=0 bad_class=0 bad_meas=0 created=0 tracks_out=1 tracks_mem=1
[unicycle_kf_tracker-3] [INFO] [1775036810.863450278] [unicycle_kf_tracker]: [unicycle] cb=240 det_in=1 invalid=0 no_track_id=0 bad_class=0 bad_meas=0 created=0 tracks_out=1 tracks_mem=1
[unicycle_kf_tracker-3] [INFO] [1775036811.973947935] [unicycle_kf_tracker]: [unicycle] cb=250 det_in=1 invalid=0 no_track_id=0 bad_class=0 bad_meas=0 created=0 tracks_out=1 tracks_mem=1
[unicycle_kf_tracker-3] [INFO] [1775036813.014380518] [unicycle_kf_tracker]: [unicycle] cb=260 det_in=1 invalid=0 no_track_id=0 bad_class=0 bad_meas=1 created=0 tracks_out=1 tracks_mem=1
[unicycle_kf_tracker-3] [INFO] [1775036814.161275641] [unicycle_kf_tracker]: [unicycle] cb=270 det_in=1 invalid=0 no_track_id=0 bad_class=0 bad_meas=0 created=0 tracks_out=1 tracks_mem=1
[unicycle_kf_tracker-3] [INFO] [1775036815.172769787] [unicycle_kf_tracker]: [unicycle] cb=280 det_in=1 invalid=0 no_track_id=0 bad_class=0 bad_meas=0 created=0 tracks_out=1 tracks_mem=1
[unicycle_kf_tracker-3] [INFO] [1775036816.162351586] [unicycle_kf_tracker]: [unicycle] cb=290 det_in=1 invalid=0 no_track_id=0 bad_class=0 bad_meas=0 created=0 tracks_out=1 tracks_mem=1
[unicycle_kf_tracker-3] [INFO] [1775036817.173189914] [unicycle_kf_tracker]: [unicycle] cb=300 det_in=1 invalid=0 no_track_id=0 bad_class=0 bad_meas=0 created=0 tracks_out=1 tracks_mem=1
[unicycle_kf_tracker-3] [INFO] [1775036818.242674703] [unicycle_kf_tracker]: [unicycle] cb=310 det_in=1 invalid=0 no_track_id=0 bad_class=0 bad_meas=1 created=0 tracks_out=1 tracks_mem=1
[WARNING] [launch]: user interrupted with ctrl-c (SIGINT)
[depth_yolo_fusion-2] Traceback (most recent call last):
[depth_yolo_fusion-2]   File "/home/isarlab/ros2_humble/install/depth_yolo_fusion/lib/depth_yolo_fusion/depth_yolo_fusion", line 33, in <module>
[depth_yolo_fusion-2]     sys.exit(load_entry_point('depth-yolo-fusion==0.0.1', 'console_scripts', 'depth_yolo_fusion')())
[depth_yolo_fusion-2]   File "/home/isarlab/ros2_humble/install/depth_yolo_fusion/lib/python3.10/site-packages/depth_yolo_fusion/depth_yolo_fusion_node.py", line 277, in main
[depth_yolo_fusion-2]     rclpy.spin(node)
[depth_yolo_fusion-2]   File "/opt/ros/humble/local/lib/python3.10/dist-packages/rclpy/__init__.py", line 229, in spin
[depth_yolo_fusion-2]     executor.spin_once()
[depth_yolo_fusion-2]   File "/opt/ros/humble/local/lib/python3.10/dist-packages/rclpy/executors.py", line 751, in spin_once
[depth_yolo_fusion-2]     self._spin_once_impl(timeout_sec)
[depth_yolo_fusion-2]   File "/opt/ros/humble/local/lib/python3.10/dist-packages/rclpy/executors.py", line 740, in _spin_once_impl
[depth_yolo_fusion-2]     handler, entity, node = self.wait_for_ready_callbacks(timeout_sec=timeout_sec)
[depth_yolo_fusion-2]   File "/opt/ros/humble/local/lib/python3.10/dist-packages/rclpy/executors.py", line 723, in wait_for_ready_callbacks
[depth_yolo_fusion-2]     return next(self._cb_iter)
[depth_yolo_fusion-2]   File "/opt/ros/humble/local/lib/python3.10/dist-packages/rclpy/executors.py", line 620, in _wait_for_ready_callbacks
[depth_yolo_fusion-2]     wait_set.wait(timeout_nsec)
[depth_yolo_fusion-2] KeyboardInterrupt
[yolo_detector-1] Traceback (most recent call last):
[yolo_detector-1]   File "/home/isarlab/ros2_humble/install/yolo_detector/lib/python3.10/site-packages/yolo_detector/yolo_detector_node.py", line 295, in main
[yolo_detector-1]     rclpy.spin(node)
[yolo_detector-1]   File "/opt/ros/humble/local/lib/python3.10/dist-packages/rclpy/__init__.py", line 229, in spin
[yolo_detector-1]     executor.spin_once()
[yolo_detector-1]   File "/opt/ros/humble/local/lib/python3.10/dist-packages/rclpy/executors.py", line 751, in spin_once
[yolo_detector-1]     self._spin_once_impl(timeout_sec)
[yolo_detector-1]   File "/opt/ros/humble/local/lib/python3.10/dist-packages/rclpy/executors.py", line 740, in _spin_once_impl
[yolo_detector-1]     handler, entity, node = self.wait_for_ready_callbacks(timeout_sec=timeout_sec)
[yolo_detector-1]   File "/opt/ros/humble/local/lib/python3.10/dist-packages/rclpy/executors.py", line 723, in wait_for_ready_callbacks
[yolo_detector-1]     return next(self._cb_iter)
[yolo_detector-1]   File "/opt/ros/humble/local/lib/python3.10/dist-packages/rclpy/executors.py", line 620, in _wait_for_ready_callbacks
[yolo_detector-1]     wait_set.wait(timeout_nsec)
[yolo_detector-1] KeyboardInterrupt
[yolo_detector-1] 
[yolo_detector-1] During handling of the above exception, another exception occurred:
[yolo_detector-1] 
[yolo_detector-1] Traceback (most recent call last):
[yolo_detector-1]   File "/home/isarlab/ros2_humble/install/yolo_detector/lib/yolo_detector/yolo_detector", line 33, in <module>
[yolo_detector-1]     sys.exit(load_entry_point('yolo-detector==0.0.1', 'console_scripts', 'yolo_detector')())
[yolo_detector-1]   File "/home/isarlab/ros2_humble/install/yolo_detector/lib/python3.10/site-packages/yolo_detector/yolo_detector_node.py", line 298, in main
[yolo_detector-1]     rclpy.shutdown()
[yolo_detector-1]   File "/opt/ros/humble/local/lib/python3.10/dist-packages/rclpy/__init__.py", line 130, in shutdown
[yolo_detector-1]     _shutdown(context=context)
[yolo_detector-1]   File "/opt/ros/humble/local/lib/python3.10/dist-packages/rclpy/utilities.py", line 58, in shutdown
[yolo_detector-1]     return context.shutdown()
[yolo_detector-1]   File "/opt/ros/humble/local/lib/python3.10/dist-packages/rclpy/context.py", line 102, in shutdown
[yolo_detector-1]     self.__context.shutdown()
[yolo_detector-1] rclpy._rclpy_pybind11.RCLError: failed to shutdown: rcl_shutdown already called on the given context, at ./src/rcl/init.c:241
[unicycle_kf_tracker-3] Traceback (most recent call last):
[unicycle_kf_tracker-3]   File "/home/isarlab/ros2_humble/install/unicycle_kf_tracker/lib/python3.10/site-packages/unicycle_kf_tracker/unicycle_kf_tracker_node.py", line 639, in main
[unicycle_kf_tracker-3]     rclpy.spin(node)
[unicycle_kf_tracker-3]   File "/opt/ros/humble/local/lib/python3.10/dist-packages/rclpy/__init__.py", line 229, in spin
[unicycle_kf_tracker-3]     executor.spin_once()
[unicycle_kf_tracker-3]   File "/opt/ros/humble/local/lib/python3.10/dist-packages/rclpy/executors.py", line 751, in spin_once
[unicycle_kf_tracker-3]     self._spin_once_impl(timeout_sec)
[unicycle_kf_tracker-3]   File "/opt/ros/humble/local/lib/python3.10/dist-packages/rclpy/executors.py", line 740, in _spin_once_impl
[unicycle_kf_tracker-3]     handler, entity, node = self.wait_for_ready_callbacks(timeout_sec=timeout_sec)
[unicycle_kf_tracker-3]   File "/opt/ros/humble/local/lib/python3.10/dist-packages/rclpy/executors.py", line 723, in wait_for_ready_callbacks
[unicycle_kf_tracker-3]     return next(self._cb_iter)
[unicycle_kf_tracker-3]   File "/opt/ros/humble/local/lib/python3.10/dist-packages/rclpy/executors.py", line 620, in _wait_for_ready_callbacks
[unicycle_kf_tracker-3]     wait_set.wait(timeout_nsec)
[unicycle_kf_tracker-3] KeyboardInterrupt
[unicycle_kf_tracker-3] 
[unicycle_kf_tracker-3] During handling of the above exception, another exception occurred:
[unicycle_kf_tracker-3] 
[unicycle_kf_tracker-3] Traceback (most recent call last):
[unicycle_kf_tracker-3]   File "/home/isarlab/ros2_humble/install/unicycle_kf_tracker/lib/unicycle_kf_tracker/unicycle_kf_tracker", line 33, in <module>
[unicycle_kf_tracker-3]     sys.exit(load_entry_point('unicycle-kf-tracker==0.0.1', 'console_scripts', 'unicycle_kf_tracker')())
[unicycle_kf_tracker-3]   File "/home/isarlab/ros2_humble/install/unicycle_kf_tracker/lib/python3.10/site-packages/unicycle_kf_tracker/unicycle_kf_tracker_node.py", line 642, in main
[unicycle_kf_tracker-3]     rclpy.shutdown()
[unicycle_kf_tracker-3]   File "/opt/ros/humble/local/lib/python3.10/dist-packages/rclpy/__init__.py", line 130, in shutdown
[unicycle_kf_tracker-3]     _shutdown(context=context)
[unicycle_kf_tracker-3]   File "/opt/ros/humble/local/lib/python3.10/dist-packages/rclpy/utilities.py", line 58, in shutdown
[unicycle_kf_tracker-3]     return context.shutdown()
[unicycle_kf_tracker-3]   File "/opt/ros/humble/local/lib/python3.10/dist-packages/rclpy/context.py", line 102, in shutdown
[unicycle_kf_tracker-3]     self.__context.shutdown()
[unicycle_kf_tracker-3] rclpy._rclpy_pybind11.RCLError: failed to shutdown: rcl_shutdown already called on the given context, at ./src/rcl/init.c:241
[ERROR] [depth_yolo_fusion-2]: process has died [pid 15725, exit code -2, cmd '/home/isarlab/ros2_humble/install/depth_yolo_fusion/lib/depth_yolo_fusion/depth_yolo_fusion --ros-args -r __node:=depth_yolo_fusion_node --params-file /home/isarlab/ros2_humble/install/depth_yolo_fusion/share/depth_yolo_fusion/config/depth_yolo_fusion.yaml'].
[ERROR] [unicycle_kf_tracker-3]: process has died [pid 15727, exit code 1, cmd '/home/isarlab/ros2_humble/install/unicycle_kf_tracker/lib/unicycle_kf_tracker/unicycle_kf_tracker --ros-args -r __node:=unicycle_kf_tracker --params-file /home/isarlab/ros2_humble/install/unicycle_kf_tracker/share/unicycle_kf_tracker/config/unicycle_kf_tracker.yaml'].
[ERROR] [yolo_detector-1]: process has died [pid 15723, exit code 1, cmd '/home/isarlab/ros2_humble/install/yolo_detector/lib/yolo_detector/yolo_detector --ros-args -r __node:=YoloDetector --params-file /tmp/launch_params_n1ygb4cb'].
