[1.494s] Invoking command in '/home/isarlab/ros2_humble/build/experiments': AMENT_PREFIX_PATH=/home/isarlab/ros2_humble/install/yolo_detector:/home/isarlab/ros2_humble/install/unicycle_kf_tracker:/home/isarlab/ros2_humble/install/depth_yolo_fusion:/home/isarlab/ros2_humble/install/ackermann_kf_tracker PYTHONPATH=/home/isarlab/ros2_humble/build/experiments/prefix_override:/usr/lib/python3/dist-packages/colcon_core/task/python/colcon_distutils_commands:/home/isarlab/ros2_humble/install/experiments/lib/python3.10/site-packages:/home/isarlab/ros2_humble/build/yolo_detector/src:/home/isarlab/ros2_humble/install/yolo_detector/lib/python3.10/site-packages:/home/isarlab/ros2_humble/build/unicycle_kf_tracker:/home/isarlab/ros2_humble/install/unicycle_kf_tracker/lib/python3.10/site-packages:/home/isarlab/ros2_humble/build/depth_yolo_fusion/src:/home/isarlab/ros2_humble/install/depth_yolo_fusion/lib/python3.10/site-packages:/home/isarlab/ros2_humble/build/ackermann_kf_tracker/.:/home/isarlab/ros2_humble/install/ackermann_kf_tracker/lib/python3.10/site-packages:/home/isarlab/ros2_humble/build/experiments:/home/isarlab/ros2_humble/build/trajectory_metrics:/home/isarlab/ros2_humble/build/ros2_unreal_interface:/home/isarlab/ros2_humble/install/experiments/lib/python3.10/site-packages:/home/isarlab/ros2_humble/install/trajectory_metrics/lib/python3.10/site-packages:/home/isarlab/ros2_humble/install/ros2_unreal_interface/lib/python3.10/site-packages:/home/isarlab/ros2_humble/src/install/experiments/lib/python3.10/site-packages:/home/isarlab/ros2_humble/src/install/yolo_detector/lib/python3.10/site-packages:/home/isarlab/ros2_humble/src/install/unicycle_kf_tracker/lib/python3.10/site-packages:/home/isarlab/ros2_humble/src/install/trajectory_metrics/lib/python3.10/site-packages:/home/isarlab/ros2_humble/src/install/ros2_unreal_interface/lib/python3.10/site-packages:/home/isarlab/ros2_humble/src/install/depth_yolo_fusion/lib/python3.10/site-packages:/home/isarlab/ros2_humble/src/install/ackermann_kf_tracker/lib/python3.10/site-packages:/home/isarlab/cv_bridge_ws/install/opencv_tests/lib/python3.10/site-packages:/home/isarlab/cv_bridge_ws/install/image_geometry/local/lib/python3.10/dist-packages:/home/isarlab/cv_bridge_ws/install/cv_bridge/local/lib/python3.10/dist-packages:/opt/ros/humble/lib/python3.10/site-packages:/opt/ros/humble/local/lib/python3.10/dist-packages /usr/bin/python3 -W ignore:setup.py install is deprecated -W ignore:easy_install command is deprecated setup.py develop --editable --build-directory /home/isarlab/ros2_humble/build/experiments/build --no-deps symlink_data
[1.795s] running develop
[1.975s] running egg_info
[1.975s] creating experiments.egg-info
[1.976s] writing experiments.egg-info/PKG-INFO
[1.976s] writing dependency_links to experiments.egg-info/dependency_links.txt
[1.976s] writing entry points to experiments.egg-info/entry_points.txt
[1.977s] writing requirements to experiments.egg-info/requires.txt
[1.977s] writing top-level names to experiments.egg-info/top_level.txt
[1.977s] writing manifest file 'experiments.egg-info/SOURCES.txt'
[1.979s] reading manifest file 'experiments.egg-info/SOURCES.txt'
[1.980s] writing manifest file 'experiments.egg-info/SOURCES.txt'
[1.982s] running build_ext
[1.982s] Creating /home/isarlab/ros2_humble/install/experiments/lib/python3.10/site-packages/experiments.egg-link (link to .)
[1.983s] Installing ambulance_motion_node script to /home/isarlab/ros2_humble/install/experiments/lib/experiments
[1.984s] 
[1.984s] Installed /home/isarlab/ros2_humble/build/experiments
[1.984s] running symlink_data
[1.984s] creating /home/isarlab/ros2_humble/install/experiments/share/ament_index
[1.985s] creating /home/isarlab/ros2_humble/install/experiments/share/ament_index/resource_index
[1.985s] creating /home/isarlab/ros2_humble/install/experiments/share/ament_index/resource_index/packages
[1.986s] symbolically linking /home/isarlab/ros2_humble/build/experiments/resource/experiments -> /home/isarlab/ros2_humble/install/experiments/share/ament_index/resource_index/packages
[1.986s] symbolically linking /home/isarlab/ros2_humble/build/experiments/package.xml -> /home/isarlab/ros2_humble/install/experiments/share/experiments
[1.986s] creating /home/isarlab/ros2_humble/install/experiments/share/experiments/launch
[1.987s] symbolically linking /home/isarlab/ros2_humble/build/experiments/launch/experiment_pipeline.launch.py -> /home/isarlab/ros2_humble/install/experiments/share/experiments/launch
[2.028s] Invoked command in '/home/isarlab/ros2_humble/build/experiments' returned '0': AMENT_PREFIX_PATH=/home/isarlab/ros2_humble/install/yolo_detector:/home/isarlab/ros2_humble/install/unicycle_kf_tracker:/home/isarlab/ros2_humble/install/depth_yolo_fusion:/home/isarlab/ros2_humble/install/ackermann_kf_tracker PYTHONPATH=/home/isarlab/ros2_humble/build/experiments/prefix_override:/usr/lib/python3/dist-packages/colcon_core/task/python/colcon_distutils_commands:/home/isarlab/ros2_humble/install/experiments/lib/python3.10/site-packages:/home/isarlab/ros2_humble/build/yolo_detector/src:/home/isarlab/ros2_humble/install/yolo_detector/lib/python3.10/site-packages:/home/isarlab/ros2_humble/build/unicycle_kf_tracker:/home/isarlab/ros2_humble/install/unicycle_kf_tracker/lib/python3.10/site-packages:/home/isarlab/ros2_humble/build/depth_yolo_fusion/src:/home/isarlab/ros2_humble/install/depth_yolo_fusion/lib/python3.10/site-packages:/home/isarlab/ros2_humble/build/ackermann_kf_tracker/.:/home/isarlab/ros2_humble/install/ackermann_kf_tracker/lib/python3.10/site-packages:/home/isarlab/ros2_humble/build/experiments:/home/isarlab/ros2_humble/build/trajectory_metrics:/home/isarlab/ros2_humble/build/ros2_unreal_interface:/home/isarlab/ros2_humble/install/experiments/lib/python3.10/site-packages:/home/isarlab/ros2_humble/install/trajectory_metrics/lib/python3.10/site-packages:/home/isarlab/ros2_humble/install/ros2_unreal_interface/lib/python3.10/site-packages:/home/isarlab/ros2_humble/src/install/experiments/lib/python3.10/site-packages:/home/isarlab/ros2_humble/src/install/yolo_detector/lib/python3.10/site-packages:/home/isarlab/ros2_humble/src/install/unicycle_kf_tracker/lib/python3.10/site-packages:/home/isarlab/ros2_humble/src/install/trajectory_metrics/lib/python3.10/site-packages:/home/isarlab/ros2_humble/src/install/ros2_unreal_interface/lib/python3.10/site-packages:/home/isarlab/ros2_humble/src/install/depth_yolo_fusion/lib/python3.10/site-packages:/home/isarlab/ros2_humble/src/install/ackermann_kf_tracker/lib/python3.10/site-packages:/home/isarlab/cv_bridge_ws/install/opencv_tests/lib/python3.10/site-packages:/home/isarlab/cv_bridge_ws/install/image_geometry/local/lib/python3.10/dist-packages:/home/isarlab/cv_bridge_ws/install/cv_bridge/local/lib/python3.10/dist-packages:/opt/ros/humble/lib/python3.10/site-packages:/opt/ros/humble/local/lib/python3.10/dist-packages /usr/bin/python3 -W ignore:setup.py install is deprecated -W ignore:easy_install command is deprecated setup.py develop --editable --build-directory /home/isarlab/ros2_humble/build/experiments/build --no-deps symlink_data
