running develop
Removing /home/isarlab/ros2_humble/src/install/experiments/lib/python3.10/site-packages/experiments.egg-link (link to .)
running egg_info
writing ../build/experiments/experiments.egg-info/PKG-INFO
writing dependency_links to ../build/experiments/experiments.egg-info/dependency_links.txt
writing entry points to ../build/experiments/experiments.egg-info/entry_points.txt
writing requirements to ../build/experiments/experiments.egg-info/requires.txt
writing top-level names to ../build/experiments/experiments.egg-info/top_level.txt
reading manifest file '../build/experiments/experiments.egg-info/SOURCES.txt'
writing manifest file '../build/experiments/experiments.egg-info/SOURCES.txt'
running build
running build_py
creating /home/isarlab/ros2_humble/src/build/experiments/build
creating /home/isarlab/ros2_humble/src/build/experiments/build/lib
creating /home/isarlab/ros2_humble/src/build/experiments/build/lib/experiments
copying experiments/ambulance_motion_node.py -> /home/isarlab/ros2_humble/src/build/experiments/build/lib/experiments
copying experiments/__init__.py -> /home/isarlab/ros2_humble/src/build/experiments/build/lib/experiments
running install
running install_lib
creating /home/isarlab/ros2_humble/src/install/experiments/lib/python3.10/site-packages/experiments
copying /home/isarlab/ros2_humble/src/build/experiments/build/lib/experiments/ambulance_motion_node.py -> /home/isarlab/ros2_humble/src/install/experiments/lib/python3.10/site-packages/experiments
copying /home/isarlab/ros2_humble/src/build/experiments/build/lib/experiments/__init__.py -> /home/isarlab/ros2_humble/src/install/experiments/lib/python3.10/site-packages/experiments
byte-compiling /home/isarlab/ros2_humble/src/install/experiments/lib/python3.10/site-packages/experiments/ambulance_motion_node.py to ambulance_motion_node.cpython-310.pyc
byte-compiling /home/isarlab/ros2_humble/src/install/experiments/lib/python3.10/site-packages/experiments/__init__.py to __init__.cpython-310.pyc
running install_data
copying resource/experiments -> /home/isarlab/ros2_humble/src/install/experiments/share/ament_index/resource_index/packages
copying package.xml -> /home/isarlab/ros2_humble/src/install/experiments/share/experiments
copying launch/experiment_pipeline.launch.py -> /home/isarlab/ros2_humble/src/install/experiments/share/experiments/launch
running install_egg_info
Copying ../build/experiments/experiments.egg-info to /home/isarlab/ros2_humble/src/install/experiments/lib/python3.10/site-packages/experiments-0.0.0-py3.10.egg-info
running install_scripts
Installing ambulance_motion_node script to /home/isarlab/ros2_humble/src/install/experiments/lib/experiments
writing list of installed files to '/home/isarlab/ros2_humble/src/build/experiments/install.log'
