running egg_info
writing ../build/unicycle_kf_tracker/unicycle_kf_tracker.egg-info/PKG-INFO
writing dependency_links to ../build/unicycle_kf_tracker/unicycle_kf_tracker.egg-info/dependency_links.txt
writing entry points to ../build/unicycle_kf_tracker/unicycle_kf_tracker.egg-info/entry_points.txt
writing requirements to ../build/unicycle_kf_tracker/unicycle_kf_tracker.egg-info/requires.txt
writing top-level names to ../build/unicycle_kf_tracker/unicycle_kf_tracker.egg-info/top_level.txt
reading manifest file '../build/unicycle_kf_tracker/unicycle_kf_tracker.egg-info/SOURCES.txt'
writing manifest file '../build/unicycle_kf_tracker/unicycle_kf_tracker.egg-info/SOURCES.txt'
running build
running build_py
copying unicycle_kf_tracker/unicycle_kf_tracker_node.py -> /home/isarlab/ros2_humble/src/build/unicycle_kf_tracker/build/lib/unicycle_kf_tracker
running install
running install_lib
copying /home/isarlab/ros2_humble/src/build/unicycle_kf_tracker/build/lib/unicycle_kf_tracker/unicycle_kf_tracker_node.py -> /home/isarlab/ros2_humble/src/install/unicycle_kf_tracker/lib/python3.10/site-packages/unicycle_kf_tracker
byte-compiling /home/isarlab/ros2_humble/src/install/unicycle_kf_tracker/lib/python3.10/site-packages/unicycle_kf_tracker/unicycle_kf_tracker_node.py to unicycle_kf_tracker_node.cpython-310.pyc
running install_data
copying package.xml -> /home/isarlab/ros2_humble/src/install/unicycle_kf_tracker/share/unicycle_kf_tracker
copying launch/unicycle_kf_tracker.launch.py -> /home/isarlab/ros2_humble/src/install/unicycle_kf_tracker/share/unicycle_kf_tracker/launch
copying config/unicycle_kf_tracker.yaml -> /home/isarlab/ros2_humble/src/install/unicycle_kf_tracker/share/unicycle_kf_tracker/config
running install_egg_info
removing '/home/isarlab/ros2_humble/src/install/unicycle_kf_tracker/lib/python3.10/site-packages/unicycle_kf_tracker-0.0.1-py3.10.egg-info' (and everything under it)
Copying ../build/unicycle_kf_tracker/unicycle_kf_tracker.egg-info to /home/isarlab/ros2_humble/src/install/unicycle_kf_tracker/lib/python3.10/site-packages/unicycle_kf_tracker-0.0.1-py3.10.egg-info
running install_scripts
Installing unicycle_kf_tracker script to /home/isarlab/ros2_humble/src/install/unicycle_kf_tracker/lib/unicycle_kf_tracker
writing list of installed files to '/home/isarlab/ros2_humble/src/build/unicycle_kf_tracker/install.log'
