[2.440s] Invoking command in '/home/isarlab/ros2_humble/src/unicycle_kf_tracker': PYTHONPATH=/home/isarlab/ros2_humble/src/build/unicycle_kf_tracker/prefix_override:/usr/lib/python3/dist-packages/colcon_core/task/python/colcon_distutils_commands:/home/isarlab/ros2_humble/src/install/unicycle_kf_tracker/lib/python3.10/site-packages:${PYTHONPATH} /usr/bin/python3 -W ignore:setup.py install is deprecated -W ignore:easy_install command is deprecated setup.py egg_info --egg-base ../build/unicycle_kf_tracker build --build-base /home/isarlab/ros2_humble/src/build/unicycle_kf_tracker/build install --record /home/isarlab/ros2_humble/src/build/unicycle_kf_tracker/install.log --single-version-externally-managed install_data
[2.786s] running egg_info
[2.787s] writing ../build/unicycle_kf_tracker/unicycle_kf_tracker.egg-info/PKG-INFO
[2.787s] writing dependency_links to ../build/unicycle_kf_tracker/unicycle_kf_tracker.egg-info/dependency_links.txt
[2.787s] writing entry points to ../build/unicycle_kf_tracker/unicycle_kf_tracker.egg-info/entry_points.txt
[2.787s] writing requirements to ../build/unicycle_kf_tracker/unicycle_kf_tracker.egg-info/requires.txt
[2.788s] writing top-level names to ../build/unicycle_kf_tracker/unicycle_kf_tracker.egg-info/top_level.txt
[2.790s] reading manifest file '../build/unicycle_kf_tracker/unicycle_kf_tracker.egg-info/SOURCES.txt'
[2.792s] writing manifest file '../build/unicycle_kf_tracker/unicycle_kf_tracker.egg-info/SOURCES.txt'
[2.792s] running build
[2.792s] running build_py
[2.793s] copying unicycle_kf_tracker/unicycle_kf_tracker_node.py -> /home/isarlab/ros2_humble/src/build/unicycle_kf_tracker/build/lib/unicycle_kf_tracker
[2.793s] running install
[2.794s] running install_lib
[2.795s] copying /home/isarlab/ros2_humble/src/build/unicycle_kf_tracker/build/lib/unicycle_kf_tracker/unicycle_kf_tracker_node.py -> /home/isarlab/ros2_humble/src/install/unicycle_kf_tracker/lib/python3.10/site-packages/unicycle_kf_tracker
[2.796s] byte-compiling /home/isarlab/ros2_humble/src/install/unicycle_kf_tracker/lib/python3.10/site-packages/unicycle_kf_tracker/unicycle_kf_tracker_node.py to unicycle_kf_tracker_node.cpython-310.pyc
[2.801s] running install_data
[2.802s] copying package.xml -> /home/isarlab/ros2_humble/src/install/unicycle_kf_tracker/share/unicycle_kf_tracker
[2.802s] copying launch/unicycle_kf_tracker.launch.py -> /home/isarlab/ros2_humble/src/install/unicycle_kf_tracker/share/unicycle_kf_tracker/launch
[2.802s] copying config/unicycle_kf_tracker.yaml -> /home/isarlab/ros2_humble/src/install/unicycle_kf_tracker/share/unicycle_kf_tracker/config
[2.802s] running install_egg_info
[2.805s] removing '/home/isarlab/ros2_humble/src/install/unicycle_kf_tracker/lib/python3.10/site-packages/unicycle_kf_tracker-0.0.1-py3.10.egg-info' (and everything under it)
[2.805s] Copying ../build/unicycle_kf_tracker/unicycle_kf_tracker.egg-info to /home/isarlab/ros2_humble/src/install/unicycle_kf_tracker/lib/python3.10/site-packages/unicycle_kf_tracker-0.0.1-py3.10.egg-info
[2.810s] running install_scripts
[2.840s] Installing unicycle_kf_tracker script to /home/isarlab/ros2_humble/src/install/unicycle_kf_tracker/lib/unicycle_kf_tracker
[2.840s] writing list of installed files to '/home/isarlab/ros2_humble/src/build/unicycle_kf_tracker/install.log'
[2.882s] Invoked command in '/home/isarlab/ros2_humble/src/unicycle_kf_tracker' returned '0': PYTHONPATH=/home/isarlab/ros2_humble/src/build/unicycle_kf_tracker/prefix_override:/usr/lib/python3/dist-packages/colcon_core/task/python/colcon_distutils_commands:/home/isarlab/ros2_humble/src/install/unicycle_kf_tracker/lib/python3.10/site-packages:${PYTHONPATH} /usr/bin/python3 -W ignore:setup.py install is deprecated -W ignore:easy_install command is deprecated setup.py egg_info --egg-base ../build/unicycle_kf_tracker build --build-base /home/isarlab/ros2_humble/src/build/unicycle_kf_tracker/build install --record /home/isarlab/ros2_humble/src/build/unicycle_kf_tracker/install.log --single-version-externally-managed install_data
