running egg_info
writing build/ros2_unreal_interface/ros2_unreal_interface.egg-info/PKG-INFO
writing dependency_links to build/ros2_unreal_interface/ros2_unreal_interface.egg-info/dependency_links.txt
writing entry points to build/ros2_unreal_interface/ros2_unreal_interface.egg-info/entry_points.txt
writing requirements to build/ros2_unreal_interface/ros2_unreal_interface.egg-info/requires.txt
writing top-level names to build/ros2_unreal_interface/ros2_unreal_interface.egg-info/top_level.txt
reading manifest file 'build/ros2_unreal_interface/ros2_unreal_interface.egg-info/SOURCES.txt'
writing manifest file 'build/ros2_unreal_interface/ros2_unreal_interface.egg-info/SOURCES.txt'
running build
running build_py
copying src/yolo_detector.py -> /home/isarlab/ros2_humble/src/ros2_unreal_interface/build/ros2_unreal_interface/build/lib/src
copying src/environment.py -> /home/isarlab/ros2_humble/src/ros2_unreal_interface/build/ros2_unreal_interface/build/lib/src
copying src/sensors/Laser.py -> /home/isarlab/ros2_humble/src/ros2_unreal_interface/build/ros2_unreal_interface/build/lib/src/sensors
copying src/sensors/sensor.py -> /home/isarlab/ros2_humble/src/ros2_unreal_interface/build/ros2_unreal_interface/build/lib/src/sensors
copying src/sensors/Lidar.py -> /home/isarlab/ros2_humble/src/ros2_unreal_interface/build/ros2_unreal_interface/build/lib/src/sensors
running install
running install_lib
copying /home/isarlab/ros2_humble/src/ros2_unreal_interface/build/ros2_unreal_interface/build/lib/src/yolo_detector.py -> /home/isarlab/ros2_humble/src/ros2_unreal_interface/install/ros2_unreal_interface/lib/python3.10/site-packages/src
copying /home/isarlab/ros2_humble/src/ros2_unreal_interface/build/ros2_unreal_interface/build/lib/src/environment.py -> /home/isarlab/ros2_humble/src/ros2_unreal_interface/install/ros2_unreal_interface/lib/python3.10/site-packages/src
copying /home/isarlab/ros2_humble/src/ros2_unreal_interface/build/ros2_unreal_interface/build/lib/src/sensors/Laser.py -> /home/isarlab/ros2_humble/src/ros2_unreal_interface/install/ros2_unreal_interface/lib/python3.10/site-packages/src/sensors
copying /home/isarlab/ros2_humble/src/ros2_unreal_interface/build/ros2_unreal_interface/build/lib/src/sensors/sensor.py -> /home/isarlab/ros2_humble/src/ros2_unreal_interface/install/ros2_unreal_interface/lib/python3.10/site-packages/src/sensors
copying /home/isarlab/ros2_humble/src/ros2_unreal_interface/build/ros2_unreal_interface/build/lib/src/sensors/Lidar.py -> /home/isarlab/ros2_humble/src/ros2_unreal_interface/install/ros2_unreal_interface/lib/python3.10/site-packages/src/sensors
byte-compiling /home/isarlab/ros2_humble/src/ros2_unreal_interface/install/ros2_unreal_interface/lib/python3.10/site-packages/src/yolo_detector.py to yolo_detector.cpython-310.pyc
byte-compiling /home/isarlab/ros2_humble/src/ros2_unreal_interface/install/ros2_unreal_interface/lib/python3.10/site-packages/src/environment.py to environment.cpython-310.pyc
byte-compiling /home/isarlab/ros2_humble/src/ros2_unreal_interface/install/ros2_unreal_interface/lib/python3.10/site-packages/src/sensors/Laser.py to Laser.cpython-310.pyc
byte-compiling /home/isarlab/ros2_humble/src/ros2_unreal_interface/install/ros2_unreal_interface/lib/python3.10/site-packages/src/sensors/sensor.py to sensor.cpython-310.pyc
byte-compiling /home/isarlab/ros2_humble/src/ros2_unreal_interface/install/ros2_unreal_interface/lib/python3.10/site-packages/src/sensors/Lidar.py to Lidar.cpython-310.pyc
running install_data
running install_egg_info
removing '/home/isarlab/ros2_humble/src/ros2_unreal_interface/install/ros2_unreal_interface/lib/python3.10/site-packages/ros2_unreal_interface-0.0.0-py3.10.egg-info' (and everything under it)
Copying build/ros2_unreal_interface/ros2_unreal_interface.egg-info to /home/isarlab/ros2_humble/src/ros2_unreal_interface/install/ros2_unreal_interface/lib/python3.10/site-packages/ros2_unreal_interface-0.0.0-py3.10.egg-info
running install_scripts
Installing environment script to /home/isarlab/ros2_humble/src/ros2_unreal_interface/install/ros2_unreal_interface/lib/ros2_unreal_interface
writing list of installed files to '/home/isarlab/ros2_humble/src/ros2_unreal_interface/build/ros2_unreal_interface/install.log'
