[0.733s] Invoking command in '/home/isarlab/ros2_humble/src/ros2_unreal_interface': PYTHONPATH=/home/isarlab/ros2_humble/src/ros2_unreal_interface/build/ros2_unreal_interface/prefix_override:/usr/lib/python3/dist-packages/colcon_core/task/python/colcon_distutils_commands:/home/isarlab/ros2_humble/src/ros2_unreal_interface/install/ros2_unreal_interface/lib/python3.10/site-packages:${PYTHONPATH} /usr/bin/python3 -W ignore:setup.py install is deprecated -W ignore:easy_install command is deprecated setup.py egg_info --egg-base build/ros2_unreal_interface build --build-base /home/isarlab/ros2_humble/src/ros2_unreal_interface/build/ros2_unreal_interface/build install --record /home/isarlab/ros2_humble/src/ros2_unreal_interface/build/ros2_unreal_interface/install.log --single-version-externally-managed install_data
[0.965s] running egg_info
[0.966s] writing build/ros2_unreal_interface/ros2_unreal_interface.egg-info/PKG-INFO
[0.968s] writing dependency_links to build/ros2_unreal_interface/ros2_unreal_interface.egg-info/dependency_links.txt
[0.968s] writing entry points to build/ros2_unreal_interface/ros2_unreal_interface.egg-info/entry_points.txt
[0.969s] writing requirements to build/ros2_unreal_interface/ros2_unreal_interface.egg-info/requires.txt
[0.969s] writing top-level names to build/ros2_unreal_interface/ros2_unreal_interface.egg-info/top_level.txt
[0.971s] reading manifest file 'build/ros2_unreal_interface/ros2_unreal_interface.egg-info/SOURCES.txt'
[0.972s] writing manifest file 'build/ros2_unreal_interface/ros2_unreal_interface.egg-info/SOURCES.txt'
[0.973s] running build
[0.973s] running build_py
[0.974s] copying src/yolo_detector.py -> /home/isarlab/ros2_humble/src/ros2_unreal_interface/build/ros2_unreal_interface/build/lib/src
[0.974s] copying src/environment.py -> /home/isarlab/ros2_humble/src/ros2_unreal_interface/build/ros2_unreal_interface/build/lib/src
[0.975s] copying src/sensors/Laser.py -> /home/isarlab/ros2_humble/src/ros2_unreal_interface/build/ros2_unreal_interface/build/lib/src/sensors
[0.976s] copying src/sensors/sensor.py -> /home/isarlab/ros2_humble/src/ros2_unreal_interface/build/ros2_unreal_interface/build/lib/src/sensors
[0.977s] copying src/sensors/Lidar.py -> /home/isarlab/ros2_humble/src/ros2_unreal_interface/build/ros2_unreal_interface/build/lib/src/sensors
[0.978s] running install
[0.978s] running install_lib
[0.979s] copying /home/isarlab/ros2_humble/src/ros2_unreal_interface/build/ros2_unreal_interface/build/lib/src/yolo_detector.py -> /home/isarlab/ros2_humble/src/ros2_unreal_interface/install/ros2_unreal_interface/lib/python3.10/site-packages/src
[0.980s] copying /home/isarlab/ros2_humble/src/ros2_unreal_interface/build/ros2_unreal_interface/build/lib/src/environment.py -> /home/isarlab/ros2_humble/src/ros2_unreal_interface/install/ros2_unreal_interface/lib/python3.10/site-packages/src
[0.980s] copying /home/isarlab/ros2_humble/src/ros2_unreal_interface/build/ros2_unreal_interface/build/lib/src/sensors/Laser.py -> /home/isarlab/ros2_humble/src/ros2_unreal_interface/install/ros2_unreal_interface/lib/python3.10/site-packages/src/sensors
[0.981s] copying /home/isarlab/ros2_humble/src/ros2_unreal_interface/build/ros2_unreal_interface/build/lib/src/sensors/sensor.py -> /home/isarlab/ros2_humble/src/ros2_unreal_interface/install/ros2_unreal_interface/lib/python3.10/site-packages/src/sensors
[0.981s] copying /home/isarlab/ros2_humble/src/ros2_unreal_interface/build/ros2_unreal_interface/build/lib/src/sensors/Lidar.py -> /home/isarlab/ros2_humble/src/ros2_unreal_interface/install/ros2_unreal_interface/lib/python3.10/site-packages/src/sensors
[0.982s] byte-compiling /home/isarlab/ros2_humble/src/ros2_unreal_interface/install/ros2_unreal_interface/lib/python3.10/site-packages/src/yolo_detector.py to yolo_detector.cpython-310.pyc
[0.982s] byte-compiling /home/isarlab/ros2_humble/src/ros2_unreal_interface/install/ros2_unreal_interface/lib/python3.10/site-packages/src/environment.py to environment.cpython-310.pyc
[0.985s] byte-compiling /home/isarlab/ros2_humble/src/ros2_unreal_interface/install/ros2_unreal_interface/lib/python3.10/site-packages/src/sensors/Laser.py to Laser.cpython-310.pyc
[0.987s] byte-compiling /home/isarlab/ros2_humble/src/ros2_unreal_interface/install/ros2_unreal_interface/lib/python3.10/site-packages/src/sensors/sensor.py to sensor.cpython-310.pyc
[0.988s] byte-compiling /home/isarlab/ros2_humble/src/ros2_unreal_interface/install/ros2_unreal_interface/lib/python3.10/site-packages/src/sensors/Lidar.py to Lidar.cpython-310.pyc
[0.989s] running install_data
[0.990s] running install_egg_info
[0.991s] removing '/home/isarlab/ros2_humble/src/ros2_unreal_interface/install/ros2_unreal_interface/lib/python3.10/site-packages/ros2_unreal_interface-0.0.0-py3.10.egg-info' (and everything under it)
[0.992s] Copying build/ros2_unreal_interface/ros2_unreal_interface.egg-info to /home/isarlab/ros2_humble/src/ros2_unreal_interface/install/ros2_unreal_interface/lib/python3.10/site-packages/ros2_unreal_interface-0.0.0-py3.10.egg-info
[0.994s] running install_scripts
[1.015s] Installing environment script to /home/isarlab/ros2_humble/src/ros2_unreal_interface/install/ros2_unreal_interface/lib/ros2_unreal_interface
[1.015s] writing list of installed files to '/home/isarlab/ros2_humble/src/ros2_unreal_interface/build/ros2_unreal_interface/install.log'
[1.047s] Invoked command in '/home/isarlab/ros2_humble/src/ros2_unreal_interface' returned '0': PYTHONPATH=/home/isarlab/ros2_humble/src/ros2_unreal_interface/build/ros2_unreal_interface/prefix_override:/usr/lib/python3/dist-packages/colcon_core/task/python/colcon_distutils_commands:/home/isarlab/ros2_humble/src/ros2_unreal_interface/install/ros2_unreal_interface/lib/python3.10/site-packages:${PYTHONPATH} /usr/bin/python3 -W ignore:setup.py install is deprecated -W ignore:easy_install command is deprecated setup.py egg_info --egg-base build/ros2_unreal_interface build --build-base /home/isarlab/ros2_humble/src/ros2_unreal_interface/build/ros2_unreal_interface/build install --record /home/isarlab/ros2_humble/src/ros2_unreal_interface/build/ros2_unreal_interface/install.log --single-version-externally-managed install_data
