[INFO] [launch]: All log files can be found below /home/isarlab/.ros/log/2026-04-01-11-48-27-001952-DESKTOP-PQ37J3S-17103
[INFO] [launch]: Default logging verbosity is set to INFO
[INFO] [launch.user]: [experiments] Stage selezionato: unicycle
[INFO] [yolo_detector-1]: process started with pid [17132]
[INFO] [depth_yolo_fusion-2]: process started with pid [17134]
[INFO] [unicycle_kf_tracker-3]: process started with pid [17136]
[unicycle_kf_tracker-3] [INFO] [1775036907.487118051] [unicycle_kf_tracker]: UnicycleKFTrackerNode ready
[unicycle_kf_tracker-3]   input_topic: yolo/detections_xyz
[unicycle_kf_tracker-3]   output_topic: unicycle_kf/tracks
[unicycle_kf_tracker-3]   image_width_px: 1280
[unicycle_kf_tracker-3]   horizontal_fov_deg: 90.0
[unicycle_kf_tracker-3]   vehicle_width_m: 3.0
[unicycle_kf_tracker-3]   max_yaw_rate_deg: 90.0
[unicycle_kf_tracker-3]   focal_px: 640.00
[depth_yolo_fusion-2] [INFO] [1775036907.827753381] [depth_yolo_fusion_node]: Depth scale: 0.01 [m/unità]
[depth_yolo_fusion-2] [INFO] [1775036907.828275352] [depth_yolo_fusion_node]: Depth topic: /environment/DepthCamera/DepthCameraSDT/image_raw
[depth_yolo_fusion-2] [INFO] [1775036907.828582535] [depth_yolo_fusion_node]: Detections topic: yolo/detections
[unicycle_kf_tracker-3] [INFO] [1775036908.035705841] [unicycle_kf_tracker]: [unicycle] cb=1 det_in=0 invalid=0 no_track_id=0 bad_class=0 bad_meas=0 created=0 tracks_out=0 tracks_mem=0
[unicycle_kf_tracker-3] [INFO] [1775036908.837251259] [unicycle_kf_tracker]: [unicycle] cb=10 det_in=0 invalid=0 no_track_id=0 bad_class=0 bad_meas=0 created=0 tracks_out=0 tracks_mem=0
[yolo_detector-1] [INFO] [1775036909.278585847] [YoloDetector]: YOLO tracking: ON (track=True)
[yolo_detector-1] [INFO] [1775036909.280182172] [YoloDetector]: YoloDetectorNode inizializzato con:
[yolo_detector-1]   input_topic: /environment/RGBCamera/CameraSDT/image_raw
[yolo_detector-1]   output_image_topic: yolo/annotated_image
[yolo_detector-1]   output_detections_topic: yolo/detections
[yolo_detector-1]   model_path: /home/isarlab/ros2_humble/install/yolo_detector/share/yolo_detector/models/yolov8n.pt
[yolo_detector-1]   conf_threshold=0.25 | iou_threshold=0.45 | class_filter=[]
[yolo_detector-1]   tracker_cfg: (default YOLO)
[yolo_detector-1] [INFO] [1775036909.335591960] [YoloDetector]: Loaded Ultralytics YOLO from /home/isarlab/ros2_humble/install/yolo_detector/share/yolo_detector/models/yolov8n.pt
[unicycle_kf_tracker-3] [INFO] [1775036910.036772438] [unicycle_kf_tracker]: [unicycle] cb=20 det_in=0 invalid=0 no_track_id=0 bad_class=0 bad_meas=0 created=0 tracks_out=0 tracks_mem=0
[unicycle_kf_tracker-3] [INFO] [1775036910.748853862] [unicycle_kf_tracker]: [unicycle] create track_id=1 class=kite z=(3.944, -0.817)
[unicycle_kf_tracker-3] [INFO] [1775036911.143649359] [unicycle_kf_tracker]: [unicycle] cb=30 det_in=1 invalid=0 no_track_id=0 bad_class=0 bad_meas=0 created=0 tracks_out=1 tracks_mem=1
[unicycle_kf_tracker-3] [INFO] [1775036912.146114240] [unicycle_kf_tracker]: [unicycle] cb=40 det_in=1 invalid=0 no_track_id=0 bad_class=0 bad_meas=0 created=0 tracks_out=1 tracks_mem=1
[unicycle_kf_tracker-3] [INFO] [1775036913.250840902] [unicycle_kf_tracker]: [unicycle] cb=50 det_in=1 invalid=0 no_track_id=0 bad_class=0 bad_meas=0 created=0 tracks_out=1 tracks_mem=1
[unicycle_kf_tracker-3] [INFO] [1775036914.240045667] [unicycle_kf_tracker]: [unicycle] cb=60 det_in=1 invalid=0 no_track_id=0 bad_class=0 bad_meas=0 created=0 tracks_out=1 tracks_mem=1
[unicycle_kf_tracker-3] [INFO] [1775036915.239150834] [unicycle_kf_tracker]: [unicycle] cb=70 det_in=1 invalid=0 no_track_id=0 bad_class=0 bad_meas=0 created=0 tracks_out=1 tracks_mem=1
[unicycle_kf_tracker-3] [INFO] [1775036916.235006208] [unicycle_kf_tracker]: [unicycle] cb=80 det_in=1 invalid=0 no_track_id=0 bad_class=0 bad_meas=0 created=0 tracks_out=1 tracks_mem=1
[unicycle_kf_tracker-3] [INFO] [1775036917.346468274] [unicycle_kf_tracker]: [unicycle] cb=90 det_in=1 invalid=0 no_track_id=0 bad_class=0 bad_meas=0 created=0 tracks_out=1 tracks_mem=1
[unicycle_kf_tracker-3] [INFO] [1775036918.472275361] [unicycle_kf_tracker]: [unicycle] cb=100 det_in=1 invalid=0 no_track_id=0 bad_class=0 bad_meas=0 created=0 tracks_out=1 tracks_mem=1
[unicycle_kf_tracker-3] [INFO] [1775036919.446765323] [unicycle_kf_tracker]: [unicycle] cb=110 det_in=1 invalid=0 no_track_id=0 bad_class=0 bad_meas=0 created=0 tracks_out=1 tracks_mem=1
[unicycle_kf_tracker-3] [INFO] [1775036920.542393974] [unicycle_kf_tracker]: [unicycle] cb=120 det_in=1 invalid=0 no_track_id=0 bad_class=0 bad_meas=0 created=0 tracks_out=1 tracks_mem=1
[unicycle_kf_tracker-3] [INFO] [1775036921.841308811] [unicycle_kf_tracker]: [unicycle] cb=130 det_in=1 invalid=0 no_track_id=0 bad_class=0 bad_meas=0 created=0 tracks_out=1 tracks_mem=1
[unicycle_kf_tracker-3] [INFO] [1775036922.871513443] [unicycle_kf_tracker]: [unicycle] cb=140 det_in=1 invalid=0 no_track_id=0 bad_class=0 bad_meas=0 created=0 tracks_out=1 tracks_mem=1
[unicycle_kf_tracker-3] [INFO] [1775036923.839805376] [unicycle_kf_tracker]: [unicycle] cb=150 det_in=1 invalid=0 no_track_id=0 bad_class=0 bad_meas=0 created=0 tracks_out=1 tracks_mem=1
[unicycle_kf_tracker-3] [INFO] [1775036924.849254992] [unicycle_kf_tracker]: [unicycle] cb=160 det_in=1 invalid=0 no_track_id=0 bad_class=0 bad_meas=0 created=0 tracks_out=1 tracks_mem=1
[unicycle_kf_tracker-3] [INFO] [1775036925.844919006] [unicycle_kf_tracker]: [unicycle] cb=170 det_in=1 invalid=0 no_track_id=0 bad_class=0 bad_meas=0 created=0 tracks_out=1 tracks_mem=1
[unicycle_kf_tracker-3] [INFO] [1775036926.847820008] [unicycle_kf_tracker]: [unicycle] cb=180 det_in=1 invalid=0 no_track_id=0 bad_class=0 bad_meas=0 created=0 tracks_out=1 tracks_mem=1
[unicycle_kf_tracker-3] [INFO] [1775036927.865086900] [unicycle_kf_tracker]: [unicycle] cb=190 det_in=1 invalid=0 no_track_id=0 bad_class=0 bad_meas=0 created=0 tracks_out=1 tracks_mem=1
[unicycle_kf_tracker-3] [INFO] [1775036928.841983321] [unicycle_kf_tracker]: [unicycle] cb=200 det_in=1 invalid=0 no_track_id=0 bad_class=0 bad_meas=0 created=0 tracks_out=1 tracks_mem=1
[unicycle_kf_tracker-3] [INFO] [1775036929.848295395] [unicycle_kf_tracker]: [unicycle] cb=210 det_in=1 invalid=0 no_track_id=0 bad_class=0 bad_meas=0 created=0 tracks_out=1 tracks_mem=1
[unicycle_kf_tracker-3] [INFO] [1775036930.836028459] [unicycle_kf_tracker]: [unicycle] cb=220 det_in=1 invalid=0 no_track_id=0 bad_class=0 bad_meas=0 created=0 tracks_out=1 tracks_mem=1
[unicycle_kf_tracker-3] [INFO] [1775036931.837109197] [unicycle_kf_tracker]: [unicycle] cb=230 det_in=1 invalid=0 no_track_id=0 bad_class=0 bad_meas=0 created=0 tracks_out=1 tracks_mem=1
[unicycle_kf_tracker-3] [INFO] [1775036932.858864237] [unicycle_kf_tracker]: [unicycle] cb=240 det_in=1 invalid=0 no_track_id=0 bad_class=0 bad_meas=0 created=0 tracks_out=1 tracks_mem=1
[unicycle_kf_tracker-3] [INFO] [1775036933.846116926] [unicycle_kf_tracker]: [unicycle] cb=250 det_in=1 invalid=0 no_track_id=0 bad_class=0 bad_meas=0 created=0 tracks_out=1 tracks_mem=1
[unicycle_kf_tracker-3] [INFO] [1775036935.953381807] [unicycle_kf_tracker]: [unicycle] removing stale track_id=1
[WARNING] [launch]: user interrupted with ctrl-c (SIGINT)
[depth_yolo_fusion-2] Traceback (most recent call last):
[depth_yolo_fusion-2]   File "/home/isarlab/ros2_humble/install/depth_yolo_fusion/lib/depth_yolo_fusion/depth_yolo_fusion", line 33, in <module>
[depth_yolo_fusion-2]     sys.exit(load_entry_point('depth-yolo-fusion==0.0.1', 'console_scripts', 'depth_yolo_fusion')())
[depth_yolo_fusion-2]   File "/home/isarlab/ros2_humble/install/depth_yolo_fusion/lib/python3.10/site-packages/depth_yolo_fusion/depth_yolo_fusion_node.py", line 277, in main
[depth_yolo_fusion-2]     rclpy.spin(node)
[depth_yolo_fusion-2]   File "/opt/ros/humble/local/lib/python3.10/dist-packages/rclpy/__init__.py", line 229, in spin
[depth_yolo_fusion-2]     executor.spin_once()
[depth_yolo_fusion-2]   File "/opt/ros/humble/local/lib/python3.10/dist-packages/rclpy/executors.py", line 751, in spin_once
[depth_yolo_fusion-2]     self._spin_once_impl(timeout_sec)
[depth_yolo_fusion-2]   File "/opt/ros/humble/local/lib/python3.10/dist-packages/rclpy/executors.py", line 740, in _spin_once_impl
[depth_yolo_fusion-2]     handler, entity, node = self.wait_for_ready_callbacks(timeout_sec=timeout_sec)
[depth_yolo_fusion-2]   File "/opt/ros/humble/local/lib/python3.10/dist-packages/rclpy/executors.py", line 723, in wait_for_ready_callbacks
[depth_yolo_fusion-2]     return next(self._cb_iter)
[depth_yolo_fusion-2]   File "/opt/ros/humble/local/lib/python3.10/dist-packages/rclpy/executors.py", line 620, in _wait_for_ready_callbacks
[depth_yolo_fusion-2]     wait_set.wait(timeout_nsec)
[depth_yolo_fusion-2] KeyboardInterrupt
[yolo_detector-1] Traceback (most recent call last):
[yolo_detector-1]   File "/home/isarlab/ros2_humble/install/yolo_detector/lib/python3.10/site-packages/yolo_detector/yolo_detector_node.py", line 295, in main
[yolo_detector-1]     rclpy.spin(node)
[yolo_detector-1]   File "/opt/ros/humble/local/lib/python3.10/dist-packages/rclpy/__init__.py", line 229, in spin
[yolo_detector-1]     executor.spin_once()
[yolo_detector-1]   File "/opt/ros/humble/local/lib/python3.10/dist-packages/rclpy/executors.py", line 751, in spin_once
[yolo_detector-1]     self._spin_once_impl(timeout_sec)
[yolo_detector-1]   File "/opt/ros/humble/local/lib/python3.10/dist-packages/rclpy/executors.py", line 740, in _spin_once_impl
[yolo_detector-1]     handler, entity, node = self.wait_for_ready_callbacks(timeout_sec=timeout_sec)
[yolo_detector-1]   File "/opt/ros/humble/local/lib/python3.10/dist-packages/rclpy/executors.py", line 723, in wait_for_ready_callbacks
[yolo_detector-1]     return next(self._cb_iter)
[yolo_detector-1]   File "/opt/ros/humble/local/lib/python3.10/dist-packages/rclpy/executors.py", line 620, in _wait_for_ready_callbacks
[yolo_detector-1]     wait_set.wait(timeout_nsec)
[yolo_detector-1] KeyboardInterrupt
[yolo_detector-1] 
[yolo_detector-1] During handling of the above exception, another exception occurred:
[yolo_detector-1] 
[yolo_detector-1] Traceback (most recent call last):
[yolo_detector-1]   File "/home/isarlab/ros2_humble/install/yolo_detector/lib/yolo_detector/yolo_detector", line 33, in <module>
[yolo_detector-1]     sys.exit(load_entry_point('yolo-detector==0.0.1', 'console_scripts', 'yolo_detector')())
[yolo_detector-1]   File "/home/isarlab/ros2_humble/install/yolo_detector/lib/python3.10/site-packages/yolo_detector/yolo_detector_node.py", line 298, in main
[yolo_detector-1]     rclpy.shutdown()
[yolo_detector-1]   File "/opt/ros/humble/local/lib/python3.10/dist-packages/rclpy/__init__.py", line 130, in shutdown
[yolo_detector-1]     _shutdown(context=context)
[yolo_detector-1]   File "/opt/ros/humble/local/lib/python3.10/dist-packages/rclpy/utilities.py", line 58, in shutdown
[yolo_detector-1]     return context.shutdown()
[yolo_detector-1]   File "/opt/ros/humble/local/lib/python3.10/dist-packages/rclpy/context.py", line 102, in shutdown
[yolo_detector-1]     self.__context.shutdown()
[yolo_detector-1] rclpy._rclpy_pybind11.RCLError: failed to shutdown: rcl_shutdown already called on the given context, at ./src/rcl/init.c:241
[unicycle_kf_tracker-3] Traceback (most recent call last):
[unicycle_kf_tracker-3]   File "/home/isarlab/ros2_humble/install/unicycle_kf_tracker/lib/python3.10/site-packages/unicycle_kf_tracker/unicycle_kf_tracker_node.py", line 639, in main
[unicycle_kf_tracker-3]     rclpy.spin(node)
[unicycle_kf_tracker-3]   File "/opt/ros/humble/local/lib/python3.10/dist-packages/rclpy/__init__.py", line 229, in spin
[unicycle_kf_tracker-3]     executor.spin_once()
[unicycle_kf_tracker-3]   File "/opt/ros/humble/local/lib/python3.10/dist-packages/rclpy/executors.py", line 751, in spin_once
[unicycle_kf_tracker-3]     self._spin_once_impl(timeout_sec)
[unicycle_kf_tracker-3]   File "/opt/ros/humble/local/lib/python3.10/dist-packages/rclpy/executors.py", line 740, in _spin_once_impl
[unicycle_kf_tracker-3]     handler, entity, node = self.wait_for_ready_callbacks(timeout_sec=timeout_sec)
[unicycle_kf_tracker-3]   File "/opt/ros/humble/local/lib/python3.10/dist-packages/rclpy/executors.py", line 723, in wait_for_ready_callbacks
[unicycle_kf_tracker-3]     return next(self._cb_iter)
[unicycle_kf_tracker-3]   File "/opt/ros/humble/local/lib/python3.10/dist-packages/rclpy/executors.py", line 620, in _wait_for_ready_callbacks
[unicycle_kf_tracker-3]     wait_set.wait(timeout_nsec)
[unicycle_kf_tracker-3] KeyboardInterrupt
[unicycle_kf_tracker-3] 
[unicycle_kf_tracker-3] During handling of the above exception, another exception occurred:
[unicycle_kf_tracker-3] 
[unicycle_kf_tracker-3] Traceback (most recent call last):
[unicycle_kf_tracker-3]   File "/home/isarlab/ros2_humble/install/unicycle_kf_tracker/lib/unicycle_kf_tracker/unicycle_kf_tracker", line 33, in <module>
[unicycle_kf_tracker-3]     sys.exit(load_entry_point('unicycle-kf-tracker==0.0.1', 'console_scripts', 'unicycle_kf_tracker')())
[unicycle_kf_tracker-3]   File "/home/isarlab/ros2_humble/install/unicycle_kf_tracker/lib/python3.10/site-packages/unicycle_kf_tracker/unicycle_kf_tracker_node.py", line 642, in main
[unicycle_kf_tracker-3]     rclpy.shutdown()
[unicycle_kf_tracker-3]   File "/opt/ros/humble/local/lib/python3.10/dist-packages/rclpy/__init__.py", line 130, in shutdown
[unicycle_kf_tracker-3]     _shutdown(context=context)
[unicycle_kf_tracker-3]   File "/opt/ros/humble/local/lib/python3.10/dist-packages/rclpy/utilities.py", line 58, in shutdown
[unicycle_kf_tracker-3]     return context.shutdown()
[unicycle_kf_tracker-3]   File "/opt/ros/humble/local/lib/python3.10/dist-packages/rclpy/context.py", line 102, in shutdown
[unicycle_kf_tracker-3]     self.__context.shutdown()
[unicycle_kf_tracker-3] rclpy._rclpy_pybind11.RCLError: failed to shutdown: rcl_shutdown already called on the given context, at ./src/rcl/init.c:241
[ERROR] [depth_yolo_fusion-2]: process has died [pid 17134, exit code -2, cmd '/home/isarlab/ros2_humble/install/depth_yolo_fusion/lib/depth_yolo_fusion/depth_yolo_fusion --ros-args -r __node:=depth_yolo_fusion_node --params-file /home/isarlab/ros2_humble/install/depth_yolo_fusion/share/depth_yolo_fusion/config/depth_yolo_fusion.yaml'].
[ERROR] [unicycle_kf_tracker-3]: process has died [pid 17136, exit code 1, cmd '/home/isarlab/ros2_humble/install/unicycle_kf_tracker/lib/unicycle_kf_tracker/unicycle_kf_tracker --ros-args -r __node:=unicycle_kf_tracker --params-file /home/isarlab/ros2_humble/install/unicycle_kf_tracker/share/unicycle_kf_tracker/config/unicycle_kf_tracker.yaml'].
[ERROR] [yolo_detector-1]: process has died [pid 17132, exit code 1, cmd '/home/isarlab/ros2_humble/install/yolo_detector/lib/yolo_detector/yolo_detector --ros-args -r __node:=YoloDetector --params-file /tmp/launch_params_ajyjaxhn'].
