[INFO] [1775036915.793733511] [trajectory_metrics_node]: TrajectoryMetricsNode ready
  stage: unicycle
  camera_gps_topic: /environment/GPS/GPSSDT/odom
  ambulance_gps_topic: /environment/GPS/GPSSDTAMBULANCE/odom
  estimation_topic: /unicycle_kf/tracks
  target_track_id: 1
  output_dir: /home/isarlab/ros2_humble/metrics_output/esperimento_01/accelerated_right/esperimento_01_unicycle
  max_abs_pose_m: 500.0
  max_abs_estimate_m: 200.0
  max_abs_error_m: 200.0
  max_pose_step_m: 1.5
  max_pose_speed_mps: 8.0
  max_yaw_rate_rps: 1.5
[INFO] [1775036915.844458365] [trajectory_metrics_node]: GT inizializzata: first_gt_rel_cam = [95.952, 10.099]
[INFO] [1775036915.844925906] [trajectory_metrics_node]: Primo campione stima per target 1: [3.944, -0.817]
[WARN] [1775036916.522393853] [trajectory_metrics_node]: Scarto ambulance odom non plausibile: x=9.69415389207997e-28, y=-5.316609648471509e+34
[WARN] [1775036916.621664167] [trajectory_metrics_node]: Scarto ambulance odom non plausibile: x=9.69415389207997e-28, y=-5.316609648471509e+34
[WARN] [1775036917.526044700] [trajectory_metrics_node]: Scarto ambulance odom non plausibile: x=9.69415389207997e-28, y=-5.316609648471509e+34
[WARN] [1775036917.865582130] [trajectory_metrics_node]: Scarto ambulance odom non plausibile: x=9.69415389207997e-28, y=-5.316609648471509e+34
[WARN] [1775036917.959615616] [trajectory_metrics_node]: Scarto ambulance odom non plausibile: x=9.69415389207997e-28, y=-5.316609648471509e+34
[WARN] [1775036918.365123687] [trajectory_metrics_node]: Scarto ambulance odom non plausibile: x=9.69415389207997e-28, y=-5.316609648471509e+34
[WARN] [1775036918.550942723] [trajectory_metrics_node]: Scarto ambulance odom non plausibile: x=9.69415389207997e-28, y=-5.316609648471509e+34
[WARN] [1775036918.638407102] [trajectory_metrics_node]: Scarto ambulance odom non plausibile: x=3.308722450212111e-24, y=-5.316609648471509e+34
[WARN] [1775036918.729723006] [trajectory_metrics_node]: Scarto ambulance odom non plausibile: x=3.308722450212111e-24, y=-5.316609648471509e+34
[WARN] [1775036918.825935924] [trajectory_metrics_node]: Scarto ambulance odom non plausibile: x=3.308722450212111e-24, y=-5.316609648471509e+34
[WARN] [1775036918.934203558] [trajectory_metrics_node]: Scarto ambulance odom non plausibile: x=3.308722450212111e-24, y=-5.316609648471509e+34
[WARN] [1775036918.936291386] [trajectory_metrics_node]: Scarto camera odom per salto dinamico: step_too_large=273.276m, x=273.28369140625, y=-7.009617331021901e-11
[WARN] [1775036919.021644934] [trajectory_metrics_node]: Scarto ambulance odom per salto dinamico: step_too_large=3.740m, x=99.7, y=10.099997558593751
[WARN] [1775036919.131057168] [trajectory_metrics_node]: Scarto ambulance odom non plausibile: x=3.308722450212111e-24, y=-5.316609648471509e+34
[WARN] [1775036919.231633613] [trajectory_metrics_node]: Scarto ambulance odom per salto dinamico: step_too_large=3.740m, x=99.7, y=10.099997558593751
[WARN] [1775036919.329944893] [trajectory_metrics_node]: Scarto ambulance odom non plausibile: x=3.308722450212111e-24, y=-5.316609648471509e+34
[WARN] [1775036919.432237959] [trajectory_metrics_node]: Scarto ambulance odom per salto dinamico: step_too_large=3.740m, x=99.7, y=10.099997558593751
[WARN] [1775036919.526734009] [trajectory_metrics_node]: Scarto ambulance odom non plausibile: x=3.308722450212111e-24, y=-5.316609648471509e+34
[WARN] [1775036919.627256314] [trajectory_metrics_node]: Scarto ambulance odom non plausibile: x=3.3062021342832383e-24, y=-5.316609648471509e+34
[WARN] [1775036919.740455878] [trajectory_metrics_node]: Scarto ambulance odom non plausibile: x=1.2399631252625952e-24, y=-5.316609648471509e+34
[WARN] [1775036919.833949602] [trajectory_metrics_node]: Scarto ambulance odom per salto dinamico: step_too_large=2.958m, x=98.91798828125, y=10.099997558593751
[WARN] [1775036919.927415113] [trajectory_metrics_node]: Scarto ambulance odom non plausibile: x=3.493545618329428e-25, y=-5.316609648471509e+34
[WARN] [1775036920.028642820] [trajectory_metrics_node]: Scarto ambulance odom non plausibile: x=2.266426410781279e-25, y=-5.316609648471509e+34
[WARN] [1775036920.127200322] [trajectory_metrics_node]: Scarto ambulance odom non plausibile: x=1.6516551166567852e-25, y=-5.316609648471509e+34
[WARN] [1775036920.231945247] [trajectory_metrics_node]: Scarto ambulance odom non plausibile: x=1.2513328197173646e-25, y=-5.316609648471509e+34
[WARN] [1775036920.329071203] [trajectory_metrics_node]: Scarto ambulance odom non plausibile: x=1.0686099148741078e-25, y=-5.316609648471509e+34
[WARN] [1775036920.431043074] [trajectory_metrics_node]: Scarto ambulance odom per salto dinamico: step_too_large=2.088m, x=98.04794921875, y=10.099997558593751
[WARN] [1775036920.526260918] [trajectory_metrics_node]: Scarto ambulance odom non plausibile: x=8.140135774118027e-26, y=-5.316609648471509e+34
[WARN] [1775036920.630945194] [trajectory_metrics_node]: Scarto ambulance odom non plausibile: x=7.247523882642348e-26, y=-5.316609648471509e+34
[WARN] [1775036920.722197661] [trajectory_metrics_node]: Scarto ambulance odom non plausibile: x=6.570996770324808e-26, y=-5.316609648471509e+34
[WARN] [1775036920.832262685] [trajectory_metrics_node]: Scarto ambulance odom non plausibile: x=6.273526789296828e-26, y=-5.316609648471509e+34
[WARN] [1775036920.925770766] [trajectory_metrics_node]: Scarto ambulance odom non plausibile: x=6.024221499698021e-26, y=-5.316609648471509e+34
[WARN] [1775036921.030953515] [trajectory_metrics_node]: Scarto ambulance odom per salto dinamico: step_too_large=1.882m, x=97.842021484375, y=10.099997558593751
[WARN] [1775036921.122112817] [trajectory_metrics_node]: Scarto ambulance odom per salto dinamico: step_too_large=1.864m, x=97.82408203125, y=10.099997558593751
[WARN] [1775036921.226965020] [trajectory_metrics_node]: Scarto ambulance odom per salto dinamico: step_too_large=1.848m, x=97.808095703125, y=10.099997558593751
[WARN] [1775036921.335079477] [trajectory_metrics_node]: Scarto ambulance odom per salto dinamico: step_too_large=1.834m, x=97.79357421875, y=10.099997558593751
[WARN] [1775036921.427695479] [trajectory_metrics_node]: Scarto ambulance odom per salto dinamico: step_too_large=1.820m, x=97.78020507812501, y=10.099997558593751
[WARN] [1775036921.528555980] [trajectory_metrics_node]: Scarto ambulance odom per salto dinamico: step_too_large=1.808m, x=97.76767578125, y=10.099997558593751
[WARN] [1775036921.629826194] [trajectory_metrics_node]: Scarto ambulance odom non plausibile: x=4.91915990011546e-26, y=-5.316609648471509e+34
[WARN] [1775036921.719992284] [trajectory_metrics_node]: Scarto ambulance odom non plausibile: x=4.8010200909495617e-26, y=-5.316609648471509e+34
[WARN] [1775036921.824262325] [trajectory_metrics_node]: Scarto ambulance odom per salto dinamico: step_too_large=1.773m, x=97.733251953125, y=10.099997558593751
[WARN] [1775036921.924906981] [trajectory_metrics_node]: Scarto ambulance odom non plausibile: x=4.5747369180087246e-26, y=-5.316609648471509e+34
[WARN] [1775036922.034314025] [trajectory_metrics_node]: Scarto ambulance odom per salto dinamico: step_too_large=1.752m, x=97.7118359375, y=10.099997558593751
[WARN] [1775036922.126155293] [trajectory_metrics_node]: Scarto ambulance odom non plausibile: x=4.356834603324956e-26, y=-5.316609648471509e+34
[WARN] [1775036922.222282726] [trajectory_metrics_node]: Scarto ambulance odom non plausibile: x=4.250003904096306e-26, y=-5.316609648471509e+34
[WARN] [1775036922.325241391] [trajectory_metrics_node]: Scarto ambulance odom non plausibile: x=4.143880024238733e-26, y=-5.316609648471509e+34
[WARN] [1775036922.429389774] [trajectory_metrics_node]: Scarto ambulance odom per salto dinamico: step_too_large=1.711m, x=97.670576171875, y=10.099997558593751
[WARN] [1775036922.582277695] [trajectory_metrics_node]: Scarto ambulance odom non plausibile: x=3.9336517484409544e-26, y=-5.316609648471509e+34
[WARN] [1775036922.674330180] [trajectory_metrics_node]: Scarto ambulance odom per salto dinamico: step_too_large=1.690m, x=97.6503125, y=10.099997558593751
[WARN] [1775036922.765157318] [trajectory_metrics_node]: Scarto ambulance odom per salto dinamico: step_too_large=1.680m, x=97.640244140625, y=10.099997558593751
[WARN] [1775036922.857782805] [trajectory_metrics_node]: Scarto ambulance odom non plausibile: x=3.620833689640994e-26, y=-5.316609648471509e+34
[WARN] [1775036922.956922618] [trajectory_metrics_node]: Scarto ambulance odom non plausibile: x=3.516931242092524e-26, y=-5.316609648471509e+34
[WARN] [1775036923.053086593] [trajectory_metrics_node]: Scarto ambulance odom non plausibile: x=3.4132307429357906e-26, y=-5.316609648471509e+34
[WARN] [1775036923.058679797] [trajectory_metrics_node]: Scarto camera odom per salto dinamico: step_too_large=273.276m, x=273.28369140625, y=-7.009617331021901e-11
[WARN] [1775036923.151626203] [trajectory_metrics_node]: Scarto ambulance odom per salto dinamico: step_too_large=1.640m, x=97.600078125, y=10.099997558593751
[WARN] [1775036923.248843786] [trajectory_metrics_node]: Scarto ambulance odom per salto dinamico: step_too_large=1.630m, x=97.59005859375, y=10.099997558593751
[WARN] [1775036923.346232785] [trajectory_metrics_node]: Scarto ambulance odom non plausibile: x=3.2055268220347186e-26, y=-5.316609648471509e+34
[WARN] [1775036923.348112147] [trajectory_metrics_node]: Scarto camera odom per salto dinamico: step_too_large=273.276m, x=273.28369140625, y=-7.009617331021901e-11
[WARN] [1775036923.437732296] [trajectory_metrics_node]: Scarto ambulance odom non plausibile: x=3.153727059554286e-26, y=-5.316609648471509e+34
[WARN] [1775036923.536721352] [trajectory_metrics_node]: Scarto ambulance odom per salto dinamico: step_too_large=1.600m, x=97.56, y=10.099997558593751
[WARN] [1775036923.633095341] [trajectory_metrics_node]: Scarto ambulance odom non plausibile: x=3.0502789958872235e-26, y=-5.316609648471509e+34
[WARN] [1775036923.731945323] [trajectory_metrics_node]: Scarto ambulance odom per salto dinamico: step_too_large=1.580m, x=97.540009765625, y=10.099997558593751
[WARN] [1775036923.824917843] [trajectory_metrics_node]: Scarto ambulance odom non plausibile: x=2.9468814193180955e-26, y=-5.316609648471509e+34
[WARN] [1775036923.930559666] [trajectory_metrics_node]: Scarto ambulance odom non plausibile: x=2.895132143935597e-26, y=-5.316609648471509e+34
[WARN] [1775036924.022784755] [trajectory_metrics_node]: Scarto ambulance odom non plausibile: x=2.843433355651033e-26, y=-5.316609648471509e+34
[WARN] [1775036924.126840130] [trajectory_metrics_node]: Scarto ambulance odom non plausibile: x=2.7917345673664686e-26, y=-5.316609648471509e+34
[WARN] [1775036924.128384018] [trajectory_metrics_node]: Scarto camera odom per salto dinamico: step_too_large=273.276m, x=273.28369140625, y=-7.009617331021901e-11
[WARN] [1775036924.222229224] [trajectory_metrics_node]: Scarto ambulance odom non plausibile: x=2.73998529198397e-26, y=-5.316609648471509e+34
[WARN] [1775036924.325064634] [trajectory_metrics_node]: Scarto ambulance odom non plausibile: x=2.68833699079734e-26, y=-5.316609648471509e+34
[WARN] [1775036924.424760598] [trajectory_metrics_node]: Scarto ambulance odom non plausibile: x=2.636638202512776e-26, y=-5.316609648471509e+34
[WARN] [1775036924.530351416] [trajectory_metrics_node]: Scarto ambulance odom non plausibile: x=2.5849394142282115e-26, y=-5.316609648471509e+34
[WARN] [1775036924.632380402] [trajectory_metrics_node]: Scarto ambulance odom non plausibile: x=2.533190138845713e-26, y=-5.316609648471509e+34
[WARN] [1775036924.732027480] [trajectory_metrics_node]: Scarto ambulance odom non plausibile: x=2.481541837659083e-26, y=-5.316609648471509e+34
[WARN] [1775036924.832216497] [trajectory_metrics_node]: Scarto ambulance odom non plausibile: x=2.429843049374519e-26, y=-5.316609648471509e+34
[INFO] [1775036924.942425614] [trajectory_metrics_node]: Rotazione iniziale GT->stima fissata: 158.59 deg
[WARN] [1775036925.026755713] [trajectory_metrics_node]: Scarto ambulance odom non plausibile: x=2.3264454728053904e-26, y=-5.316609648471509e+34
[WARN] [1775036925.223134330] [trajectory_metrics_node]: Scarto ambulance odom non plausibile: x=2.2229974091383277e-26, y=-5.316609648471509e+34
[WARN] [1775036925.333141651] [trajectory_metrics_node]: Scarto ambulance odom non plausibile: x=2.1712986208537635e-26, y=-5.316609648471509e+34
[WARN] [1775036925.425833051] [trajectory_metrics_node]: Scarto ambulance odom non plausibile: x=2.1195998325691992e-26, y=-5.316609648471509e+34
[WARN] [1775036925.528431181] [trajectory_metrics_node]: Scarto ambulance odom non plausibile: x=2.0679010442846352e-26, y=-5.316609648471509e+34
[WARN] [1775036925.627948296] [trajectory_metrics_node]: Scarto ambulance odom non plausibile: x=2.016202256000071e-26, y=-5.316609648471509e+34
[WARN] [1775036925.830688443] [trajectory_metrics_node]: Scarto ambulance odom non plausibile: x=1.9128046794309424e-26, y=-5.316609648471509e+34
[WARN] [1775036925.921212577] [trajectory_metrics_node]: Scarto ambulance odom non plausibile: x=1.8611563782443122e-26, y=-5.316609648471509e+34
[WARN] [1775036926.024565491] [trajectory_metrics_node]: Scarto ambulance odom non plausibile: x=1.8094071028618138e-26, y=-5.316609648471509e+34
[WARN] [1775036926.225200050] [trajectory_metrics_node]: Scarto ambulance odom non plausibile: x=1.7060095262926856e-26, y=-5.316609648471509e+34
[WARN] [1775036926.429256073] [trajectory_metrics_node]: Scarto ambulance odom non plausibile: x=1.6285118309637732e-26, y=-5.316609648471509e+34
[WARN] [1775036926.632173925] [trajectory_metrics_node]: Scarto ambulance odom non plausibile: x=1.576813042679209e-26, y=-5.316609648471509e+34
[WARN] [1775036927.136097988] [trajectory_metrics_node]: Scarto ambulance odom non plausibile: x=1.4475408284188315e-26, y=-5.316609648471509e+34
[WARN] [1775036928.325700142] [trajectory_metrics_node]: Scarto ambulance odom non plausibile: x=1.137348098711446e-26, y=-5.316609648471509e+34
[WARN] [1775036929.129225122] [trajectory_metrics_node]: Scarto ambulance odom non plausibile: x=9.305781891221561e-27, y=-5.316609648471509e+34
[WARN] [1775036929.327530498] [trajectory_metrics_node]: Scarto ambulance odom non plausibile: x=8.788541572886249e-27, y=-5.316609648471509e+34
[WARN] [1775036929.423811943] [trajectory_metrics_node]: Scarto ambulance odom non plausibile: x=8.529795195973757e-27, y=-5.316609648471509e+34
[WARN] [1775036929.425721011] [trajectory_metrics_node]: Scarto camera odom per salto dinamico: step_too_large=273.276m, x=273.28369140625, y=-7.009617331021901e-11
[WARN] [1775036930.428840787] [trajectory_metrics_node]: Scarto ambulance odom non plausibile: x=7.108457171382747e-27, y=-5.316609648471509e+34
[WARN] [1775036930.430651567] [trajectory_metrics_node]: Scarto camera odom per salto dinamico: step_too_large=273.276m, x=273.28369140625, y=-7.009617331021901e-11
[WARN] [1775036931.326134202] [trajectory_metrics_node]: Scarto ambulance odom non plausibile: x=5.945360652724887e-27, y=-5.316609648471509e+34
[WARN] [1775036931.525911757] [trajectory_metrics_node]: Scarto ambulance odom non plausibile: x=5.686866711302065e-27, y=-5.316609648471509e+34
[WARN] [1775036931.623022303] [trajectory_metrics_node]: Scarto ambulance odom non plausibile: x=5.5576197405906546e-27, y=-5.316609648471509e+34
[WARN] [1775036931.927582109] [trajectory_metrics_node]: Scarto ambulance odom non plausibile: x=5.169752610711588e-27, y=-5.316609648471509e+34
[WARN] [1775036932.027313978] [trajectory_metrics_node]: Scarto ambulance odom non plausibile: x=5.040505640000177e-27, y=-5.316609648471509e+34
[WARN] [1775036932.227719225] [trajectory_metrics_node]: Scarto ambulance odom non plausibile: x=4.782137916322191e-27, y=-5.316609648471509e+34
[WARN] [1775036932.377264602] [trajectory_metrics_node]: Scarto ambulance odom non plausibile: x=4.6528909456107805e-27, y=-5.316609648471509e+34
[WARN] [1775036932.561627217] [trajectory_metrics_node]: Scarto ambulance odom non plausibile: x=4.39439700418796e-27, y=-5.316609648471509e+34
[WARN] [1775036932.658525806] [trajectory_metrics_node]: Scarto ambulance odom non plausibile: x=4.265150033476549e-27, y=-5.316609648471509e+34
[WARN] [1775036932.752801004] [trajectory_metrics_node]: Scarto ambulance odom non plausibile: x=4.135839953892721e-27, y=-5.316609648471509e+34
[WARN] [1775036932.841224848] [trajectory_metrics_node]: Scarto ambulance odom non plausibile: x=4.071279577409433e-27, y=-5.316609648471509e+34
[WARN] [1775036932.935117897] [trajectory_metrics_node]: Scarto ambulance odom non plausibile: x=4.006656092053728e-27, y=-5.316609648471509e+34
[WARN] [1775036933.025481451] [trajectory_metrics_node]: Scarto ambulance odom non plausibile: x=3.941906388953187e-27, y=-5.316609648471509e+34
[WARN] [1775036933.127586334] [trajectory_metrics_node]: Scarto ambulance odom non plausibile: x=3.877282903597482e-27, y=-5.316609648471509e+34
[WARN] [1775036933.226839162] [trajectory_metrics_node]: Scarto ambulance odom non plausibile: x=3.812722527114194e-27, y=-5.316609648471509e+34
[WARN] [1775036933.433813343] [trajectory_metrics_node]: Scarto ambulance odom non plausibile: x=3.683538665275202e-27, y=-5.316609648471509e+34
[WARN] [1775036934.029315463] [trajectory_metrics_node]: Scarto ambulance odom non plausibile: x=3.295734644268552e-27, y=-5.316609648471509e+34
[WARN] [1775036934.121902064] [trajectory_metrics_node]: Scarto ambulance odom non plausibile: x=3.2311111589128467e-27, y=-5.316609648471509e+34
[WARN] [1775036934.226132122] [trajectory_metrics_node]: Scarto ambulance odom non plausibile: x=3.1664876735571414e-27, y=-5.316609648471509e+34
[WARN] [1775036934.430183156] [trajectory_metrics_node]: Scarto ambulance odom non plausibile: x=3.0372407028457307e-27, y=-5.316609648471509e+34
[WARN] [1775036934.530710286] [trajectory_metrics_node]: Scarto ambulance odom non plausibile: x=2.9726803263624433e-27, y=-5.316609648471509e+34
[INFO] [1775036941.597728562] [trajectory_metrics_node]: Salvati:
  /home/isarlab/ros2_humble/metrics_output/esperimento_01/accelerated_right/esperimento_01_unicycle/unicycle_metrics_detail.csv
  /home/isarlab/ros2_humble/metrics_output/esperimento_01/accelerated_right/esperimento_01_unicycle/unicycle_metrics_summary.csv
  /home/isarlab/ros2_humble/metrics_output/esperimento_01/accelerated_right/esperimento_01_unicycle/unicycle_trajectory.png
  /home/isarlab/ros2_humble/metrics_output/esperimento_01/accelerated_right/esperimento_01_unicycle/unicycle_error.png
Failed to publish log message to rosout: publisher's context is invalid, at ./src/rcl/publisher.c:389
[INFO] [1775036941.598106838] [trajectory_metrics_node]: Summary unicycle: target_id=1, n=114, MAE_norm=0.749 m, RMSE_norm=0.893 m, final_error=0.520 m, max_error=1.460 m
Failed to publish log message to rosout: publisher's context is invalid, at ./src/rcl/publisher.c:389
Traceback (most recent call last):
  File "/home/isarlab/ros2_humble/install/trajectory_metrics/lib/python3.10/site-packages/trajectory_metrics/trajectory_metrics_node.py", line 778, in main
    rclpy.spin(node)
  File "/opt/ros/humble/local/lib/python3.10/dist-packages/rclpy/__init__.py", line 229, in spin
    executor.spin_once()
  File "/opt/ros/humble/local/lib/python3.10/dist-packages/rclpy/executors.py", line 751, in spin_once
    self._spin_once_impl(timeout_sec)
  File "/opt/ros/humble/local/lib/python3.10/dist-packages/rclpy/executors.py", line 740, in _spin_once_impl
    handler, entity, node = self.wait_for_ready_callbacks(timeout_sec=timeout_sec)
  File "/opt/ros/humble/local/lib/python3.10/dist-packages/rclpy/executors.py", line 723, in wait_for_ready_callbacks
    return next(self._cb_iter)
  File "/opt/ros/humble/local/lib/python3.10/dist-packages/rclpy/executors.py", line 620, in _wait_for_ready_callbacks
    wait_set.wait(timeout_nsec)
KeyboardInterrupt

During handling of the above exception, another exception occurred:

Traceback (most recent call last):
  File "/home/isarlab/ros2_humble/install/trajectory_metrics/lib/trajectory_metrics/trajectory_metrics_node", line 33, in <module>
    sys.exit(load_entry_point('trajectory-metrics==0.0.1', 'console_scripts', 'trajectory_metrics_node')())
  File "/home/isarlab/ros2_humble/install/trajectory_metrics/lib/python3.10/site-packages/trajectory_metrics/trajectory_metrics_node.py", line 785, in main
    rclpy.shutdown()
  File "/opt/ros/humble/local/lib/python3.10/dist-packages/rclpy/__init__.py", line 130, in shutdown
    _shutdown(context=context)
  File "/opt/ros/humble/local/lib/python3.10/dist-packages/rclpy/utilities.py", line 58, in shutdown
    return context.shutdown()
  File "/opt/ros/humble/local/lib/python3.10/dist-packages/rclpy/context.py", line 102, in shutdown
    self.__context.shutdown()
rclpy._rclpy_pybind11.RCLError: failed to shutdown: rcl_shutdown already called on the given context, at ./src/rcl/init.c:241
[ros2run]: Process exited with failure 1
