[2.497s] Invoking command in '/home/isarlab/ros2_humble/src/ackermann_kf_tracker': PYTHONPATH=/home/isarlab/ros2_humble/src/build/ackermann_kf_tracker/prefix_override:/usr/lib/python3/dist-packages/colcon_core/task/python/colcon_distutils_commands:/home/isarlab/ros2_humble/src/install/ackermann_kf_tracker/lib/python3.10/site-packages:${PYTHONPATH} /usr/bin/python3 -W ignore:setup.py install is deprecated -W ignore:easy_install command is deprecated setup.py egg_info --egg-base ../build/ackermann_kf_tracker build --build-base /home/isarlab/ros2_humble/src/build/ackermann_kf_tracker/build install --record /home/isarlab/ros2_humble/src/build/ackermann_kf_tracker/install.log --single-version-externally-managed install_data
[2.850s] running egg_info
[2.851s] writing ../build/ackermann_kf_tracker/ackermann_kf_tracker.egg-info/PKG-INFO
[2.852s] writing dependency_links to ../build/ackermann_kf_tracker/ackermann_kf_tracker.egg-info/dependency_links.txt
[2.853s] writing entry points to ../build/ackermann_kf_tracker/ackermann_kf_tracker.egg-info/entry_points.txt
[2.854s] writing requirements to ../build/ackermann_kf_tracker/ackermann_kf_tracker.egg-info/requires.txt
[2.854s] writing top-level names to ../build/ackermann_kf_tracker/ackermann_kf_tracker.egg-info/top_level.txt
[2.857s] reading manifest file '../build/ackermann_kf_tracker/ackermann_kf_tracker.egg-info/SOURCES.txt'
[2.859s] writing manifest file '../build/ackermann_kf_tracker/ackermann_kf_tracker.egg-info/SOURCES.txt'
[2.859s] running build
[2.859s] running build_py
[2.859s] copying ./ackermann_kf_tracker/ackermann_kf_tracker_node.py -> /home/isarlab/ros2_humble/src/build/ackermann_kf_tracker/build/lib/ackermann_kf_tracker
[2.860s] running install
[2.860s] running install_lib
[2.861s] copying /home/isarlab/ros2_humble/src/build/ackermann_kf_tracker/build/lib/ackermann_kf_tracker/ackermann_kf_tracker_node.py -> /home/isarlab/ros2_humble/src/install/ackermann_kf_tracker/lib/python3.10/site-packages/ackermann_kf_tracker
[2.862s] byte-compiling /home/isarlab/ros2_humble/src/install/ackermann_kf_tracker/lib/python3.10/site-packages/ackermann_kf_tracker/ackermann_kf_tracker_node.py to ackermann_kf_tracker_node.cpython-310.pyc
[2.868s] running install_data
[2.868s] copying package.xml -> /home/isarlab/ros2_humble/src/install/ackermann_kf_tracker/share/ackermann_kf_tracker
[2.869s] copying config/ackermann_kf_tracker.yaml -> /home/isarlab/ros2_humble/src/install/ackermann_kf_tracker/share/ackermann_kf_tracker/config
[2.869s] copying launch/ackermann_kf_tracker.launch.py -> /home/isarlab/ros2_humble/src/install/ackermann_kf_tracker/share/ackermann_kf_tracker/launch
[2.869s] running install_egg_info
[2.871s] removing '/home/isarlab/ros2_humble/src/install/ackermann_kf_tracker/lib/python3.10/site-packages/ackermann_kf_tracker-0.0.1-py3.10.egg-info' (and everything under it)
[2.872s] Copying ../build/ackermann_kf_tracker/ackermann_kf_tracker.egg-info to /home/isarlab/ros2_humble/src/install/ackermann_kf_tracker/lib/python3.10/site-packages/ackermann_kf_tracker-0.0.1-py3.10.egg-info
[2.873s] running install_scripts
[2.899s] Installing ackermann_kf_tracker script to /home/isarlab/ros2_humble/src/install/ackermann_kf_tracker/lib/ackermann_kf_tracker
[2.899s] writing list of installed files to '/home/isarlab/ros2_humble/src/build/ackermann_kf_tracker/install.log'
[2.963s] Invoked command in '/home/isarlab/ros2_humble/src/ackermann_kf_tracker' returned '0': PYTHONPATH=/home/isarlab/ros2_humble/src/build/ackermann_kf_tracker/prefix_override:/usr/lib/python3/dist-packages/colcon_core/task/python/colcon_distutils_commands:/home/isarlab/ros2_humble/src/install/ackermann_kf_tracker/lib/python3.10/site-packages:${PYTHONPATH} /usr/bin/python3 -W ignore:setup.py install is deprecated -W ignore:easy_install command is deprecated setup.py egg_info --egg-base ../build/ackermann_kf_tracker build --build-base /home/isarlab/ros2_humble/src/build/ackermann_kf_tracker/build install --record /home/isarlab/ros2_humble/src/build/ackermann_kf_tracker/install.log --single-version-externally-managed install_data
