running develop
running egg_info
creating trajectory_metrics.egg-info
writing trajectory_metrics.egg-info/PKG-INFO
writing dependency_links to trajectory_metrics.egg-info/dependency_links.txt
writing entry points to trajectory_metrics.egg-info/entry_points.txt
writing requirements to trajectory_metrics.egg-info/requires.txt
writing top-level names to trajectory_metrics.egg-info/top_level.txt
writing manifest file 'trajectory_metrics.egg-info/SOURCES.txt'
reading manifest file 'trajectory_metrics.egg-info/SOURCES.txt'
writing manifest file 'trajectory_metrics.egg-info/SOURCES.txt'
running build_ext
Creating /home/isarlab/ros2_humble/install/trajectory_metrics/lib/python3.10/site-packages/trajectory-metrics.egg-link (link to .)
Installing trajectory_metrics_node script to /home/isarlab/ros2_humble/install/trajectory_metrics/lib/trajectory_metrics

Installed /home/isarlab/ros2_humble/build/trajectory_metrics
running symlink_data
creating /home/isarlab/ros2_humble/install/trajectory_metrics/share/ament_index
creating /home/isarlab/ros2_humble/install/trajectory_metrics/share/ament_index/resource_index
creating /home/isarlab/ros2_humble/install/trajectory_metrics/share/ament_index/resource_index/packages
symbolically linking /home/isarlab/ros2_humble/build/trajectory_metrics/resource/trajectory_metrics -> /home/isarlab/ros2_humble/install/trajectory_metrics/share/ament_index/resource_index/packages
symbolically linking /home/isarlab/ros2_humble/build/trajectory_metrics/package.xml -> /home/isarlab/ros2_humble/install/trajectory_metrics/share/trajectory_metrics
creating /home/isarlab/ros2_humble/install/trajectory_metrics/share/trajectory_metrics/launch
symbolically linking /home/isarlab/ros2_humble/build/trajectory_metrics/launch/trajectory_metrics.launch.py -> /home/isarlab/ros2_humble/install/trajectory_metrics/share/trajectory_metrics/launch
creating /home/isarlab/ros2_humble/install/trajectory_metrics/share/trajectory_metrics/config
symbolically linking /home/isarlab/ros2_humble/build/trajectory_metrics/config/trajectory_metrics.yaml -> /home/isarlab/ros2_humble/install/trajectory_metrics/share/trajectory_metrics/config
