[2.454s] Invoking command in '/home/isarlab/ros2_humble/build/trajectory_metrics': PYTHONPATH=/home/isarlab/ros2_humble/build/trajectory_metrics/prefix_override:/usr/lib/python3/dist-packages/colcon_core/task/python/colcon_distutils_commands:/home/isarlab/ros2_humble/install/trajectory_metrics/lib/python3.10/site-packages:${PYTHONPATH} /usr/bin/python3 -W ignore:setup.py install is deprecated -W ignore:easy_install command is deprecated setup.py develop --editable --build-directory /home/isarlab/ros2_humble/build/trajectory_metrics/build --no-deps symlink_data
[2.839s] running develop
[3.063s] running egg_info
[3.063s] creating trajectory_metrics.egg-info
[3.064s] writing trajectory_metrics.egg-info/PKG-INFO
[3.064s] writing dependency_links to trajectory_metrics.egg-info/dependency_links.txt
[3.065s] writing entry points to trajectory_metrics.egg-info/entry_points.txt
[3.065s] writing requirements to trajectory_metrics.egg-info/requires.txt
[3.065s] writing top-level names to trajectory_metrics.egg-info/top_level.txt
[3.066s] writing manifest file 'trajectory_metrics.egg-info/SOURCES.txt'
[3.069s] reading manifest file 'trajectory_metrics.egg-info/SOURCES.txt'
[3.069s] writing manifest file 'trajectory_metrics.egg-info/SOURCES.txt'
[3.073s] running build_ext
[3.073s] Creating /home/isarlab/ros2_humble/install/trajectory_metrics/lib/python3.10/site-packages/trajectory-metrics.egg-link (link to .)
[3.074s] Installing trajectory_metrics_node script to /home/isarlab/ros2_humble/install/trajectory_metrics/lib/trajectory_metrics
[3.075s] 
[3.075s] Installed /home/isarlab/ros2_humble/build/trajectory_metrics
[3.075s] running symlink_data
[3.075s] creating /home/isarlab/ros2_humble/install/trajectory_metrics/share/ament_index
[3.075s] creating /home/isarlab/ros2_humble/install/trajectory_metrics/share/ament_index/resource_index
[3.076s] creating /home/isarlab/ros2_humble/install/trajectory_metrics/share/ament_index/resource_index/packages
[3.077s] symbolically linking /home/isarlab/ros2_humble/build/trajectory_metrics/resource/trajectory_metrics -> /home/isarlab/ros2_humble/install/trajectory_metrics/share/ament_index/resource_index/packages
[3.077s] symbolically linking /home/isarlab/ros2_humble/build/trajectory_metrics/package.xml -> /home/isarlab/ros2_humble/install/trajectory_metrics/share/trajectory_metrics
[3.077s] creating /home/isarlab/ros2_humble/install/trajectory_metrics/share/trajectory_metrics/launch
[3.077s] symbolically linking /home/isarlab/ros2_humble/build/trajectory_metrics/launch/trajectory_metrics.launch.py -> /home/isarlab/ros2_humble/install/trajectory_metrics/share/trajectory_metrics/launch
[3.078s] creating /home/isarlab/ros2_humble/install/trajectory_metrics/share/trajectory_metrics/config
[3.078s] symbolically linking /home/isarlab/ros2_humble/build/trajectory_metrics/config/trajectory_metrics.yaml -> /home/isarlab/ros2_humble/install/trajectory_metrics/share/trajectory_metrics/config
[3.153s] Invoked command in '/home/isarlab/ros2_humble/build/trajectory_metrics' returned '0': PYTHONPATH=/home/isarlab/ros2_humble/build/trajectory_metrics/prefix_override:/usr/lib/python3/dist-packages/colcon_core/task/python/colcon_distutils_commands:/home/isarlab/ros2_humble/install/trajectory_metrics/lib/python3.10/site-packages:${PYTHONPATH} /usr/bin/python3 -W ignore:setup.py install is deprecated -W ignore:easy_install command is deprecated setup.py develop --editable --build-directory /home/isarlab/ros2_humble/build/trajectory_metrics/build --no-deps symlink_data
