running egg_info
writing ../build/depth_yolo_fusion/depth_yolo_fusion.egg-info/PKG-INFO
writing dependency_links to ../build/depth_yolo_fusion/depth_yolo_fusion.egg-info/dependency_links.txt
writing entry points to ../build/depth_yolo_fusion/depth_yolo_fusion.egg-info/entry_points.txt
writing requirements to ../build/depth_yolo_fusion/depth_yolo_fusion.egg-info/requires.txt
writing top-level names to ../build/depth_yolo_fusion/depth_yolo_fusion.egg-info/top_level.txt
reading manifest file '../build/depth_yolo_fusion/depth_yolo_fusion.egg-info/SOURCES.txt'
writing manifest file '../build/depth_yolo_fusion/depth_yolo_fusion.egg-info/SOURCES.txt'
running build
running build_py
copying src/depth_yolo_fusion/depth_yolo_fusion_node.py -> /home/isarlab/ros2_humble/src/build/depth_yolo_fusion/build/lib/depth_yolo_fusion
running install
running install_lib
copying /home/isarlab/ros2_humble/src/build/depth_yolo_fusion/build/lib/depth_yolo_fusion/depth_yolo_fusion_node.py -> /home/isarlab/ros2_humble/src/install/depth_yolo_fusion/lib/python3.10/site-packages/depth_yolo_fusion
byte-compiling /home/isarlab/ros2_humble/src/install/depth_yolo_fusion/lib/python3.10/site-packages/depth_yolo_fusion/depth_yolo_fusion_node.py to depth_yolo_fusion_node.cpython-310.pyc
running install_data
copying config/depth_yolo_fusion.yaml -> /home/isarlab/ros2_humble/src/install/depth_yolo_fusion/share/depth_yolo_fusion/config
copying launch/depth_yolo_fusion.launch.py -> /home/isarlab/ros2_humble/src/install/depth_yolo_fusion/share/depth_yolo_fusion/launch
running install_egg_info
removing '/home/isarlab/ros2_humble/src/install/depth_yolo_fusion/lib/python3.10/site-packages/depth_yolo_fusion-0.0.1-py3.10.egg-info' (and everything under it)
Copying ../build/depth_yolo_fusion/depth_yolo_fusion.egg-info to /home/isarlab/ros2_humble/src/install/depth_yolo_fusion/lib/python3.10/site-packages/depth_yolo_fusion-0.0.1-py3.10.egg-info
running install_scripts
Installing depth_yolo_fusion script to /home/isarlab/ros2_humble/src/install/depth_yolo_fusion/lib/depth_yolo_fusion
writing list of installed files to '/home/isarlab/ros2_humble/src/build/depth_yolo_fusion/install.log'
