[2.442s] Invoking command in '/home/isarlab/ros2_humble/src/depth_yolo_fusion': PYTHONPATH=/home/isarlab/ros2_humble/src/build/depth_yolo_fusion/prefix_override:/usr/lib/python3/dist-packages/colcon_core/task/python/colcon_distutils_commands:/home/isarlab/ros2_humble/src/install/depth_yolo_fusion/lib/python3.10/site-packages:${PYTHONPATH} /usr/bin/python3 -W ignore:setup.py install is deprecated -W ignore:easy_install command is deprecated setup.py egg_info --egg-base ../build/depth_yolo_fusion build --build-base /home/isarlab/ros2_humble/src/build/depth_yolo_fusion/build install --record /home/isarlab/ros2_humble/src/build/depth_yolo_fusion/install.log --single-version-externally-managed install_data
[2.809s] running egg_info
[2.810s] writing ../build/depth_yolo_fusion/depth_yolo_fusion.egg-info/PKG-INFO
[2.810s] writing dependency_links to ../build/depth_yolo_fusion/depth_yolo_fusion.egg-info/dependency_links.txt
[2.811s] writing entry points to ../build/depth_yolo_fusion/depth_yolo_fusion.egg-info/entry_points.txt
[2.811s] writing requirements to ../build/depth_yolo_fusion/depth_yolo_fusion.egg-info/requires.txt
[2.811s] writing top-level names to ../build/depth_yolo_fusion/depth_yolo_fusion.egg-info/top_level.txt
[2.815s] reading manifest file '../build/depth_yolo_fusion/depth_yolo_fusion.egg-info/SOURCES.txt'
[2.818s] writing manifest file '../build/depth_yolo_fusion/depth_yolo_fusion.egg-info/SOURCES.txt'
[2.818s] running build
[2.818s] running build_py
[2.818s] copying src/depth_yolo_fusion/depth_yolo_fusion_node.py -> /home/isarlab/ros2_humble/src/build/depth_yolo_fusion/build/lib/depth_yolo_fusion
[2.819s] running install
[2.819s] running install_lib
[2.820s] copying /home/isarlab/ros2_humble/src/build/depth_yolo_fusion/build/lib/depth_yolo_fusion/depth_yolo_fusion_node.py -> /home/isarlab/ros2_humble/src/install/depth_yolo_fusion/lib/python3.10/site-packages/depth_yolo_fusion
[2.821s] byte-compiling /home/isarlab/ros2_humble/src/install/depth_yolo_fusion/lib/python3.10/site-packages/depth_yolo_fusion/depth_yolo_fusion_node.py to depth_yolo_fusion_node.cpython-310.pyc
[2.824s] running install_data
[2.824s] copying config/depth_yolo_fusion.yaml -> /home/isarlab/ros2_humble/src/install/depth_yolo_fusion/share/depth_yolo_fusion/config
[2.825s] copying launch/depth_yolo_fusion.launch.py -> /home/isarlab/ros2_humble/src/install/depth_yolo_fusion/share/depth_yolo_fusion/launch
[2.826s] running install_egg_info
[2.828s] removing '/home/isarlab/ros2_humble/src/install/depth_yolo_fusion/lib/python3.10/site-packages/depth_yolo_fusion-0.0.1-py3.10.egg-info' (and everything under it)
[2.830s] Copying ../build/depth_yolo_fusion/depth_yolo_fusion.egg-info to /home/isarlab/ros2_humble/src/install/depth_yolo_fusion/lib/python3.10/site-packages/depth_yolo_fusion-0.0.1-py3.10.egg-info
[2.833s] running install_scripts
[2.859s] Installing depth_yolo_fusion script to /home/isarlab/ros2_humble/src/install/depth_yolo_fusion/lib/depth_yolo_fusion
[2.860s] writing list of installed files to '/home/isarlab/ros2_humble/src/build/depth_yolo_fusion/install.log'
[2.933s] Invoked command in '/home/isarlab/ros2_humble/src/depth_yolo_fusion' returned '0': PYTHONPATH=/home/isarlab/ros2_humble/src/build/depth_yolo_fusion/prefix_override:/usr/lib/python3/dist-packages/colcon_core/task/python/colcon_distutils_commands:/home/isarlab/ros2_humble/src/install/depth_yolo_fusion/lib/python3.10/site-packages:${PYTHONPATH} /usr/bin/python3 -W ignore:setup.py install is deprecated -W ignore:easy_install command is deprecated setup.py egg_info --egg-base ../build/depth_yolo_fusion build --build-base /home/isarlab/ros2_humble/src/build/depth_yolo_fusion/build install --record /home/isarlab/ros2_humble/src/build/depth_yolo_fusion/install.log --single-version-externally-managed install_data
