[0.141s] DEBUG:colcon:Command line arguments: ['/usr/bin/colcon', 'build']
[0.141s] DEBUG:colcon:Parsed command line arguments: Namespace(log_base=None, log_level=None, verb_name='build', build_base='build', install_base='install', merge_install=False, symlink_install=False, test_result_base=None, continue_on_error=False, executor='parallel', parallel_workers=16, event_handlers=None, ignore_user_meta=False, metas=['./colcon.meta'], base_paths=['.'], packages_ignore=None, packages_ignore_regex=None, paths=None, packages_up_to=None, packages_up_to_regex=None, packages_above=None, packages_above_and_dependencies=None, packages_above_depth=None, packages_select_by_dep=None, packages_skip_by_dep=None, packages_skip_up_to=None, packages_select_build_failed=False, packages_skip_build_finished=False, packages_select_test_failures=False, packages_skip_test_passed=False, packages_select=None, packages_skip=None, packages_select_regex=None, packages_skip_regex=None, packages_start=None, packages_end=None, allow_overriding=[], cmake_args=None, cmake_target=None, cmake_target_skip_unavailable=False, cmake_clean_cache=False, cmake_clean_first=False, cmake_force_configure=False, ament_cmake_args=None, catkin_cmake_args=None, catkin_skip_building_tests=False, mixin_files=None, mixin=None, verb_parser=<colcon_mixin.mixin.mixin_argument.MixinArgumentDecorator object at 0x74e2a414fac0>, verb_extension=<colcon_core.verb.build.BuildVerb object at 0x74e2a4105570>, main=<bound method BuildVerb.main of <colcon_core.verb.build.BuildVerb object at 0x74e2a4105570>>, mixin_verb=('build',))
[0.279s] Level 1:colcon.colcon_core.package_discovery:discover_packages(colcon_meta) check parameters
[0.279s] Level 1:colcon.colcon_core.package_discovery:discover_packages(recursive) check parameters
[0.279s] Level 1:colcon.colcon_core.package_discovery:discover_packages(ignore) check parameters
[0.279s] Level 1:colcon.colcon_core.package_discovery:discover_packages(path) check parameters
[0.279s] Level 1:colcon.colcon_core.package_discovery:discover_packages(colcon_meta) discover
[0.279s] Level 1:colcon.colcon_core.package_discovery:discover_packages(recursive) discover
[0.279s] INFO:colcon.colcon_core.package_discovery:Crawling recursively for packages in '/home/isarlab/ros2_humble/src/ros2_unreal_interface'
[0.279s] Level 1:colcon.colcon_core.package_identification:_identify(.) by extensions ['ignore', 'ignore_ament_install']
[0.280s] Level 1:colcon.colcon_core.package_identification:_identify(.) by extension 'ignore'
[0.280s] Level 1:colcon.colcon_core.package_identification:_identify(.) by extension 'ignore_ament_install'
[0.280s] Level 1:colcon.colcon_core.package_identification:_identify(.) by extensions ['colcon_pkg']
[0.280s] Level 1:colcon.colcon_core.package_identification:_identify(.) by extension 'colcon_pkg'
[0.280s] Level 1:colcon.colcon_core.package_identification:_identify(.) by extensions ['colcon_meta']
[0.280s] Level 1:colcon.colcon_core.package_identification:_identify(.) by extension 'colcon_meta'
[0.280s] Level 1:colcon.colcon_core.package_identification:_identify(.) by extensions ['ros']
[0.280s] Level 1:colcon.colcon_core.package_identification:_identify(.) by extension 'ros'
[0.291s] DEBUG:colcon.colcon_core.package_identification:Package '.' with type 'ros.ament_python' and name 'ros2_unreal_interface'
[0.291s] Level 1:colcon.colcon_core.package_discovery:discover_packages(recursive) using defaults
[0.291s] Level 1:colcon.colcon_core.package_discovery:discover_packages(ignore) discover
[0.291s] Level 1:colcon.colcon_core.package_discovery:discover_packages(ignore) using defaults
[0.291s] Level 1:colcon.colcon_core.package_discovery:discover_packages(path) discover
[0.291s] Level 1:colcon.colcon_core.package_discovery:discover_packages(path) using defaults
[0.320s] Level 1:colcon.colcon_core.package_discovery:discover_packages(prefix_path) check parameters
[0.320s] Level 1:colcon.colcon_core.package_discovery:discover_packages(prefix_path) discover
[0.321s] DEBUG:colcon.colcon_installed_package_information.package_discovery:Found 1 installed packages in /home/isarlab/ros2_humble/src/ros2_unreal_interface/install
[0.322s] DEBUG:colcon.colcon_installed_package_information.package_discovery:Found 4 installed packages in /home/isarlab/cv_bridge_ws/install
[0.322s] DEBUG:colcon.colcon_installed_package_information.package_discovery:Found 1 installed packages in /home/isarlab/ros2_humble/install
[0.323s] DEBUG:colcon.colcon_installed_package_information.package_discovery:Found 272 installed packages in /opt/ros/humble
[0.325s] Level 1:colcon.colcon_core.package_discovery:discover_packages(prefix_path) using defaults
[0.353s] Level 5:colcon.colcon_core.verb:set package 'ros2_unreal_interface' build argument 'cmake_args' from command line to 'None'
[0.353s] Level 5:colcon.colcon_core.verb:set package 'ros2_unreal_interface' build argument 'cmake_target' from command line to 'None'
[0.353s] Level 5:colcon.colcon_core.verb:set package 'ros2_unreal_interface' build argument 'cmake_target_skip_unavailable' from command line to 'False'
[0.353s] Level 5:colcon.colcon_core.verb:set package 'ros2_unreal_interface' build argument 'cmake_clean_cache' from command line to 'False'
[0.353s] Level 5:colcon.colcon_core.verb:set package 'ros2_unreal_interface' build argument 'cmake_clean_first' from command line to 'False'
[0.353s] Level 5:colcon.colcon_core.verb:set package 'ros2_unreal_interface' build argument 'cmake_force_configure' from command line to 'False'
[0.353s] Level 5:colcon.colcon_core.verb:set package 'ros2_unreal_interface' build argument 'ament_cmake_args' from command line to 'None'
[0.353s] Level 5:colcon.colcon_core.verb:set package 'ros2_unreal_interface' build argument 'catkin_cmake_args' from command line to 'None'
[0.354s] Level 5:colcon.colcon_core.verb:set package 'ros2_unreal_interface' build argument 'catkin_skip_building_tests' from command line to 'False'
[0.354s] DEBUG:colcon.colcon_core.verb:Building package 'ros2_unreal_interface' with the following arguments: {'ament_cmake_args': None, 'build_base': '/home/isarlab/ros2_humble/src/ros2_unreal_interface/build/ros2_unreal_interface', 'catkin_cmake_args': None, 'catkin_skip_building_tests': False, 'cmake_args': None, 'cmake_clean_cache': False, 'cmake_clean_first': False, 'cmake_force_configure': False, 'cmake_target': None, 'cmake_target_skip_unavailable': False, 'install_base': '/home/isarlab/ros2_humble/src/ros2_unreal_interface/install/ros2_unreal_interface', 'merge_install': False, 'path': '/home/isarlab/ros2_humble/src/ros2_unreal_interface', 'symlink_install': False, 'test_result_base': None}
[0.354s] INFO:colcon.colcon_core.executor:Executing jobs using 'parallel' executor
[0.355s] DEBUG:colcon.colcon_parallel_executor.executor.parallel:run_until_complete
[0.355s] INFO:colcon.colcon_ros.task.ament_python.build:Building ROS package in '/home/isarlab/ros2_humble/src/ros2_unreal_interface' with build type 'ament_python'
[0.355s] Level 1:colcon.colcon_core.shell:create_environment_hook('ros2_unreal_interface', 'ament_prefix_path')
[0.358s] INFO:colcon.colcon_core.plugin_system:Skipping extension 'colcon_core.shell.bat': Not used on non-Windows systems
[0.358s] INFO:colcon.colcon_core.shell:Creating environment hook '/home/isarlab/ros2_humble/src/ros2_unreal_interface/install/ros2_unreal_interface/share/ros2_unreal_interface/hook/ament_prefix_path.ps1'
[0.358s] INFO:colcon.colcon_core.shell:Creating environment descriptor '/home/isarlab/ros2_humble/src/ros2_unreal_interface/install/ros2_unreal_interface/share/ros2_unreal_interface/hook/ament_prefix_path.dsv'
[0.359s] INFO:colcon.colcon_core.shell:Creating environment hook '/home/isarlab/ros2_humble/src/ros2_unreal_interface/install/ros2_unreal_interface/share/ros2_unreal_interface/hook/ament_prefix_path.sh'
[0.360s] INFO:colcon.colcon_core.shell:Skip shell extension 'powershell' for command environment: Not usable outside of PowerShell
[0.360s] DEBUG:colcon.colcon_core.shell:Skip shell extension 'dsv' for command environment
[0.591s] INFO:colcon.colcon_core.task.python.build:Building Python package in '/home/isarlab/ros2_humble/src/ros2_unreal_interface'
[0.592s] INFO:colcon.colcon_core.shell:Skip shell extension 'powershell' for command environment: Not usable outside of PowerShell
[0.592s] DEBUG:colcon.colcon_core.shell:Skip shell extension 'dsv' for command environment
[0.915s] DEBUG:colcon.colcon_core.event_handler.log_command:Invoking command in '/home/isarlab/ros2_humble/src/ros2_unreal_interface': PYTHONPATH=/home/isarlab/ros2_humble/src/ros2_unreal_interface/build/ros2_unreal_interface/prefix_override:/usr/lib/python3/dist-packages/colcon_core/task/python/colcon_distutils_commands:/home/isarlab/ros2_humble/src/ros2_unreal_interface/install/ros2_unreal_interface/lib/python3.10/site-packages:${PYTHONPATH} /usr/bin/python3 -W ignore:setup.py install is deprecated -W ignore:easy_install command is deprecated setup.py egg_info --egg-base build/ros2_unreal_interface build --build-base /home/isarlab/ros2_humble/src/ros2_unreal_interface/build/ros2_unreal_interface/build install --record /home/isarlab/ros2_humble/src/ros2_unreal_interface/build/ros2_unreal_interface/install.log --single-version-externally-managed install_data
[1.192s] DEBUG:colcon.colcon_core.event_handler.log_command:Invoked command in '/home/isarlab/ros2_humble/src/ros2_unreal_interface' returned '0': PYTHONPATH=/home/isarlab/ros2_humble/src/ros2_unreal_interface/build/ros2_unreal_interface/prefix_override:/usr/lib/python3/dist-packages/colcon_core/task/python/colcon_distutils_commands:/home/isarlab/ros2_humble/src/ros2_unreal_interface/install/ros2_unreal_interface/lib/python3.10/site-packages:${PYTHONPATH} /usr/bin/python3 -W ignore:setup.py install is deprecated -W ignore:easy_install command is deprecated setup.py egg_info --egg-base build/ros2_unreal_interface build --build-base /home/isarlab/ros2_humble/src/ros2_unreal_interface/build/ros2_unreal_interface/build install --record /home/isarlab/ros2_humble/src/ros2_unreal_interface/build/ros2_unreal_interface/install.log --single-version-externally-managed install_data
[1.194s] Level 1:colcon.colcon_core.environment:checking '/home/isarlab/ros2_humble/src/ros2_unreal_interface/install/ros2_unreal_interface' for CMake module files
[1.195s] Level 1:colcon.colcon_core.environment:checking '/home/isarlab/ros2_humble/src/ros2_unreal_interface/install/ros2_unreal_interface' for CMake config files
[1.195s] Level 1:colcon.colcon_core.environment:checking '/home/isarlab/ros2_humble/src/ros2_unreal_interface/install/ros2_unreal_interface/lib'
[1.196s] Level 1:colcon.colcon_core.environment:checking '/home/isarlab/ros2_humble/src/ros2_unreal_interface/install/ros2_unreal_interface/bin'
[1.196s] Level 1:colcon.colcon_core.environment:checking '/home/isarlab/ros2_humble/src/ros2_unreal_interface/install/ros2_unreal_interface/lib/pkgconfig/ros2_unreal_interface.pc'
[1.196s] Level 1:colcon.colcon_core.environment:checking '/home/isarlab/ros2_humble/src/ros2_unreal_interface/install/ros2_unreal_interface/lib/python3.10/site-packages'
[1.196s] Level 1:colcon.colcon_core.shell:create_environment_hook('ros2_unreal_interface', 'pythonpath')
[1.196s] INFO:colcon.colcon_core.shell:Creating environment hook '/home/isarlab/ros2_humble/src/ros2_unreal_interface/install/ros2_unreal_interface/share/ros2_unreal_interface/hook/pythonpath.ps1'
[1.197s] INFO:colcon.colcon_core.shell:Creating environment descriptor '/home/isarlab/ros2_humble/src/ros2_unreal_interface/install/ros2_unreal_interface/share/ros2_unreal_interface/hook/pythonpath.dsv'
[1.197s] INFO:colcon.colcon_core.shell:Creating environment hook '/home/isarlab/ros2_humble/src/ros2_unreal_interface/install/ros2_unreal_interface/share/ros2_unreal_interface/hook/pythonpath.sh'
[1.198s] Level 1:colcon.colcon_core.environment:checking '/home/isarlab/ros2_humble/src/ros2_unreal_interface/install/ros2_unreal_interface/bin'
[1.198s] Level 1:colcon.colcon_core.environment:create_environment_scripts_only(ros2_unreal_interface)
[1.198s] INFO:colcon.colcon_core.shell:Creating package script '/home/isarlab/ros2_humble/src/ros2_unreal_interface/install/ros2_unreal_interface/share/ros2_unreal_interface/package.ps1'
[1.199s] INFO:colcon.colcon_core.shell:Creating package descriptor '/home/isarlab/ros2_humble/src/ros2_unreal_interface/install/ros2_unreal_interface/share/ros2_unreal_interface/package.dsv'
[1.200s] INFO:colcon.colcon_core.shell:Creating package script '/home/isarlab/ros2_humble/src/ros2_unreal_interface/install/ros2_unreal_interface/share/ros2_unreal_interface/package.sh'
[1.200s] INFO:colcon.colcon_core.shell:Creating package script '/home/isarlab/ros2_humble/src/ros2_unreal_interface/install/ros2_unreal_interface/share/ros2_unreal_interface/package.bash'
[1.201s] INFO:colcon.colcon_core.shell:Creating package script '/home/isarlab/ros2_humble/src/ros2_unreal_interface/install/ros2_unreal_interface/share/ros2_unreal_interface/package.zsh'
[1.202s] Level 1:colcon.colcon_core.environment:create_file_with_runtime_dependencies(/home/isarlab/ros2_humble/src/ros2_unreal_interface/install/ros2_unreal_interface/share/colcon-core/packages/ros2_unreal_interface)
[1.202s] DEBUG:colcon.colcon_parallel_executor.executor.parallel:closing loop
[1.203s] DEBUG:colcon.colcon_parallel_executor.executor.parallel:loop closed
[1.203s] DEBUG:colcon.colcon_parallel_executor.executor.parallel:run_until_complete finished with '0'
[1.203s] DEBUG:colcon.colcon_core.event_reactor:joining thread
[1.234s] INFO:colcon.colcon_core.plugin_system:Skipping extension 'colcon_notification.desktop_notification.notify_send': Could not find 'notify-send'
[1.234s] INFO:colcon.colcon_core.plugin_system:Skipping extension 'colcon_notification.desktop_notification.terminal_notifier': Not used on non-Darwin systems
[1.234s] INFO:colcon.colcon_core.plugin_system:Skipping extension 'colcon_notification.desktop_notification.win32': Not used on non-Windows systems
[1.234s] INFO:colcon.colcon_notification.desktop_notification:Sending desktop notification using 'notify2'
[1.235s] DEBUG:colcon.colcon_notification.desktop_notification.notify2:Failed to initialize notify2: org.freedesktop.DBus.Error.FileNotFound: Failed to connect to socket /run/user/1000/bus: No such file or directory
[1.235s] DEBUG:colcon.colcon_core.event_reactor:joined thread
[1.235s] INFO:colcon.colcon_core.shell:Creating prefix script '/home/isarlab/ros2_humble/src/ros2_unreal_interface/install/local_setup.ps1'
[1.236s] INFO:colcon.colcon_core.shell:Creating prefix util module '/home/isarlab/ros2_humble/src/ros2_unreal_interface/install/_local_setup_util_ps1.py'
[1.237s] INFO:colcon.colcon_core.shell:Creating prefix chain script '/home/isarlab/ros2_humble/src/ros2_unreal_interface/install/setup.ps1'
[1.239s] INFO:colcon.colcon_core.shell:Creating prefix script '/home/isarlab/ros2_humble/src/ros2_unreal_interface/install/local_setup.sh'
[1.239s] INFO:colcon.colcon_core.shell:Creating prefix util module '/home/isarlab/ros2_humble/src/ros2_unreal_interface/install/_local_setup_util_sh.py'
[1.240s] INFO:colcon.colcon_core.shell:Creating prefix chain script '/home/isarlab/ros2_humble/src/ros2_unreal_interface/install/setup.sh'
[1.241s] INFO:colcon.colcon_core.shell:Creating prefix script '/home/isarlab/ros2_humble/src/ros2_unreal_interface/install/local_setup.bash'
[1.241s] INFO:colcon.colcon_core.shell:Creating prefix chain script '/home/isarlab/ros2_humble/src/ros2_unreal_interface/install/setup.bash'
[1.243s] INFO:colcon.colcon_core.shell:Creating prefix script '/home/isarlab/ros2_humble/src/ros2_unreal_interface/install/local_setup.zsh'
[1.243s] INFO:colcon.colcon_core.shell:Creating prefix chain script '/home/isarlab/ros2_humble/src/ros2_unreal_interface/install/setup.zsh'
